Component: Arm Compiler for Embedded 6.20 Tool: armlink [5e9ad600]

==============================================================================

Section Cross References

    startup_stm32g474xx.o(STACK) refers (Special) to heapauxi.o(.text) for __use_two_region_memory
    startup_stm32g474xx.o(HEAP) refers (Special) to heapauxi.o(.text) for __use_two_region_memory
    startup_stm32g474xx.o(RESET) refers (Special) to heapauxi.o(.text) for __use_two_region_memory
    startup_stm32g474xx.o(RESET) refers to startup_stm32g474xx.o(STACK) for __initial_sp
    startup_stm32g474xx.o(RESET) refers to startup_stm32g474xx.o(.text) for Reset_Handler
    startup_stm32g474xx.o(RESET) refers to lto-llvm-a8338c.o(.text.NMI_Handler) for NMI_Handler
    startup_stm32g474xx.o(RESET) refers to lto-llvm-a8338c.o(.text.HardFault_Handler) for HardFault_Handler
    startup_stm32g474xx.o(RESET) refers to lto-llvm-a8338c.o(.text.MemManage_Handler) for MemManage_Handler
    startup_stm32g474xx.o(RESET) refers to lto-llvm-a8338c.o(.text.BusFault_Handler) for BusFault_Handler
    startup_stm32g474xx.o(RESET) refers to lto-llvm-a8338c.o(.text.UsageFault_Handler) for UsageFault_Handler
    startup_stm32g474xx.o(RESET) refers to lto-llvm-a8338c.o(.text.SVC_Handler) for SVC_Handler
    startup_stm32g474xx.o(RESET) refers to lto-llvm-a8338c.o(.text.DebugMon_Handler) for DebugMon_Handler
    startup_stm32g474xx.o(RESET) refers to lto-llvm-a8338c.o(.text.PendSV_Handler) for PendSV_Handler
    startup_stm32g474xx.o(RESET) refers to lto-llvm-a8338c.o(.text.SysTick_Handler) for SysTick_Handler
    startup_stm32g474xx.o(RESET) refers to lto-llvm-a8338c.o(.text.DMA1_Channel1_IRQHandler) for DMA1_Channel1_IRQHandler
    startup_stm32g474xx.o(RESET) refers to lto-llvm-a8338c.o(.text.DMA1_Channel2_IRQHandler) for DMA1_Channel2_IRQHandler
    startup_stm32g474xx.o(RESET) refers to lto-llvm-a8338c.o(.text.DMA1_Channel3_IRQHandler) for DMA1_Channel3_IRQHandler
    startup_stm32g474xx.o(RESET) refers to lto-llvm-a8338c.o(.text.DMA1_Channel4_IRQHandler) for DMA1_Channel4_IRQHandler
    startup_stm32g474xx.o(RESET) refers to lto-llvm-a8338c.o(.text.DMA1_Channel5_IRQHandler) for DMA1_Channel5_IRQHandler
    startup_stm32g474xx.o(RESET) refers to lto-llvm-a8338c.o(.text.DMA1_Channel6_IRQHandler) for DMA1_Channel6_IRQHandler
    startup_stm32g474xx.o(RESET) refers to lto-llvm-a8338c.o(.text.FDCAN1_IT0_IRQHandler) for FDCAN1_IT0_IRQHandler
    startup_stm32g474xx.o(RESET) refers to lto-llvm-a8338c.o(.text.FDCAN1_IT1_IRQHandler) for FDCAN1_IT1_IRQHandler
    startup_stm32g474xx.o(RESET) refers to lto-llvm-a8338c.o(.text.USART1_IRQHandler) for USART1_IRQHandler
    startup_stm32g474xx.o(RESET) refers to lto-llvm-a8338c.o(.text.UART4_IRQHandler) for UART4_IRQHandler
    startup_stm32g474xx.o(RESET) refers to lto-llvm-a8338c.o(.text.FDCAN2_IT0_IRQHandler) for FDCAN2_IT0_IRQHandler
    startup_stm32g474xx.o(RESET) refers to lto-llvm-a8338c.o(.text.FDCAN2_IT1_IRQHandler) for FDCAN2_IT1_IRQHandler
    startup_stm32g474xx.o(RESET) refers to lto-llvm-a8338c.o(.text.FDCAN3_IT0_IRQHandler) for FDCAN3_IT0_IRQHandler
    startup_stm32g474xx.o(RESET) refers to lto-llvm-a8338c.o(.text.FDCAN3_IT1_IRQHandler) for FDCAN3_IT1_IRQHandler
    startup_stm32g474xx.o(RESET) refers to lto-llvm-a8338c.o(.text.LPUART1_IRQHandler) for LPUART1_IRQHandler
    startup_stm32g474xx.o(.text) refers (Special) to heapauxi.o(.text) for __use_two_region_memory
    startup_stm32g474xx.o(.text) refers to lto-llvm-a8338c.o(.text.SystemInit) for SystemInit
    startup_stm32g474xx.o(.text) refers to __main.o(!!!main) for __main
    startup_stm32g474xx.o(.text) refers to startup_stm32g474xx.o(HEAP) for Heap_Mem
    startup_stm32g474xx.o(.text) refers to startup_stm32g474xx.o(STACK) for Stack_Mem
    malloc.o(.text) refers (Special) to hguard.o(.text) for __heap$guard
    malloc.o(.text) refers (Special) to init_alloc.o(.text) for _init_alloc
    malloc.o(.text) refers to rt_heap_descriptor_intlibspace.o(.text) for __rt_heap_descriptor
    malloc.o(.text) refers to heapstubs.o(.text) for __Heap_Alloc
    free.o(.text) refers (Special) to hguard.o(.text) for __heap$guard
    free.o(.text) refers to rt_heap_descriptor_intlibspace.o(.text) for __rt_heap_descriptor
    free.o(.text) refers to heapstubs.o(.text) for __Heap_Free
    realloc.o(.text) refers (Special) to hguard.o(.text) for __heap$guard
    realloc.o(.text) refers to rt_heap_descriptor_intlibspace.o(.text) for __rt_heap_descriptor
    realloc.o(.text) refers to heapstubs.o(.text) for __Heap_Realloc
    realloc.o(.text) refers to h1_free.o(.text) for free
    realloc.o(.text) refers to h1_alloc.o(.text) for malloc
    calloc.o(.text) refers to h1_alloc.o(.text) for malloc
    calloc.o(.text) refers to rt_memclr.o(.text) for __aeabi_memclr
    h1_alloc.o(.text) refers (Special) to h1_init.o(.text) for __Heap_Initialize
    h1_alloc.o(.text) refers to rt_heap_descriptor_intlibspace.o(.text) for __rt_heap_descriptor
[...]
    SPI3_IRQHandler                          0x08000347   Thumb Code     0  startup_stm32g474xx.o(.text)
    SPI4_IRQHandler                          0x08000347   Thumb Code     0  startup_stm32g474xx.o(.text)
    TIM1_BRK_TIM15_IRQHandler                0x08000347   Thumb Code     0  startup_stm32g474xx.o(.text)
    TIM1_CC_IRQHandler                       0x08000347   Thumb Code     0  startup_stm32g474xx.o(.text)
    TIM1_TRG_COM_TIM17_IRQHandler            0x08000347   Thumb Code     0  startup_stm32g474xx.o(.text)
    TIM1_UP_TIM16_IRQHandler                 0x08000347   Thumb Code     0  startup_stm32g474xx.o(.text)
    TIM20_BRK_IRQHandler                     0x08000347   Thumb Code     0  startup_stm32g474xx.o(.text)
    TIM20_CC_IRQHandler                      0x08000347   Thumb Code     0  startup_stm32g474xx.o(.text)
    TIM20_TRG_COM_IRQHandler                 0x08000347   Thumb Code     0  startup_stm32g474xx.o(.text)
    TIM20_UP_IRQHandler                      0x08000347   Thumb Code     0  startup_stm32g474xx.o(.text)
    TIM2_IRQHandler                          0x08000347   Thumb Code     0  startup_stm32g474xx.o(.text)
    TIM3_IRQHandler                          0x08000347   Thumb Code     0  startup_stm32g474xx.o(.text)
    TIM4_IRQHandler                          0x08000347   Thumb Code     0  startup_stm32g474xx.o(.text)
    TIM5_IRQHandler                          0x08000347   Thumb Code     0  startup_stm32g474xx.o(.text)
    TIM6_DAC_IRQHandler                      0x08000347   Thumb Code     0  startup_stm32g474xx.o(.text)
    TIM7_DAC_IRQHandler                      0x08000347   Thumb Code     0  startup_stm32g474xx.o(.text)
    TIM8_BRK_IRQHandler                      0x08000347   Thumb Code     0  startup_stm32g474xx.o(.text)
    TIM8_CC_IRQHandler                       0x08000347   Thumb Code     0  startup_stm32g474xx.o(.text)
    TIM8_TRG_COM_IRQHandler                  0x08000347   Thumb Code     0  startup_stm32g474xx.o(.text)
    TIM8_UP_IRQHandler                       0x08000347   Thumb Code     0  startup_stm32g474xx.o(.text)
    UART5_IRQHandler                         0x08000347   Thumb Code     0  startup_stm32g474xx.o(.text)
    UCPD1_IRQHandler                         0x08000347   Thumb Code     0  startup_stm32g474xx.o(.text)
    USART2_IRQHandler                        0x08000347   Thumb Code     0  startup_stm32g474xx.o(.text)
    USART3_IRQHandler                        0x08000347   Thumb Code     0  startup_stm32g474xx.o(.text)
    USBWakeUp_IRQHandler                     0x08000347   Thumb Code     0  startup_stm32g474xx.o(.text)
    USB_HP_IRQHandler                        0x08000347   Thumb Code     0  startup_stm32g474xx.o(.text)
    USB_LP_IRQHandler                        0x08000347   Thumb Code     0  startup_stm32g474xx.o(.text)
    WWDG_IRQHandler                          0x08000347   Thumb Code     0  startup_stm32g474xx.o(.text)
    __user_initial_stackheap                 0x08000349   Thumb Code     0  startup_stm32g474xx.o(.text)
    calloc                                   0x0800036d   Thumb Code    40  calloc.o(.text)
    malloc                                   0x08000395   Thumb Code    94  h1_alloc.o(.text)
    free                                     0x080003f3   Thumb Code    78  h1_free.o(.text)
    fprintf                                  0x08000441   Thumb Code    20  fprintf.o(.text)
    strlen                                   0x08000455   Thumb Code    62  strlen.o(.text)
    __use_two_region_memory                  0x08000493   Thumb Code     2  heapauxi.o(.text)
    __rt_heap_escrow                         0x08000495   Thumb Code     2  heapauxi.o(.text)
    __rt_heap_expand                         0x08000497   Thumb Code     2  heapauxi.o(.text)
    __rt_heap_descriptor                     0x08000499   Thumb Code     8  rt_heap_descriptor_intlibspace.o(.text)
    __use_no_heap                            0x080004a1   Thumb Code     2  hguard.o(.text)
    __heap$guard                             0x080004a3   Thumb Code     2  hguard.o(.text)
    _terminate_user_alloc                    0x080004a5   Thumb Code     2  init_alloc.o(.text)
    _init_user_alloc                         0x080004a7   Thumb Code     2  init_alloc.o(.text)
    __Heap_Full                              0x080004a9   Thumb Code    34  init_alloc.o(.text)
    __Heap_Broken                            0x080004cb   Thumb Code     6  init_alloc.o(.text)
    _init_alloc                              0x080004d1   Thumb Code    94  init_alloc.o(.text)
    __Heap_Initialize                        0x0800052f   Thumb Code     8  h1_init.o(.text)
    __Heap_DescSize                          0x08000537   Thumb Code     4  h1_init.o(.text)
    _printf_pre_padding                      0x0800053b   Thumb Code    44  _printf_pad.o(.text)
    _printf_post_padding                     0x08000567   Thumb Code    34  _printf_pad.o(.text)
    _printf_truncate_signed                  0x08000589   Thumb Code    18  _printf_truncate.o(.text)
    _printf_truncate_unsigned                0x0800059b   Thumb Code    18  _printf_truncate.o(.text)
    _printf_str                              0x080005ad   Thumb Code    82  _printf_str.o(.text)
    _printf_int_dec                          0x08000601   Thumb Code   104  _printf_dec.o(.text)
    _printf_charcount                        0x08000679   Thumb Code    40  _printf_charcount.o(.text)
    _printf_char_common                      0x080006ab   Thumb Code    32  _printf_char_common.o(.text)
    _printf_char_file                        0x080006d1   Thumb Code    32  _printf_char_file.o(.text)
    _printf_wctomb                           0x080006f5   Thumb Code   182  _printf_wctomb.o(.text)
    _printf_longlong_dec                     0x080007b1   Thumb Code   108  _printf_longlong_dec.o(.text)
    _printf_longlong_oct                     0x0800082d   Thumb Code    68  _printf_oct_int_ll.o(.text)
    _printf_int_oct                          0x08000871   Thumb Code    24  _printf_oct_int_ll.o(.text)
    _printf_ll_oct                           0x08000889   Thumb Code    12  _printf_oct_int_ll.o(.text)
    _printf_longlong_hex                     0x0800089d   Thumb Code    86  _printf_hex_int_ll_ptr.o(.text)
    _printf_int_hex                          0x080008f3   Thumb Code    28  _printf_hex_int_ll_ptr.o(.text)
    _printf_ll_hex                           0x0800090f   Thumb Code    12  _printf_hex_int_ll_ptr.o(.text)
    _printf_hex_ptr                          0x0800091b   Thumb Code    18  _printf_hex_int_ll_ptr.o(.text)
    __printf                                 0x08000931   Thumb Code   388  __printf_flags_ss_wp.o(.text)
    _sgetc                                   0x08000ab9   Thumb Code    30  _sgetc.o(.text)
    _sbackspace                              0x08000ad7   Thumb Code    34  _sgetc.o(.text)
    __strtof_int                             0x08000af9   Thumb Code     8  strtof.o(.text)
    __aeabi_memcpy4                          0x08000b01   Thumb Code     0  rt_memcpy_w.o(.text)
    __aeabi_memcpy8                          0x08000b01   Thumb Code     0  rt_memcpy_w.o(.text)
    __rt_memcpy_w                            0x08000b01   Thumb Code   100  rt_memcpy_w.o(.text)
    _memcpy_lastbytes_aligned                0x08000b49   Thumb Code     0  rt_memcpy_w.o(.text)
    __aeabi_memclr                           0x08000b65   Thumb Code     0  rt_memclr.o(.text)
    __rt_memclr                              0x08000b65   Thumb Code     0  rt_memclr.o(.text)
    _memset                                  0x08000b69   Thumb Code    64  rt_memclr.o(.text)
    __user_libspace                          0x08000ba9   Thumb Code     8  libspace.o(.text)
    __user_perproc_libspace                  0x08000ba9   Thumb Code     0  libspace.o(.text)
    __user_perthread_libspace                0x08000ba9   Thumb Code     0  libspace.o(.text)
    __Heap_ProvideMemory                     0x08000bb1   Thumb Code    52  h1_extend.o(.text)
    _maybe_terminate_alloc                   0x08000bb1   Thumb Code     0  maybetermalloc1.o(.text)
    _ll_udiv10                               0x08000be5   Thumb Code   138  lludiv10.o(.text)
    isspace                                  0x08000c6f   Thumb Code    18  isspace.o(.text)
    _printf_int_common                       0x08000c81   Thumb Code   178  _printf_intcommon.o(.text)
    _printf_fp_dec_real                      0x08000ee3   Thumb Code   620  _printf_fp_dec.o(.text)
    _printf_fp_hex_real                      0x08001151   Thumb Code   756  _printf_fp_hex.o(.text)
    _printf_cs_common                        0x0800144d   Thumb Code    20  _printf_char.o(.text)
    _printf_char                             0x08001461   Thumb Code    16  _printf_char.o(.text)
    _printf_string                           0x08001471   Thumb Code     8  _printf_char.o(.text)
    _printf_lcs_common                       0x08001479   Thumb Code    20  _printf_wchar.o(.text)
    _printf_wchar                            0x0800148d   Thumb Code    16  _printf_wchar.o(.text)
    _printf_wstring                          0x0800149d   Thumb Code     8  _printf_wchar.o(.text)
    _chval                                   0x080014a5   Thumb Code    28  _chval.o(.text)
    _scanf_really_real                       0x0800170d   Thumb Code   684  scanf_fp.o(.text)
    __strtod_int                             0x080019fd   Thumb Code    94  strtod.o(.text)
    ferror                                   0x08001a69   Thumb Code     8  ferror.o(.text)
    _c16rtomb                                0x08001a71   Thumb Code    72  _c16rtomb.o(.text)
    _wcrtomb                                 0x08001a71   Thumb Code     0  _c16rtomb.o(.text)
    __rt_SIGRTMEM                            0x08001ab9   Thumb Code    14  defsig_rtmem_outer.o(.text)
    __aeabi_memclr4                          0x08001ac7   Thumb Code     0  rt_memclr_w.o(.text)
    __aeabi_memclr8                          0x08001ac7   Thumb Code     0  rt_memclr_w.o(.text)
    __rt_memclr_w                            0x08001ac7   Thumb Code     0  rt_memclr_w.o(.text)
    _memset_w                                0x08001acb   Thumb Code    74  rt_memclr_w.o(.text)
    __I$use$semihosting                      0x08001b15   Thumb Code     0  use_no_semi.o(.text)
    __use_no_semihosting_swi                 0x08001b15   Thumb Code     2  use_no_semi.o(.text)
    __semihosting_library_function           0x08001b17   Thumb Code     0  indicate_semi.o(.text)
    __user_setup_stackheap                   0x08001b17   Thumb Code    74  sys_stackheap_outer.o(.text)
    __rt_ctype_table                         0x08001b61   Thumb Code    16  rt_ctype_table.o(.text)
    __rt_locale                              0x08001b71   Thumb Code     8  rt_locale_intlibspace.o(.text)
    __aeabi_errno_addr                       0x08001b79   Thumb Code     8  rt_errno_addr_intlibspace.o(.text)
    __errno$intlibspace                      0x08001b79   Thumb Code     0  rt_errno_addr_intlibspace.o(.text)
    __rt_errno_addr$intlibspace              0x08001b79   Thumb Code     0  rt_errno_addr_intlibspace.o(.text)
    __aeabi_llsl                             0x08001b81   Thumb Code     0  llshl.o(.text)
    _ll_shift_l                              0x08001b81   Thumb Code    38  llshl.o(.text)
    _printf_fp_infnan                        0x08001ba9   Thumb Code   112  _printf_fp_infnan.o(.text)
    _btod_etento                             0x08001c29   Thumb Code   224  bigflt0.o(.text)
    exit                                     0x08001d0d   Thumb Code    18  exit.o(.text)
    __sig_exit                               0x08001d1f   Thumb Code    10  defsig_exit.o(.text)
    __rt_SIGRTMEM_inner                      0x08001d29   Thumb Code    22  defsig_rtmem_inner.o(.text)
    __read_errno                             0x08001d79   Thumb Code    10  _rserrno.o(.text)
    __set_errno                              0x08001d83   Thumb Code    12  _rserrno.o(.text)
    _scanf_really_hex_real                   0x08001d91   Thumb Code   786  scanf_hexfp.o(.text)
    _scanf_really_infnan                     0x080020b1   Thumb Code   292  scanf_infnan.o(.text)
    __default_signal_display                 0x080021e5   Thumb Code    50  defsig_general.o(.text)
    strcmp                                   0x08002219   Thumb Code   124  strcmpv7em.o(.text)
    _ttywrch                                 0x08002295   Thumb Code    14  sys_wrch.o(.text)
    __aeabi_uldivmod                         0x080022a3   Thumb Code     0  lludivv7m.o(.text)
    _ll_udiv                                 0x080022a3   Thumb Code   240  lludivv7m.o(.text)
    __aeabi_memcpy                           0x08002393   Thumb Code     0  rt_memcpy_v6.o(.text)
    __rt_memcpy                              0x08002393   Thumb Code   138  rt_memcpy_v6.o(.text)
    _memcpy_lastbytes                        0x080023f9   Thumb Code     0  rt_memcpy_v6.o(.text)
    __aeabi_memset4                          0x0800241d   Thumb Code    16  aeabi_memset4.o(.text)
    __aeabi_memset8                          0x0800241d   Thumb Code     0  aeabi_memset4.o(.text)
    BusFault_Handler                         0x0800242d   Thumb Code     4  lto-llvm-a8338c.o(.text.BusFault_Handler)
    DMA1_Channel1_IRQHandler                 0x08002431   Thumb Code    16  lto-llvm-a8338c.o(.text.DMA1_Channel1_IRQHandler)
    DMA1_Channel2_IRQHandler                 0x08002441   Thumb Code    16  lto-llvm-a8338c.o(.text.DMA1_Channel2_IRQHandler)
    DMA1_Channel3_IRQHandler                 0x08002451   Thumb Code    16  lto-llvm-a8338c.o(.text.DMA1_Channel3_IRQHandler)
    DMA1_Channel4_IRQHandler                 0x08002461   Thumb Code    16  lto-llvm-a8338c.o(.text.DMA1_Channel4_IRQHandler)
    DMA1_Channel5_IRQHandler                 0x08002471   Thumb Code    16  lto-llvm-a8338c.o(.text.DMA1_Channel5_IRQHandler)
    DMA1_Channel6_IRQHandler                 0x08002481   Thumb Code    16  lto-llvm-a8338c.o(.text.DMA1_Channel6_IRQHandler)
    DebugMon_Handler                         0x080025d5   Thumb Code     2  lto-llvm-a8338c.o(.text.DebugMon_Handler)
    FDCAN1_IT0_IRQHandler                    0x080025e9   Thumb Code    16  lto-llvm-a8338c.o(.text.FDCAN1_IT0_IRQHandler)
    FDCAN1_IT1_IRQHandler                    0x080025f9   Thumb Code    16  lto-llvm-a8338c.o(.text.FDCAN1_IT1_IRQHandler)
    FDCAN2_IT0_IRQHandler                    0x08002609   Thumb Code    16  lto-llvm-a8338c.o(.text.FDCAN2_IT0_IRQHandler)
    FDCAN2_IT1_IRQHandler                    0x08002619   Thumb Code    16  lto-llvm-a8338c.o(.text.FDCAN2_IT1_IRQHandler)
    FDCAN3_IT0_IRQHandler                    0x08002629   Thumb Code    16  lto-llvm-a8338c.o(.text.FDCAN3_IT0_IRQHandler)
    FDCAN3_IT1_IRQHandler                    0x08002639   Thumb Code    16  lto-llvm-a8338c.o(.text.FDCAN3_IT1_IRQHandler)
    HardFault_Handler                        0x08006579   Thumb Code     4  lto-llvm-a8338c.o(.text.HardFault_Handler)
    LPUART1_IRQHandler                       0x080065a1   Thumb Code    72  lto-llvm-a8338c.o(.text.LPUART1_IRQHandler)
    MemManage_Handler                        0x08006e9d   Thumb Code     4  lto-llvm-a8338c.o(.text.MemManage_Handler)
    NMI_Handler                              0x08006ea1   Thumb Code     4  lto-llvm-a8338c.o(.text.NMI_Handler)
    PendSV_Handler                           0x08006f11   Thumb Code   100  lto-llvm-a8338c.o(.text.PendSV_Handler)
    SVC_Handler                              0x08007011   Thumb Code    36  lto-llvm-a8338c.o(.text.SVC_Handler)
    SysTick_Handler                          0x08007089   Thumb Code    24  lto-llvm-a8338c.o(.text.SysTick_Handler)
    SystemInit                               0x08007115   Thumb Code    18  lto-llvm-a8338c.o(.text.SystemInit)
    UART4_IRQHandler                         0x08007129   Thumb Code    72  lto-llvm-a8338c.o(.text.UART4_IRQHandler)
    USART1_IRQHandler                        0x08008049   Thumb Code    72  lto-llvm-a8338c.o(.text.USART1_IRQHandler)
    UsageFault_Handler                       0x08008091   Thumb Code     4  lto-llvm-a8338c.o(.text.UsageFault_Handler)
    _sys_exit                                0x080081a1   Thumb Code    14  lto-llvm-a8338c.o(.text._sys_exit)
    fputc                                    0x08008829   Thumb Code    68  lto-llvm-a8338c.o(.text.fputc)
    main                                     0x08008a29   Thumb Code    62  lto-llvm-a8338c.o(.text.main)
    vTaskSwitchContext                       0x0800b159   Thumb Code   204  lto-llvm-a8338c.o(.text.vTaskSwitchContext)
    _btod_d2e                                0x0800c2d7   Thumb Code    62  btod.o(CL$$btod_d2e)
    _d2e_denorm_low                          0x0800c315   Thumb Code    70  btod.o(CL$$btod_d2e_denorm_low)
    _d2e_norm_op1                            0x0800c35b   Thumb Code    96  btod.o(CL$$btod_d2e_norm_op1)
    __btod_div_common                        0x0800c3bd   Thumb Code   696  btod.o(CL$$btod_div_common)
    _e2d                                     0x0800c6f5   Thumb Code   122  btod.o(CL$$btod_e2d)
    _e2e                                     0x0800c779   Thumb Code   220  btod.o(CL$$btod_e2e)
    _btod_ediv                               0x0800c855   Thumb Code    42  btod.o(CL$$btod_ediv)
    _btod_edivd                              0x0800c87f   Thumb Code    42  btod.o(CL$$btod_edivd)
    _btod_emul                               0x0800c8a9   Thumb Code    42  btod.o(CL$$btod_emul)
    _btod_emuld                              0x0800c8d3   Thumb Code    42  btod.o(CL$$btod_emuld)
    __btod_mult_common                       0x0800c8fd   Thumb Code   580  btod.o(CL$$btod_mult_common)
    __ARM_fpclassify                         0x0800cb41   Thumb Code    48  fpclassify.o(i.__ARM_fpclassify)
    __hardfp___mathlib_tofloat               0x0800cb71   Thumb Code   232  narrow.o(i.__hardfp___mathlib_tofloat)
    __hardfp_ldexp                           0x0800cc69   Thumb Code   200  ldexp.o(i.__hardfp_ldexp)
    __hardfp_strtof                          0x0800cd39   Thumb Code    26  strtof.o(i.__hardfp_strtof)
    __mathlib_dbl_overflow                   0x0800cd59   Thumb Code    24  dunder.o(i.__mathlib_dbl_overflow)
    __mathlib_dbl_underflow                  0x0800cd79   Thumb Code    24  dunder.o(i.__mathlib_dbl_underflow)
    __mathlib_narrow                         0x0800cd99   Thumb Code    18  narrow.o(i.__mathlib_narrow)
    __support_ldexp                          0x0800cdab   Thumb Code    20  ldexp.o(i.__support_ldexp)
    _is_digit                                0x0800cdbf   Thumb Code    14  __printf_wp.o(i._is_digit)
    frexp                                    0x0800cdd1   Thumb Code   118  frexp.o(i.frexp)
    _get_lc_numeric                          0x0800ce5d   Thumb Code    44  lc_numeric_c.o(locale$$code)
    _get_lc_ctype                            0x0800ce89   Thumb Code    44  lc_ctype_c.o(locale$$code)
    __aeabi_d2f                              0x0800ceb5   Thumb Code     0  d2f.o(x$fpl$d2f)
    _d2f                                     0x0800ceb5   Thumb Code    98  d2f.o(x$fpl$d2f)
    __fpl_dcheck_NaN1                        0x0800cf19   Thumb Code    10  dcheck1.o(x$fpl$dcheck1)
    __fpl_dcmp_Inf                           0x0800cf29   Thumb Code    24  dcmpi.o(x$fpl$dcmpinf)
    __aeabi_cdcmpeq                          0x0800cf41   Thumb Code     0  deqf.o(x$fpl$deqf)
    _dcmpeq                                  0x0800cf41   Thumb Code   120  deqf.o(x$fpl$deqf)
    __aeabi_cdcmple                          0x0800cfb9   Thumb Code     0  dleqf.o(x$fpl$dleqf)
    _dcmple                                  0x0800cfb9   Thumb Code   120  dleqf.o(x$fpl$dleqf)
    __fpl_dcmple_InfNaN                      0x0800d01b   Thumb Code     0  dleqf.o(x$fpl$dleqf)
    __aeabi_dmul                             0x0800d031   Thumb Code     0  dmul.o(x$fpl$dmul)
    _dmul                                    0x0800d031   Thumb Code   332  dmul.o(x$fpl$dmul)
    __fpl_dnaninf                            0x0800d185   Thumb Code   156  dnaninf.o(x$fpl$dnaninf)
    __fpl_dretinf                            0x0800d221   Thumb Code    12  dretinf.o(x$fpl$dretinf)
    __aeabi_cdrcmple                         0x0800d22d   Thumb Code     0  drleqf.o(x$fpl$drleqf)
    _drcmple                                 0x0800d22d   Thumb Code   108  drleqf.o(x$fpl$drleqf)
    _fp_init                                 0x0800d299   Thumb Code    26  fpinit.o(x$fpl$fpinit)
    __fplib_config_fpu_vfp                   0x0800d2b1   Thumb Code     0  fpinit.o(x$fpl$fpinit)
    __fplib_config_pureend_doubles           0x0800d2b1   Thumb Code     0  fpinit.o(x$fpl$fpinit)
    __fpl_fretinf                            0x0800d2b3   Thumb Code    10  fretinf.o(x$fpl$fretinf)
    __ieee_status                            0x0800d2bd   Thumb Code     6  istatus.o(x$fpl$ieeestatus)
    _printf_fp_dec                           0x0800d2c3   Thumb Code     4  printf1.o(x$fpl$printf1)
    _printf_fp_hex                           0x0800d2c7   Thumb Code     4  printf2.o(x$fpl$printf2)
    __fpl_return_NaN                         0x0800d2cb   Thumb Code   100  retnan.o(x$fpl$retnan)
    __ARM_scalbn                             0x0800d32f   Thumb Code    92  scalbn.o(x$fpl$scalbn)
    _scanf_real                              0x0800d38b   Thumb Code     4  scanf1.o(x$fpl$scanf1)
    _scanf_hex_real                          0x0800d38f   Thumb Code     4  scanf2.o(x$fpl$scanf2)
    _scanf_infnan                            0x0800d393   Thumb Code     4  scanf2.o(x$fpl$scanf2)
    __fpl_cmpreturn                          0x0800d397   Thumb Code    48  trapv.o(x$fpl$trapveneer)
    __I$use$fp                               0x0800d3c6   Number         0  usenofp.o(x$fpl$usenofp)
    Region$$Table$$Base                      0x0800d674   Number         0  anon$$obj.o(Region$$Table)
    Region$$Table$$Limit                     0x0800d694   Number         0  anon$$obj.o(Region$$Table)
    __aeabi_HUGE_VAL                         0x0800d694   Data           0  fpconst.o(c$$dinf)
    __aeabi_HUGE_VALL                        0x0800d694   Data           0  fpconst.o(c$$dinf)
    __aeabi_INFINITY                         0x0800d694   Data           0  fpconst.o(c$$dinf)
    __dInf                                   0x0800d694   Data           0  fpconst.o(c$$dinf)
    __huge_val                               0x0800d694   Data           0  fpconst.o(c$$dinf)
    __dbl_max                                0x0800d69c   Data           0  fpconst.o(c$$dmax)
    __ctype                                  0x0800d6cd   Data           0  lc_ctype_c.o(locale$$data)
    __libspace_start                         0x20000078   Data          96  libspace.o(.bss)
    __temporary_stack_top$libspace           0x200000d8   Data           0  libspace.o(.bss)
    pxCurrentTCB                             0x20000870   Data           4  lto-llvm-a8338c.o(.bss.pxCurrentTCB)



==============================================================================

Memory Map of the image

  Image Entry point : 0x080001d9

  Load Region LR_IROM1 (Base: 0x08000000, Size: 0x0000d848, Max: 0x00080000, ABSOLUTE)

    Execution Region ER_IROM1 (Base: 0x08000000, Size: 0x0000d7d0, Max: 0x00080000, ABSOLUTE)

    Base Addr    Size         Type   Attr      Idx    E Section Name        Object

    0x08000000   0x000001d8   Data   RO           11    RESET               startup_stm32g474xx.o
    0x080001d8   0x00000008   Code   RO          140  * !!!main             c_w.l(__main.o)
    0x080001e0   0x00000034   Code   RO         1288    !!!scatter          c_w.l(__scatter.o)
    0x08000214   0x0000001a   Code   RO         1290    !!handler_copy      c_w.l(__scatter_copy.o)
    0x0800022e   0x00000002   PAD
    0x08000230   0x0000001c   Code   RO         1292    !!handler_zi        c_w.l(__scatter_zi.o)
    0x0800024c   0x00000000   Code   RO          257    .ARM.Collect$$_printf_percent$$00000000  c_w.l(_printf_percent.o)
    0x0800024c   0x00000006   Code   RO          246    .ARM.Collect$$_printf_percent$$00000001  c_w.l(_printf_n.o)
    0x08000252   0x00000006   Code   RO          248    .ARM.Collect$$_printf_percent$$00000002  c_w.l(_printf_p.o)
    0x08000258   0x00000006   Code   RO          253    .ARM.Collect$$_printf_percent$$00000003  c_w.l(_printf_f.o)
    0x0800025e   0x00000006   Code   RO          254    .ARM.Collect$$_printf_percent$$00000004  c_w.l(_printf_e.o)
    0x08000264   0x00000006   Code   RO          255    .ARM.Collect$$_printf_percent$$00000005  c_w.l(_printf_g.o)
    0x0800026a   0x00000006   Code   RO          256    .ARM.Collect$$_printf_percent$$00000006  c_w.l(_printf_a.o)
    0x08000270   0x0000000a   Code   RO          261    .ARM.Collect$$_printf_percent$$00000007  c_w.l(_printf_ll.o)
    0x0800027a   0x00000006   Code   RO          250    .ARM.Collect$$_printf_percent$$00000008  c_w.l(_printf_i.o)
    0x08000280   0x00000006   Code   RO          251    .ARM.Collect$$_printf_percent$$00000009  c_w.l(_printf_d.o)
    0x08000286   0x00000006   Code   RO          252    .ARM.Collect$$_printf_percent$$0000000A  c_w.l(_printf_u.o)
    0x0800028c   0x00000006   Code   RO          249    .ARM.Collect$$_printf_percent$$0000000B  c_w.l(_printf_o.o)
    0x08000292   0x00000006   Code   RO          247    .ARM.Collect$$_printf_percent$$0000000C  c_w.l(_printf_x.o)
    0x08000298   0x00000006   Code   RO          258    .ARM.Collect$$_printf_percent$$0000000D  c_w.l(_printf_lli.o)
    0x0800029e   0x00000006   Code   RO          259    .ARM.Collect$$_printf_percent$$0000000E  c_w.l(_printf_lld.o)
    0x080002a4   0x00000006   Code   RO          260    .ARM.Collect$$_printf_percent$$0000000F  c_w.l(_printf_llu.o)
    0x080002aa   0x00000006   Code   RO          265    .ARM.Collect$$_printf_percent$$00000010  c_w.l(_printf_llo.o)
    0x080002b0   0x00000006   Code   RO          266    .ARM.Collect$$_printf_percent$$00000011  c_w.l(_printf_llx.o)
    0x080002b6   0x0000000a   Code   RO          262    .ARM.Collect$$_printf_percent$$00000012  c_w.l(_printf_l.o)
    0x080002c0   0x00000006   Code   RO          244    .ARM.Collect$$_printf_percent$$00000013  c_w.l(_printf_c.o)
    0x080002c6   0x00000006   Code   RO          245    .ARM.Collect$$_printf_percent$$00000014  c_w.l(_printf_s.o)
    0x080002cc   0x00000006   Code   RO          263    .ARM.Collect$$_printf_percent$$00000015  c_w.l(_printf_lc.o)
    0x080002d2   0x00000006   Code   RO          264    .ARM.Collect$$_printf_percent$$00000016  c_w.l(_printf_ls.o)
    0x080002d8   0x00000004   Code   RO          398    .ARM.Collect$$_printf_percent$$00000017  c_w.l(_printf_percent_end.o)
    0x080002dc   0x00000002   Code   RO          505    .ARM.Collect$$libinit$$00000000  c_w.l(libinit.o)
    0x080002de   0x00000004   Code   RO          291    .ARM.Collect$$libinit$$00000001  c_w.l(libinit2.o)
    0x080002e2   0x00000000   Code   RO          294    .ARM.Collect$$libinit$$00000004  c_w.l(libinit2.o)
    0x080002e2   0x00000000   Code   RO          296    .ARM.Collect$$libinit$$00000006  c_w.l(libinit2.o)
    0x080002e2   0x00000008   Code   RO          297    .ARM.Collect$$libinit$$00000007  c_w.l(libinit2.o)
    0x080002ea   0x00000000   Code   RO          299    .ARM.Collect$$libinit$$0000000C  c_w.l(libinit2.o)
    0x080002ea   0x00000000   Code   RO          301    .ARM.Collect$$libinit$$0000000E  c_w.l(libinit2.o)
    0x080002ea   0x00000000   Code   RO          303    .ARM.Collect$$libinit$$00000010  c_w.l(libinit2.o)
    0x080002ea   0x00000006   Code   RO          304    .ARM.Collect$$libinit$$00000011  c_w.l(libinit2.o)
    0x080002f0   0x00000000   Code   RO          306    .ARM.Collect$$libinit$$00000013  c_w.l(libinit2.o)
    0x080002f0   0x0000000c   Code   RO          307    .ARM.Collect$$libinit$$00000014  c_w.l(libinit2.o)
    0x080002fc   0x00000000   Code   RO          308    .ARM.Collect$$libinit$$00000015  c_w.l(libinit2.o)
    0x080002fc   0x00000000   Code   RO          310    .ARM.Collect$$libinit$$00000017  c_w.l(libinit2.o)
    0x080002fc   0x0000000a   Code   RO          311    .ARM.Collect$$libinit$$00000018  c_w.l(libinit2.o)
    0x08000306   0x00000000   Code   RO          312    .ARM.Collect$$libinit$$00000019  c_w.l(libinit2.o)
    0x08000306   0x00000000   Code   RO          314    .ARM.Collect$$libinit$$0000001B  c_w.l(libinit2.o)
    0x08000306   0x00000000   Code   RO          316    .ARM.Collect$$libinit$$0000001D  c_w.l(libinit2.o)
    0x08000306   0x00000000   Code   RO          318    .ARM.Collect$$libinit$$0000001F  c_w.l(libinit2.o)
    0x08000306   0x00000000   Code   RO          320    .ARM.Collect$$libinit$$00000021  c_w.l(libinit2.o)
    0x08000306   0x00000000   Code   RO          322    .ARM.Collect$$libinit$$00000023  c_w.l(libinit2.o)
    0x08000306   0x00000000   Code   RO          324    .ARM.Collect$$libinit$$00000025  c_w.l(libinit2.o)
    0x08000306   0x00000000   Code   RO          326    .ARM.Collect$$libinit$$00000027  c_w.l(libinit2.o)
    0x08000306   0x00000000   Code   RO          330    .ARM.Collect$$libinit$$0000002E  c_w.l(libinit2.o)
    0x08000306   0x00000000   Code   RO          332    .ARM.Collect$$libinit$$00000030  c_w.l(libinit2.o)
    0x08000306   0x00000000   Code   RO          334    .ARM.Collect$$libinit$$00000032  c_w.l(libinit2.o)
    0x08000306   0x00000000   Code   RO          336    .ARM.Collect$$libinit$$00000034  c_w.l(libinit2.o)
    0x08000306   0x00000002   Code   RO          337    .ARM.Collect$$libinit$$00000035  c_w.l(libinit2.o)
    0x08000308   0x00000002   Code   RO          630    .ARM.Collect$$libshutdown$$00000000  c_w.l(libshutdown.o)
    0x0800030a   0x00000000   Code   RO          552    .ARM.Collect$$libshutdown$$00000002  c_w.l(libshutdown2.o)
    0x0800030a   0x00000000   Code   RO          554    .ARM.Collect$$libshutdown$$00000004  c_w.l(libshutdown2.o)
    0x0800030a   0x00000000   Code   RO          557    .ARM.Collect$$libshutdown$$00000007  c_w.l(libshutdown2.o)
    0x0800030a   0x00000000   Code   RO          560    .ARM.Collect$$libshutdown$$0000000A  c_w.l(libshutdown2.o)
    0x0800030a   0x00000000   Code   RO          562    .ARM.Collect$$libshutdown$$0000000C  c_w.l(libshutdown2.o)
    0x0800030a   0x00000000   Code   RO          565    .ARM.Collect$$libshutdown$$0000000F  c_w.l(libshutdown2.o)
    0x0800030a   0x00000002   Code   RO          566    .ARM.Collect$$libshutdown$$00000010  c_w.l(libshutdown2.o)
    0x0800030c   0x00000000   Code   RO          150    .ARM.Collect$$rtentry$$00000000  c_w.l(__rtentry.o)
    0x0800030c   0x00000000   Code   RO          357    .ARM.Collect$$rtentry$$00000002  c_w.l(__rtentry2.o)
    0x0800030c   0x00000006   Code   RO          369    .ARM.Collect$$rtentry$$00000004  c_w.l(__rtentry4.o)
    0x08000312   0x00000000   Code   RO          359    .ARM.Collect$$rtentry$$00000009  c_w.l(__rtentry2.o)
    0x08000312   0x00000004   Code   RO          360    .ARM.Collect$$rtentry$$0000000A  c_w.l(__rtentry2.o)
    0x08000316   0x00000000   Code   RO          362    .ARM.Collect$$rtentry$$0000000C  c_w.l(__rtentry2.o)
    0x08000316   0x00000008   Code   RO          363    .ARM.Collect$$rtentry$$0000000D  c_w.l(__rtentry2.o)
    0x0800031e   0x00000002   Code   RO          528    .ARM.Collect$$rtexit$$00000000  c_w.l(rtexit.o)
    0x08000320   0x00000000   Code   RO          584    .ARM.Collect$$rtexit$$00000002  c_w.l(rtexit2.o)
    0x08000320   0x00000004   Code   RO          585    .ARM.Collect$$rtexit$$00000003  c_w.l(rtexit2.o)
    0x08000324   0x00000006   Code   RO          586    .ARM.Collect$$rtexit$$00000004  c_w.l(rtexit2.o)
    0x0800032a   0x00000002   PAD
    0x0800032c   0x00000040   Code   RO           12    .text               startup_stm32g474xx.o
    0x0800036c   0x00000028   Code   RO           62    .text               c_w.l(calloc.o)
    0x08000394   0x0000005e   Code   RO           64    .text               c_w.l(h1_alloc.o)
    0x080003f2   0x0000004e   Code   RO           66    .text               c_w.l(h1_free.o)
    0x08000440   0x00000014   Code   RO          126    .text               c_w.l(fprintf.o)
    0x08000454   0x0000003e   Code   RO          136    .text               c_w.l(strlen.o)
    0x08000492   0x00000006   Code   RO          138    .text               c_w.l(heapauxi.o)
    0x08000498   0x00000008   Code   RO          154    .text               c_w.l(rt_heap_descriptor_intlibspace.o)
    0x080004a0   0x00000004   Code   RO          156    .text               c_w.l(hguard.o)
    0x080004a4   0x0000008a   Code   RO          158    .text               c_w.l(init_alloc.o)
    0x0800052e   0x0000000c   Code   RO          162    .text               c_w.l(h1_init.o)
    0x0800053a   0x0000004e   Code   RO          176    .text               c_w.l(_printf_pad.o)
    0x08000588   0x00000024   Code   RO          178    .text               c_w.l(_printf_truncate.o)
    0x080005ac   0x00000052   Code   RO          180    .text               c_w.l(_printf_str.o)
    0x080005fe   0x00000002   PAD
    0x08000600   0x00000078   Code   RO          182    .text               c_w.l(_printf_dec.o)
    0x08000678   0x00000028   Code   RO          184    .text               c_w.l(_printf_charcount.o)
    0x080006a0   0x00000030   Code   RO          186    .text               c_w.l(_printf_char_common.o)
    0x080006d0   0x00000024   Code   RO          190    .text               c_w.l(_printf_char_file.o)
    0x080006f4   0x000000bc   Code   RO          192    .text               c_w.l(_printf_wctomb.o)
    0x080007b0   0x0000007c   Code   RO          195    .text               c_w.l(_printf_longlong_dec.o)
    0x0800082c   0x00000070   Code   RO          201    .text               c_w.l(_printf_oct_int_ll.o)
    0x0800089c   0x00000094   Code   RO          221    .text               c_w.l(_printf_hex_int_ll_ptr.o)
    0x08000930   0x00000188   Code   RO          241    .text               c_w.l(__printf_flags_ss_wp.o)
    0x08000ab8   0x00000040   Code   RO          275    .text               c_w.l(_sgetc.o)
    0x08000af8   0x00000008   Code   RO          277    .text               c_w.l(strtof.o)
    0x08000b00   0x00000064   Code   RO          285    .text               c_w.l(rt_memcpy_w.o)
    0x08000b64   0x00000044   Code   RO          287    .text               c_w.l(rt_memclr.o)
    0x08000ba8   0x00000008   Code   RO          353    .text               c_w.l(libspace.o)
    0x08000bb0   0x00000000   Code   RO          373    .text               c_w.l(maybetermalloc1.o)
    0x08000bb0   0x00000034   Code   RO          375    .text               c_w.l(h1_extend.o)
    0x08000be4   0x0000008a   Code   RO          379    .text               c_w.l(lludiv10.o)
    0x08000c6e   0x00000012   Code   RO          381    .text               c_w.l(isspace.o)
    0x08000c80   0x000000b2   Code   RO          383    .text               c_w.l(_printf_intcommon.o)
    0x08000d32   0x0000041c   Code   RO          385    .text               c_w.l(_printf_fp_dec.o)
    0x0800114e   0x00000002   PAD
    0x08001150   0x000002fc   Code   RO          389    .text               c_w.l(_printf_fp_hex.o)
    0x0800144c   0x0000002c   Code   RO          394    .text               c_w.l(_printf_char.o)
    0x08001478   0x0000002c   Code   RO          396    .text               c_w.l(_printf_wchar.o)
    0x080014a4   0x0000001c   Code   RO          399    .text               c_w.l(_chval.o)
    0x080014c0   0x000004f8   Code   RO          403    .text               c_w.l(scanf_fp.o)
    0x080019b8   0x000000b0   Code   RO          407    .text               c_w.l(strtod.o)
    0x08001a68   0x00000008   Code   RO          411    .text               c_w.l(ferror.o)
    0x08001a70   0x00000048   Code   RO          417    .text               c_w.l(_c16rtomb.o)
    0x08001ab8   0x0000000e   Code   RO          419    .text               c_w.l(defsig_rtmem_outer.o)
    0x08001ac6   0x0000004e   Code   RO          423    .text               c_w.l(rt_memclr_w.o)
    0x08001b14   0x00000002   Code   RO          432    .text               c_w.l(use_no_semi.o)
    0x08001b16   0x00000000   Code   RO          434    .text               c_w.l(indicate_semi.o)
    0x08001b16   0x0000004a   Code   RO          435    .text               c_w.l(sys_stackheap_outer.o)
    0x08001b60   0x00000010   Code   RO          437    .text               c_w.l(rt_ctype_table.o)
    0x08001b70   0x00000008   Code   RO          444    .text               c_w.l(rt_locale_intlibspace.o)
    0x08001b78   0x00000008   Code   RO          449    .text               c_w.l(rt_errno_addr_intlibspace.o)
    0x08001b80   0x00000026   Code   RO          453    .text               c_w.l(llshl.o)
    0x08001ba6   0x00000002   PAD
    0x08001ba8   0x00000080   Code   RO          455    .text               c_w.l(_printf_fp_infnan.o)
    0x08001c28   0x000000e4   Code   RO          457    .text               c_w.l(bigflt0.o)
    0x08001d0c   0x00000012   Code   RO          490    .text               c_w.l(exit.o)
    0x08001d1e   0x0000000a   Code   RO          492    .text               c_w.l(defsig_exit.o)
    0x08001d28   0x00000050   Code   RO          494    .text               c_w.l(defsig_rtmem_inner.o)
    0x08001d78   0x00000016   Code   RO          534    .text               c_w.l(_rserrno.o)
    0x08001d8e   0x00000002   PAD
    0x08001d90   0x00000320   Code   RO          536    .text               c_w.l(scanf_hexfp.o)
    0x080020b0   0x00000134   Code   RO          538    .text               c_w.l(scanf_infnan.o)
    0x080021e4   0x00000032   Code   RO          547    .text               c_w.l(defsig_general.o)
    0x08002216   0x00000002   PAD
    0x08002218   0x0000007c   Code   RO          549    .text               c_w.l(strcmpv7em.o)
    0x08002294   0x0000000e   Code   RO          579    .text               c_w.l(sys_wrch.o)
    0x080022a2   0x000000f0   Code   RO         1270    .text               c_w.l(lludivv7m.o)
    0x08002392   0x0000008a   Code   RO         1272    .text               c_w.l(rt_memcpy_v6.o)
    0x0800241c   0x00000010   Code   RO         1274    .text               c_w.l(aeabi_memset4.o)
    0x0800242c   0x00000004   Code   RO          694    .text.BusFault_Handler  lto-llvm-a8338c.o
    0x08002430   0x00000010   Code   RO          702    .text.DMA1_Channel1_IRQHandler  lto-llvm-a8338c.o
    0x08002440   0x00000010   Code   RO          704    .text.DMA1_Channel2_IRQHandler  lto-llvm-a8338c.o
    0x08002450   0x00000010   Code   RO          706    .text.DMA1_Channel3_IRQHandler  lto-llvm-a8338c.o
    0x08002460   0x00000010   Code   RO          708    .text.DMA1_Channel4_IRQHandler  lto-llvm-a8338c.o
    0x08002470   0x00000010   Code   RO          710    .text.DMA1_Channel5_IRQHandler  lto-llvm-a8338c.o
    0x08002480   0x00000010   Code   RO          712    .text.DMA1_Channel6_IRQHandler  lto-llvm-a8338c.o
    0x08002490   0x00000090   Code   RO          782    .text.DMA_CalcDMAMUXChannelBaseAndMask  lto-llvm-a8338c.o
    0x08002520   0x00000042   Code   RO          784    .text.DMA_CalcDMAMUXRequestGenBaseAndMask  lto-llvm-a8338c.o
    0x08002562   0x00000002   PAD
    0x08002564   0x00000070   Code   RO          786    .text.DMA_SetConfig  lto-llvm-a8338c.o
    0x080025d4   0x00000002   Code   RO          698    .text.DebugMon_Handler  lto-llvm-a8338c.o
    0x080025d6   0x00000002   PAD
    0x080025d8   0x0000000e   Code   RO          684    .text.Error_Handler  lto-llvm-a8338c.o
    0x080025e6   0x00000002   PAD
    0x080025e8   0x00000010   Code   RO          714    .text.FDCAN1_IT0_IRQHandler  lto-llvm-a8338c.o
    0x080025f8   0x00000010   Code   RO          716    .text.FDCAN1_IT1_IRQHandler  lto-llvm-a8338c.o
    0x08002608   0x00000010   Code   RO          722    .text.FDCAN2_IT0_IRQHandler  lto-llvm-a8338c.o
    0x08002618   0x00000010   Code   RO          724    .text.FDCAN2_IT1_IRQHandler  lto-llvm-a8338c.o
    0x08002628   0x00000010   Code   RO          726    .text.FDCAN3_IT0_IRQHandler  lto-llvm-a8338c.o
    0x08002638   0x00000010   Code   RO          728    .text.FDCAN3_IT1_IRQHandler  lto-llvm-a8338c.o
    0x08002648   0x000000d6   Code   RO          800    .text.FDCAN_CalcultateRamBlockAddresses  lto-llvm-a8338c.o
    0x0800271e   0x00000002   PAD
    0x08002720   0x000000b6   Code   RO          790    .text.HAL_DMA_Abort  lto-llvm-a8338c.o
    0x080027d6   0x00000002   PAD
    0x080027d8   0x000000c4   Code   RO          792    .text.HAL_DMA_Abort_IT  lto-llvm-a8338c.o
    0x0800289c   0x0000000c   Code   RO          796    .text.HAL_DMA_GetError  lto-llvm-a8338c.o
    0x080028a8   0x0000015a   Code   RO          794    .text.HAL_DMA_IRQHandler  lto-llvm-a8338c.o
    0x08002a02   0x00000002   PAD
    0x08002a04   0x0000015a   Code   RO          780    .text.HAL_DMA_Init  lto-llvm-a8338c.o
    0x08002b5e   0x00000002   PAD
    0x08002b60   0x000000fc   Code   RO          788    .text.HAL_DMA_Start_IT  lto-llvm-a8338c.o
    0x08002c5c   0x0000004a   Code   RO          748    .text.HAL_DeInit    lto-llvm-a8338c.o
    0x08002ca6   0x00000002   PAD
    0x08002ca8   0x0000003a   Code   RO          756    .text.HAL_Delay     lto-llvm-a8338c.o
    0x08002ce2   0x00000002   PAD
    0x08002ce4   0x0000020a   Code   RO          808    .text.HAL_FDCAN_ActivateNotification  lto-llvm-a8338c.o
    0x08002eee   0x00000002   PAD
    0x08002ef0   0x000000b6   Code   RO          802    .text.HAL_FDCAN_ConfigFilter  lto-llvm-a8338c.o
    0x08002fa6   0x00000002   PAD
    0x08002fa8   0x00000008   Code   RO          828    .text.HAL_FDCAN_ErrorCallback  lto-llvm-a8338c.o
    0x08002fb0   0x0000000a   Code   RO          826    .text.HAL_FDCAN_ErrorStatusCallback  lto-llvm-a8338c.o
    0x08002fba   0x00000002   PAD
    0x08002fbc   0x0000023c   Code   RO          806    .text.HAL_FDCAN_GetRxMessage  lto-llvm-a8338c.o
    0x080031f8   0x00000008   Code   RO          812    .text.HAL_FDCAN_HighPriorityMessageCallback  lto-llvm-a8338c.o
    0x08003200   0x000002b8   Code   RO          810    .text.HAL_FDCAN_IRQHandler  lto-llvm-a8338c.o
    0x080034b8   0x000002ce   Code   RO          798    .text.HAL_FDCAN_Init  lto-llvm-a8338c.o
    0x08003786   0x00000002   PAD
    0x08003788   0x00000260   Code   RO          674    .text.HAL_FDCAN_MspInit  lto-llvm-a8338c.o
    0x080039e8   0x00000048   Code   RO          944    .text.HAL_FDCAN_RxFifo0Callback  lto-llvm-a8338c.o
    0x08003a30   0x0000004a   Code   RO          946    .text.HAL_FDCAN_RxFifo1Callback  lto-llvm-a8338c.o
    0x08003a7a   0x00000002   PAD
    0x08003a7c   0x0000004a   Code   RO          804    .text.HAL_FDCAN_Start  lto-llvm-a8338c.o
    0x08003ac6   0x00000002   PAD
    0x08003ac8   0x00000008   Code   RO          824    .text.HAL_FDCAN_TimeoutOccurredCallback  lto-llvm-a8338c.o
    0x08003ad0   0x00000008   Code   RO          822    .text.HAL_FDCAN_TimestampWraparoundCallback  lto-llvm-a8338c.o
    0x08003ad8   0x0000000a   Code   RO          814    .text.HAL_FDCAN_TxBufferAbortCallback  lto-llvm-a8338c.o
    0x08003ae2   0x00000002   PAD
    0x08003ae4   0x0000000a   Code   RO          820    .text.HAL_FDCAN_TxBufferCompleteCallback  lto-llvm-a8338c.o
    0x08003aee   0x00000002   PAD
    0x08003af0   0x0000000a   Code   RO          816    .text.HAL_FDCAN_TxEventFifoCallback  lto-llvm-a8338c.o
    0x08003afa   0x00000002   PAD
    0x08003afc   0x00000008   Code   RO          818    .text.HAL_FDCAN_TxFifoEmptyCallback  lto-llvm-a8338c.o
    0x08003b04   0x0000036c   Code   RO          830    .text.HAL_GPIO_Init  lto-llvm-a8338c.o
    0x08003e70   0x0000002e   Code   RO          832    .text.HAL_GPIO_ReadPin  lto-llvm-a8338c.o
    0x08003e9e   0x00000002   PAD
    0x08003ea0   0x00000030   Code   RO          836    .text.HAL_GPIO_TogglePin  lto-llvm-a8338c.o
    0x08003ed0   0x0000002c   Code   RO          834    .text.HAL_GPIO_WritePin  lto-llvm-a8338c.o
    0x08003efc   0x0000000c   Code   RO          754    .text.HAL_GetTick   lto-llvm-a8338c.o
    0x08003f08   0x00000010   Code   RO          752    .text.HAL_IncTick   lto-llvm-a8338c.o
    0x08003f18   0x0000002a   Code   RO          744    .text.HAL_Init      lto-llvm-a8338c.o
    0x08003f42   0x00000002   PAD
    0x08003f44   0x0000006a   Code   RO          746    .text.HAL_InitTick  lto-llvm-a8338c.o
    0x08003fae   0x00000002   PAD
    0x08003fb0   0x00000048   Code   RO          686    .text.HAL_MspInit   lto-llvm-a8338c.o
    0x08003ff8   0x00000014   Code   RO          770    .text.HAL_NVIC_EnableIRQ  lto-llvm-a8338c.o
    0x0800400c   0x0000002e   Code   RO          762    .text.HAL_NVIC_SetPriority  lto-llvm-a8338c.o
    0x0800403a   0x00000002   PAD
    0x0800403c   0x00000012   Code   RO          758    .text.HAL_NVIC_SetPriorityGrouping  lto-llvm-a8338c.o
    0x0800404e   0x00000002   PAD
    0x08004050   0x000001a6   Code   RO          838    .text.HAL_PWREx_ControlVoltageScaling  lto-llvm-a8338c.o
    0x080041f6   0x00000002   PAD
    0x080041f8   0x00000012   Code   RO          840    .text.HAL_PWREx_DisableUCPDDeadBattery  lto-llvm-a8338c.o
    0x0800420a   0x00000002   PAD
    0x0800420c   0x00000528   Code   RO          856    .text.HAL_RCCEx_PeriphCLKConfig  lto-llvm-a8338c.o
    0x08004734   0x00000328   Code   RO          844    .text.HAL_RCC_ClockConfig  lto-llvm-a8338c.o
    0x08004a5c   0x0000000c   Code   RO          850    .text.HAL_RCC_GetHCLKFreq  lto-llvm-a8338c.o
    0x08004a68   0x00000026   Code   RO          852    .text.HAL_RCC_GetPCLK1Freq  lto-llvm-a8338c.o
    0x08004a8e   0x00000002   PAD
    0x08004a90   0x00000026   Code   RO          854    .text.HAL_RCC_GetPCLK2Freq  lto-llvm-a8338c.o
    0x08004ab6   0x00000002   PAD
    0x08004ab8   0x000000f8   Code   RO          848    .text.HAL_RCC_GetSysClockFreq  lto-llvm-a8338c.o
    0x08004bb0   0x000007ae   Code   RO          842    .text.HAL_RCC_OscConfig  lto-llvm-a8338c.o
    0x0800535e   0x00000002   PAD
    0x08005360   0x00000036   Code   RO          778    .text.HAL_SYSTICK_CLKSourceConfig  lto-llvm-a8338c.o
    0x08005396   0x00000002   PAD
    0x08005398   0x00000010   Code   RO          774    .text.HAL_SYSTICK_Config  lto-llvm-a8338c.o
    0x080053a8   0x0000007c   Code   RO          914    .text.HAL_UARTEx_DisableFifoMode  lto-llvm-a8338c.o
    0x08005424   0x0000000c   Code   RO          872    .text.HAL_UARTEx_RxEventCallback  lto-llvm-a8338c.o
    0x08005430   0x00000008   Code   RO          908    .text.HAL_UARTEx_RxFifoFullCallback  lto-llvm-a8338c.o
    0x08005438   0x0000008e   Code   RO          918    .text.HAL_UARTEx_SetRxFifoThreshold  lto-llvm-a8338c.o
    0x080054c6   0x00000002   PAD
    0x080054c8   0x0000008e   Code   RO          916    .text.HAL_UARTEx_SetTxFifoThreshold  lto-llvm-a8338c.o
    0x08005556   0x00000002   PAD
    0x08005558   0x00000008   Code   RO          910    .text.HAL_UARTEx_TxFifoEmptyCallback  lto-llvm-a8338c.o
    0x08005560   0x00000008   Code   RO          906    .text.HAL_UARTEx_WakeupCallback  lto-llvm-a8338c.o
    0x08005568   0x00000132   Code   RO          896    .text.HAL_UART_AbortReceive  lto-llvm-a8338c.o
    0x0800569a   0x00000002   PAD
    0x0800569c   0x00000122   Code   RO         1010    .text.HAL_UART_ErrorCallback  lto-llvm-a8338c.o
    0x080057be   0x00000002   PAD
    0x080057c0   0x0000000e   Code   RO          904    .text.HAL_UART_GetError  lto-llvm-a8338c.o
    0x080057ce   0x00000002   PAD
    0x080057d0   0x00000596   Code   RO          898    .text.HAL_UART_IRQHandler  lto-llvm-a8338c.o
    0x08005d66   0x00000002   PAD
    0x08005d68   0x000000aa   Code   RO          858    .text.HAL_UART_Init  lto-llvm-a8338c.o
    0x08005e12   0x00000002   PAD
    0x08005e14   0x00000432   Code   RO          742    .text.HAL_UART_MspInit  lto-llvm-a8338c.o
    0x08006246   0x00000002   PAD
    0x08006248   0x000000a0   Code   RO          888    .text.HAL_UART_Receive_DMA  lto-llvm-a8338c.o
    0x080062e8   0x0000001c   Code   RO         1012    .text.HAL_UART_RxCpltCallback  lto-llvm-a8338c.o
    0x08006304   0x0000001c   Code   RO         1016    .text.HAL_UART_RxHalfCpltCallback  lto-llvm-a8338c.o
    0x08006320   0x00000144   Code   RO          870    .text.HAL_UART_Transmit  lto-llvm-a8338c.o
    0x08006464   0x00000104   Code   RO          874    .text.HAL_UART_Transmit_DMA  lto-llvm-a8338c.o
    0x08006568   0x00000008   Code   RO          886    .text.HAL_UART_TxCpltCallback  lto-llvm-a8338c.o
    0x08006570   0x00000008   Code   RO          884    .text.HAL_UART_TxHalfCpltCallback  lto-llvm-a8338c.o
    0x08006578   0x00000004   Code   RO          690    .text.HardFault_Handler  lto-llvm-a8338c.o
    0x0800657c   0x00000010   Code   RO          982    .text.LL_LPUART_IsActiveFlag_TXE_TXFNF  lto-llvm-a8338c.o
    0x0800658c   0x00000014   Code   RO          984    .text.LL_LPUART_TransmitData8  lto-llvm-a8338c.o
    0x080065a0   0x00000048   Code   RO          730    .text.LPUART1_IRQHandler  lto-llvm-a8338c.o
    0x080065e8   0x00000098   Code   RO          666    .text.MX_DMA_Init   lto-llvm-a8338c.o
    0x08006680   0x00000156   Code   RO          668    .text.MX_FDCAN1_Init  lto-llvm-a8338c.o
    0x080067d6   0x00000002   PAD
    0x080067d8   0x00000156   Code   RO          670    .text.MX_FDCAN2_Init  lto-llvm-a8338c.o
    0x0800692e   0x00000002   PAD
    0x08006930   0x00000156   Code   RO          672    .text.MX_FDCAN3_Init  lto-llvm-a8338c.o
    0x08006a86   0x00000002   PAD
    0x08006a88   0x00000208   Code   RO          676    .text.MX_GPIO_Init  lto-llvm-a8338c.o
    0x08006c90   0x00000080   Code   RO          734    .text.MX_LPUART1_UART_Init  lto-llvm-a8338c.o
    0x08006d10   0x00000082   Code   RO          736    .text.MX_UART4_Init  lto-llvm-a8338c.o
    0x08006d92   0x00000002   PAD
    0x08006d94   0x00000082   Code   RO          738    .text.MX_USART1_UART_Init  lto-llvm-a8338c.o
    0x08006e16   0x00000002   PAD
    0x08006e18   0x00000082   Code   RO          740    .text.MX_USART2_UART_Init  lto-llvm-a8338c.o
    0x08006e9a   0x00000002   PAD
    0x08006e9c   0x00000004   Code   RO          692    .text.MemManage_Handler  lto-llvm-a8338c.o
    0x08006ea0   0x00000004   Code   RO          688    .text.NMI_Handler   lto-llvm-a8338c.o
    0x08006ea4   0x00000062   Code   RO          766    .text.NVIC_EncodePriority  lto-llvm-a8338c.o
    0x08006f06   0x0000000a   PAD
    0x08006f10   0x00000064   Code   RO         1038    .text.PendSV_Handler  lto-llvm-a8338c.o
    0x08006f74   0x00000098   Code   RO          846    .text.RCC_GetSysClockFreqFromPLLSource  lto-llvm-a8338c.o
    0x0800700c   0x00000004   PAD
    0x08007010   0x00000024   Code   RO         1034    .text.SVC_Handler   lto-llvm-a8338c.o
    0x08007034   0x00000052   Code   RO          776    .text.SysTick_Config  lto-llvm-a8338c.o
    0x08007086   0x00000002   PAD
    0x08007088   0x00000018   Code   RO          700    .text.SysTick_Handler  lto-llvm-a8338c.o
    0x080070a0   0x00000072   Code   RO          682    .text.SystemClock_Config  lto-llvm-a8338c.o
    0x08007112   0x00000002   PAD
    0x08007114   0x00000012   Code   RO          732    .text.SystemInit    lto-llvm-a8338c.o
    0x08007126   0x00000002   PAD
    0x08007128   0x00000048   Code   RO          720    .text.UART4_IRQHandler  lto-llvm-a8338c.o
    0x08007170   0x00000086   Code   RO          912    .text.UARTEx_SetNbDataToProcess  lto-llvm-a8338c.o
    0x080071f6   0x00000002   PAD
    0x080071f8   0x00000148   Code   RO          860    .text.UART_AdvFeatureConfig  lto-llvm-a8338c.o
    0x08007340   0x0000013a   Code   RO          864    .text.UART_CheckIdleState  lto-llvm-a8338c.o
    0x0800747a   0x00000002   PAD
    0x0800747c   0x00000016   Code   RO          900    .text.UART_DMAAbortOnError  lto-llvm-a8338c.o
    0x08007492   0x00000002   PAD
    0x08007494   0x00000070   Code   RO          880    .text.UART_DMAError  lto-llvm-a8338c.o
    0x08007504   0x0000012e   Code   RO          892    .text.UART_DMAReceiveCplt  lto-llvm-a8338c.o
    0x08007632   0x00000002   PAD
    0x08007634   0x0000006e   Code   RO          894    .text.UART_DMARxHalfCplt  lto-llvm-a8338c.o
    0x080076a2   0x00000002   PAD
    0x080076a4   0x0000007c   Code   RO          876    .text.UART_DMATransmitCplt  lto-llvm-a8338c.o
    0x08007720   0x00000016   Code   RO          878    .text.UART_DMATxHalfCplt  lto-llvm-a8338c.o
    0x08007736   0x00000002   PAD
    0x08007738   0x0000009e   Code   RO          868    .text.UART_EndRxTransfer  lto-llvm-a8338c.o
    0x080077d6   0x00000002   PAD
    0x080077d8   0x00000044   Code   RO          902    .text.UART_EndTransmit_IT  lto-llvm-a8338c.o
    0x0800781c   0x0000005c   Code   RO          882    .text.UART_EndTxTransfer  lto-llvm-a8338c.o
    0x08007878   0x00000598   Code   RO          862    .text.UART_SetConfig  lto-llvm-a8338c.o
    0x08007e10   0x0000012e   Code   RO          890    .text.UART_Start_Receive_DMA  lto-llvm-a8338c.o
    0x08007f3e   0x00000002   PAD
    0x08007f40   0x00000108   Code   RO          866    .text.UART_WaitOnFlagUntilTimeout  lto-llvm-a8338c.o
    0x08008048   0x00000048   Code   RO          718    .text.USART1_IRQHandler  lto-llvm-a8338c.o
    0x08008090   0x00000004   Code   RO          696    .text.UsageFault_Handler  lto-llvm-a8338c.o
    0x08008094   0x00000018   Code   RO          972    .text.__ARM_isfinitef  lto-llvm-a8338c.o
    0x080080ac   0x00000032   Code   RO          772    .text.__NVIC_EnableIRQ  lto-llvm-a8338c.o
    0x080080de   0x00000002   PAD
    0x080080e0   0x00000010   Code   RO          764    .text.__NVIC_GetPriorityGrouping  lto-llvm-a8338c.o
    0x080080f0   0x00000042   Code   RO          768    .text.__NVIC_SetPriority  lto-llvm-a8338c.o
    0x08008132   0x00000002   PAD
    0x08008134   0x0000003c   Code   RO          760    .text.__NVIC_SetPriorityGrouping  lto-llvm-a8338c.o
    0x08008170   0x0000002e   Code   RO          980    .text.__io_putchar_uart  lto-llvm-a8338c.o
    0x0800819e   0x00000002   PAD
    0x080081a0   0x0000000e   Code   RO          994    .text._sys_exit     lto-llvm-a8338c.o
    0x080081ae   0x00000002   PAD
    0x080081b0   0x0000005c   Code   RO          936    .text.arm_axis_move  lto-llvm-a8338c.o
    0x0800820c   0x00000048   Code   RO          934    .text.arm_init      lto-llvm-a8338c.o
    0x08008254   0x000000ac   Code   RO          930    .text.arm_test      lto-llvm-a8338c.o
    0x08008300   0x00000020   Code   RO          938    .text.bsp_init      lto-llvm-a8338c.o
    0x08008320   0x00000182   Code   RO          940    .text.can_list_add_can  lto-llvm-a8338c.o
    0x080084a2   0x00000002   PAD
    0x080084a4   0x00000142   Code   RO          942    .text.can_list_polling_task  lto-llvm-a8338c.o
    0x080085e6   0x00000002   PAD
    0x080085e8   0x00000046   Code   RO          948    .text.delay_init    lto-llvm-a8338c.o
    0x0800862e   0x00000002   PAD
    0x08008630   0x00000052   Code   RO          958    .text.emm42_en_control  lto-llvm-a8338c.o
    0x08008682   0x00000002   PAD
    0x08008684   0x00000096   Code   RO          950    .text.emm42_motor_init  lto-llvm-a8338c.o
    0x0800871a   0x00000002   PAD
    0x0800871c   0x00000098   Code   RO          962    .text.emm42_pos_control_pulse  lto-llvm-a8338c.o
    0x080087b4   0x00000074   Code   RO          960    .text.emm42_vel_control  lto-llvm-a8338c.o
    0x08008828   0x00000044   Code   RO          978    .text.fputc         lto-llvm-a8338c.o
    0x0800886c   0x00000030   Code   RO          920    .text.freertos_start  lto-llvm-a8338c.o
    0x0800889c   0x00000022   Code   RO         1166    .text.is_pow_of_2   lto-llvm-a8338c.o
    0x080088be   0x00000002   PAD
    0x080088c0   0x00000166   Code   RO          678    .text.key_scan      lto-llvm-a8338c.o
    0x08008a26   0x00000002   PAD
    0x08008a28   0x0000003e   Code   RO          680    .text.main          lto-llvm-a8338c.o
    0x08008a66   0x00000002   PAD
    0x08008a68   0x0000009c   Code   RO          968    .text.parse_frame   lto-llvm-a8338c.o
    0x08008b04   0x0000003a   Code   RO         1168    .text.pow2gt        lto-llvm-a8338c.o
    0x08008b3e   0x00000002   PAD
    0x08008b40   0x00000130   Code   RO         1106    .text.prvAddCurrentTaskToDelayedList  lto-llvm-a8338c.o
    0x08008c70   0x00000160   Code   RO         1092    .text.prvAddNewTaskToReadyList  lto-llvm-a8338c.o
    0x08008dd0   0x00000076   Code   RO         1144    .text.prvCheckForValidListAndQueue  lto-llvm-a8338c.o
    0x08008e46   0x00000002   PAD
    0x08008e48   0x0000005a   Code   RO         1120    .text.prvCheckTasksWaitingTermination  lto-llvm-a8338c.o
    0x08008ea2   0x00000002   PAD
    0x08008ea4   0x00000042   Code   RO         1080    .text.prvCopyDataFromQueue  lto-llvm-a8338c.o
    0x08008ee6   0x00000002   PAD
    0x08008ee8   0x000000cc   Code   RO         1068    .text.prvCopyDataToQueue  lto-llvm-a8338c.o
    0x08008fb4   0x00000092   Code   RO         1116    .text.prvCreateIdleTasks  lto-llvm-a8338c.o
    0x08009046   0x00000002   PAD
    0x08009048   0x00000086   Code   RO         1090    .text.prvCreateTask  lto-llvm-a8338c.o
    0x080090ce   0x00000002   PAD
    0x080090d0   0x00000018   Code   RO         1102    .text.prvDeleteTCB  lto-llvm-a8338c.o
    0x080090e8   0x00000040   Code   RO         1148    .text.prvGetNextExpireTime  lto-llvm-a8338c.o
    0x08009128   0x000000ae   Code   RO         1056    .text.prvHeapInit   lto-llvm-a8338c.o
    0x080091d6   0x00000002   PAD
    0x080091d8   0x00000038   Code   RO         1118    .text.prvIdleTask   lto-llvm-a8338c.o
    0x08009210   0x0000004c   Code   RO         1066    .text.prvInitialiseNewQueue  lto-llvm-a8338c.o
    0x0800925c   0x00000124   Code   RO         1096    .text.prvInitialiseNewTask  lto-llvm-a8338c.o
    0x08009380   0x0000008a   Code   RO         1094    .text.prvInitialiseTaskLists  lto-llvm-a8338c.o
    0x0800940a   0x00000002   PAD
    0x0800940c   0x000000c6   Code   RO         1058    .text.prvInsertBlockIntoFreeList  lto-llvm-a8338c.o
    0x080094d2   0x00000002   PAD
    0x080094d4   0x00000086   Code   RO         1156    .text.prvInsertTimerInActiveList  lto-llvm-a8338c.o
    0x0800955a   0x00000002   PAD
    0x0800955c   0x00000028   Code   RO         1074    .text.prvIsQueueEmpty  lto-llvm-a8338c.o
    0x08009584   0x000000e4   Code   RO         1070    .text.prvNotifyQueueSetContainer  lto-llvm-a8338c.o
    0x08009668   0x00000028   Code   RO         1044    .text.prvPortStartFirstTask  lto-llvm-a8338c.o
    0x08009690   0x00000054   Code   RO         1162    .text.prvProcessExpiredTimer  lto-llvm-a8338c.o
    0x080096e4   0x0000017c   Code   RO         1152    .text.prvProcessReceivedCommands  lto-llvm-a8338c.o
    0x08009860   0x0000009a   Code   RO         1150    .text.prvProcessTimerOrBlockTask  lto-llvm-a8338c.o
    0x080098fa   0x00000002   PAD
    0x080098fc   0x00000034   Code   RO         1158    .text.prvReloadTimer  lto-llvm-a8338c.o
    0x08009930   0x0000003c   Code   RO         1100    .text.prvResetNextTaskUnblockTime  lto-llvm-a8338c.o
    0x0800996c   0x00000044   Code   RO         1154    .text.prvSampleTimeNow  lto-llvm-a8338c.o
    0x080099b0   0x00000052   Code   RO         1160    .text.prvSwitchTimerLists  lto-llvm-a8338c.o
    0x08009a02   0x00000002   PAD
    0x08009a04   0x00000048   Code   RO         1032    .text.prvTaskExitError  lto-llvm-a8338c.o
    0x08009a4c   0x0000001e   Code   RO         1146    .text.prvTimerTask  lto-llvm-a8338c.o
    0x08009a6a   0x00000002   PAD
    0x08009a6c   0x000000d0   Code   RO         1072    .text.prvUnlockQueue  lto-llvm-a8338c.o
    0x08009b3c   0x000001b8   Code   RO         1054    .text.pvPortMalloc  lto-llvm-a8338c.o
    0x08009cf4   0x0000005e   Code   RO         1030    .text.pxPortInitialiseStack  lto-llvm-a8338c.o
    0x08009d52   0x00000002   PAD
    0x08009d54   0x0000006e   Code   RO          974    .text.raspi_serial_get_latest  lto-llvm-a8338c.o
    0x08009dc2   0x00000002   PAD
    0x08009dc4   0x00000096   Code   RO          964    .text.raspi_serial_init  lto-llvm-a8338c.o
    0x08009e5a   0x00000002   PAD
    0x08009e5c   0x000000d4   Code   RO          966    .text.receive_task  lto-llvm-a8338c.o
    0x08009f30   0x000000b8   Code   RO         1164    .text.ring_fifo_init  lto-llvm-a8338c.o
    0x08009fe8   0x0000011a   Code   RO         1172    .text.ring_fifo_read  lto-llvm-a8338c.o
    0x0800a102   0x00000002   PAD
    0x0800a104   0x00000124   Code   RO         1170    .text.ring_fifo_write  lto-llvm-a8338c.o
    0x0800a228   0x00000016   Code   RO          956    .text.rs485_rx      lto-llvm-a8338c.o
    0x0800a23e   0x00000002   PAD
    0x0800a240   0x00000016   Code   RO          954    .text.rs485_tx      lto-llvm-a8338c.o
    0x0800a256   0x00000002   PAD
    0x0800a258   0x00000050   Code   RO          970    .text.save_data     lto-llvm-a8338c.o
    0x0800a2a8   0x0000002a   Code   RO          952    .text.send_frame    lto-llvm-a8338c.o
    0x0800a2d2   0x00000002   PAD
    0x0800a2d4   0x00000034   Code   RO          976    .text.send_reply    lto-llvm-a8338c.o
    0x0800a308   0x000000b0   Code   RO          922    .text.start_task    lto-llvm-a8338c.o
    0x0800a3b8   0x0000003a   Code   RO          924    .text.task1         lto-llvm-a8338c.o
    0x0800a3f2   0x00000002   PAD
    0x0800a3f4   0x0000003e   Code   RO          926    .text.task2         lto-llvm-a8338c.o
    0x0800a432   0x00000002   PAD
    0x0800a434   0x00000042   Code   RO          928    .text.task4         lto-llvm-a8338c.o
    0x0800a476   0x00000002   PAD
    0x0800a478   0x0000008a   Code   RO         1014    .text.uart_dmarx_done_callback  lto-llvm-a8338c.o
    0x0800a502   0x00000002   PAD
    0x0800a504   0x00000064   Code   RO         1018    .text.uart_dmarx_halfdone_callback  lto-llvm-a8338c.o
    0x0800a568   0x00000066   Code   RO         1004    .text.uart_dmarx_idle_callback  lto-llvm-a8338c.o
    0x0800a5ce   0x00000002   PAD
    0x0800a5d0   0x00000048   Code   RO         1002    .text.uart_dmarx_read  lto-llvm-a8338c.o
    0x0800a618   0x00000070   Code   RO         1008    .text.uart_dmatx_send  lto-llvm-a8338c.o
    0x0800a688   0x00000088   Code   RO         1006    .text.uart_dmatx_write  lto-llvm-a8338c.o
    0x0800a710   0x00000172   Code   RO          996    .text.uart_ex_init  lto-llvm-a8338c.o
    0x0800a882   0x00000002   PAD
    0x0800a884   0x00000064   Code   RO          998    .text.uart_rx_identify  lto-llvm-a8338c.o
    0x0800a8e8   0x00000064   Code   RO         1000    .text.uart_tx_identify  lto-llvm-a8338c.o
    0x0800a94c   0x00000048   Code   RO         1028    .text.uxListRemove  lto-llvm-a8338c.o
    0x0800a994   0x0000000c   Code   RO         1124    .text.uxTaskGetNumberOfTasks  lto-llvm-a8338c.o
    0x0800a9a0   0x00000024   Code   RO          932    .text.vAssertCalled  lto-llvm-a8338c.o
    0x0800a9c4   0x0000002e   Code   RO         1020    .text.vListInitialise  lto-llvm-a8338c.o
    0x0800a9f2   0x00000002   PAD
    0x0800a9f4   0x0000000e   Code   RO         1022    .text.vListInitialiseItem  lto-llvm-a8338c.o
    0x0800aa02   0x00000002   PAD
    0x0800aa04   0x0000006a   Code   RO         1026    .text.vListInsert   lto-llvm-a8338c.o
    0x0800aa6e   0x00000002   PAD
    0x0800aa70   0x00000042   Code   RO         1024    .text.vListInsertEnd  lto-llvm-a8338c.o
    0x0800aab2   0x00000002   PAD
    0x0800aab4   0x00000014   Code   RO         1042    .text.vPortEnableVFP  lto-llvm-a8338c.o
    0x0800aac8   0x00000054   Code   RO         1046    .text.vPortEnterCritical  lto-llvm-a8338c.o
    0x0800ab1c   0x00000048   Code   RO         1048    .text.vPortExitCritical  lto-llvm-a8338c.o
    0x0800ab64   0x000000b2   Code   RO         1060    .text.vPortFree     lto-llvm-a8338c.o
    0x0800ac16   0x00000002   PAD
    0x0800ac18   0x00000044   Code   RO         1040    .text.vPortSetupTimerInterrupt  lto-llvm-a8338c.o
    0x0800ac5c   0x0000007e   Code   RO         1052    .text.vPortValidateInterruptPriority  lto-llvm-a8338c.o
    0x0800acda   0x00000002   PAD
    0x0800acdc   0x000000be   Code   RO         1082    .text.vQueueAddToRegistry  lto-llvm-a8338c.o
    0x0800ad9a   0x00000002   PAD
    0x0800ad9c   0x00000064   Code   RO         1084    .text.vQueueWaitForMessageRestricted  lto-llvm-a8338c.o
    0x0800ae00   0x0000006c   Code   RO         1112    .text.vTaskDelay    lto-llvm-a8338c.o
    0x0800ae6c   0x0000015e   Code   RO         1098    .text.vTaskDelete   lto-llvm-a8338c.o
    0x0800afca   0x00000002   PAD
    0x0800afcc   0x00000024   Code   RO         1132    .text.vTaskInternalSetTimeOutState  lto-llvm-a8338c.o
    0x0800aff0   0x0000000e   Code   RO         1136    .text.vTaskMissedYield  lto-llvm-a8338c.o
    0x0800affe   0x00000002   PAD
    0x0800b000   0x0000003e   Code   RO         1126    .text.vTaskPlaceOnEventList  lto-llvm-a8338c.o
    0x0800b03e   0x00000002   PAD
    0x0800b040   0x0000007c   Code   RO         1128    .text.vTaskPlaceOnEventListRestricted  lto-llvm-a8338c.o
    0x0800b0bc   0x0000008c   Code   RO         1114    .text.vTaskStartScheduler  lto-llvm-a8338c.o
    0x0800b148   0x00000010   Code   RO         1104    .text.vTaskSuspendAll  lto-llvm-a8338c.o
    0x0800b158   0x000000cc   Code   RO         1086    .text.vTaskSwitchContext  lto-llvm-a8338c.o
    0x0800b224   0x000001d6   Code   RO         1036    .text.xPortStartScheduler  lto-llvm-a8338c.o
    0x0800b3fa   0x00000002   PAD
    0x0800b3fc   0x0000003e   Code   RO         1050    .text.xPortSysTickHandler  lto-llvm-a8338c.o
    0x0800b43a   0x00000002   PAD
    0x0800b43c   0x00000096   Code   RO         1064    .text.xQueueGenericCreate  lto-llvm-a8338c.o
    0x0800b4d2   0x00000002   PAD
    0x0800b4d4   0x000000fe   Code   RO         1062    .text.xQueueGenericReset  lto-llvm-a8338c.o
    0x0800b5d2   0x00000002   PAD
    0x0800b5d4   0x000001ac   Code   RO         1076    .text.xQueueGenericSendFromISR  lto-llvm-a8338c.o
    0x0800b780   0x000001c2   Code   RO         1078    .text.xQueueReceive  lto-llvm-a8338c.o
    0x0800b942   0x00000002   PAD
    0x0800b944   0x000000f4   Code   RO         1134    .text.xTaskCheckForTimeOut  lto-llvm-a8338c.o
    0x0800ba38   0x00000056   Code   RO         1088    .text.xTaskCreate   lto-llvm-a8338c.o
    0x0800ba8e   0x00000002   PAD
    0x0800ba90   0x00000038   Code   RO         1138    .text.xTaskGetSchedulerState  lto-llvm-a8338c.o
    0x0800bac8   0x00000014   Code   RO         1122    .text.xTaskGetTickCount  lto-llvm-a8338c.o
    0x0800badc   0x00000270   Code   RO         1110    .text.xTaskIncrementTick  lto-llvm-a8338c.o
    0x0800bd4c   0x0000013c   Code   RO         1140    .text.xTaskPriorityDisinherit  lto-llvm-a8338c.o
    0x0800be88   0x0000019e   Code   RO         1130    .text.xTaskRemoveFromEventList  lto-llvm-a8338c.o
    0x0800c026   0x00000002   PAD
    0x0800c028   0x0000024a   Code   RO         1108    .text.xTaskResumeAll  lto-llvm-a8338c.o
    0x0800c272   0x00000002   PAD
    0x0800c274   0x00000062   Code   RO         1142    .text.xTimerCreateTimerTask  lto-llvm-a8338c.o
    0x0800c2d6   0x0000003e   Code   RO          460    CL$$btod_d2e        c_w.l(btod.o)
    0x0800c314   0x00000046   Code   RO          462    CL$$btod_d2e_denorm_low  c_w.l(btod.o)
    0x0800c35a   0x00000060   Code   RO          461    CL$$btod_d2e_norm_op1  c_w.l(btod.o)
    0x0800c3ba   0x00000002   PAD
    0x0800c3bc   0x00000338   Code   RO          470    CL$$btod_div_common  c_w.l(btod.o)
    0x0800c6f4   0x00000084   Code   RO          468    CL$$btod_e2d        c_w.l(btod.o)
    0x0800c778   0x000000dc   Code   RO          467    CL$$btod_e2e        c_w.l(btod.o)
    0x0800c854   0x0000002a   Code   RO          464    CL$$btod_ediv       c_w.l(btod.o)
    0x0800c87e   0x0000002a   Code   RO          466    CL$$btod_edivd      c_w.l(btod.o)
    0x0800c8a8   0x0000002a   Code   RO          463    CL$$btod_emul       c_w.l(btod.o)
    0x0800c8d2   0x0000002a   Code   RO          465    CL$$btod_emuld      c_w.l(btod.o)
    0x0800c8fc   0x00000244   Code   RO          469    CL$$btod_mult_common  c_w.l(btod.o)
    0x0800cb40   0x00000030   Code   RO          518    i.__ARM_fpclassify  m_wm.l(fpclassify.o)
    0x0800cb70   0x000000f8   Code   RO          520    i.__hardfp___mathlib_tofloat  m_wm.l(narrow.o)
    0x0800cc68   0x000000d0   Code   RO          604    i.__hardfp_ldexp    m_wm.l(ldexp.o)
    0x0800cd38   0x00000020   Code   RO          142    i.__hardfp_strtof   m_wm.l(strtof.o)
    0x0800cd58   0x00000020   Code   RO          639    i.__mathlib_dbl_overflow  m_wm.l(dunder.o)
    0x0800cd78   0x00000020   Code   RO          641    i.__mathlib_dbl_underflow  m_wm.l(dunder.o)
    0x0800cd98   0x00000012   Code   RO          521    i.__mathlib_narrow  m_wm.l(narrow.o)
    0x0800cdaa   0x00000014   Code   RO          606    i.__support_ldexp   m_wm.l(ldexp.o)
    0x0800cdbe   0x0000000e   Code   RO          234    i._is_digit         c_w.l(__printf_wp.o)
    0x0800cdcc   0x00000004   PAD
    0x0800cdd0   0x0000008c   Code   RO          575    i.frexp             m_wm.l(frexp.o)
    0x0800ce5c   0x0000002c   Code   RO          488    locale$$code        c_w.l(lc_numeric_c.o)
    0x0800ce88   0x0000002c   Code   RO          543    locale$$code        c_w.l(lc_ctype_c.o)
    0x0800ceb4   0x00000062   Code   RO          567    x$fpl$d2f           fz_wm.l(d2f.o)
    0x0800cf16   0x00000002   PAD
    0x0800cf18   0x00000010   Code   RO          655    x$fpl$dcheck1       fz_wm.l(dcheck1.o)
    0x0800cf28   0x00000018   Code   RO          594    x$fpl$dcmpinf       fz_wm.l(dcmpi.o)
    0x0800cf40   0x00000078   Code   RO          569    x$fpl$deqf          fz_wm.l(deqf.o)
    0x0800cfb8   0x00000078   Code   RO          596    x$fpl$dleqf         fz_wm.l(dleqf.o)
    0x0800d030   0x00000154   Code   RO          598    x$fpl$dmul          fz_wm.l(dmul.o)
    0x0800d184   0x0000009c   Code   RO          600    x$fpl$dnaninf       fz_wm.l(dnaninf.o)
    0x0800d220   0x0000000c   Code   RO          631    x$fpl$dretinf       fz_wm.l(dretinf.o)
    0x0800d22c   0x0000006c   Code   RO          571    x$fpl$drleqf        fz_wm.l(drleqf.o)
    0x0800d298   0x0000001a   Code   RO          430    x$fpl$fpinit        fz_wm.l(fpinit.o)
    0x0800d2b2   0x0000000a   Code   RO          602    x$fpl$fretinf       fz_wm.l(fretinf.o)
    0x0800d2bc   0x00000006   Code   RO          510    x$fpl$ieeestatus    fz_wm.l(istatus.o)
    0x0800d2c2   0x00000004   Code   RO          338    x$fpl$printf1       fz_wm.l(printf1.o)
    0x0800d2c6   0x00000004   Code   RO          340    x$fpl$printf2       fz_wm.l(printf2.o)
    0x0800d2ca   0x00000064   Code   RO          661    x$fpl$retnan        fz_wm.l(retnan.o)
    0x0800d32e   0x0000005c   Code   RO          633    x$fpl$scalbn        fz_wm.l(scalbn.o)
    0x0800d38a   0x00000004   Code   RO          346    x$fpl$scanf1        fz_wm.l(scanf1.o)
    0x0800d38e   0x00000008   Code   RO          512    x$fpl$scanf2        fz_wm.l(scanf2.o)
    0x0800d396   0x00000030   Code   RO          663    x$fpl$trapveneer    fz_wm.l(trapv.o)
    0x0800d3c6   0x00000000   Code   RO          348    x$fpl$usenofp       fz_wm.l(usenofp.o)
    0x0800d3c6   0x00000002   PAD
    0x0800d3c8   0x00000008   Data   RO          193    .constdata          c_w.l(_printf_wctomb.o)
    0x0800d3d0   0x00000028   Data   RO          222    .constdata          c_w.l(_printf_hex_int_ll_ptr.o)
    0x0800d3f8   0x00000011   Data   RO          242    .constdata          c_w.l(__printf_flags_ss_wp.o)
    0x0800d409   0x00000026   Data   RO          390    .constdata          c_w.l(_printf_fp_hex.o)
    0x0800d42f   0x00000001   PAD
    0x0800d430   0x00000094   Data   RO          458    .constdata          c_w.l(bigflt0.o)
    0x0800d4c4   0x00000018   Data   RO         1192    .rodata.UARTPrescTable  lto-llvm-a8338c.o
    0x0800d4dc   0x00000020   Data   RO         1189    .rodata.cst16       lto-llvm-a8338c.o
    0x0800d4fc   0x00000018   Data   RO         1191    .rodata.cst8        lto-llvm-a8338c.o
    0x0800d514   0x0000015c   Data   RO         1193    .rodata.str1.1      lto-llvm-a8338c.o
    0x0800d670   0x00000004   Data   RO         1252    .rodata.uxTopUsedPriority  lto-llvm-a8338c.o
    0x0800d674   0x00000020   Data   RO         1287    Region$$Table       anon$$obj.o
    0x0800d694   0x00000008   Data   RO          506    c$$dinf             fz_wm.l(fpconst.o)
    0x0800d69c   0x00000008   Data   RO          509    c$$dmax             fz_wm.l(fpconst.o)
    0x0800d6a4   0x0000001c   Data   RO          487    locale$$data        c_w.l(lc_numeric_c.o)
    0x0800d6c0   0x00000110   Data   RO          542    locale$$data        c_w.l(lc_ctype_c.o)


    Execution Region RW_IRAM1 (Base: 0x20000000, Size: 0x00008c70, Max: 0x00020000, ABSOLUTE)

    Base Addr    Size         Type   Attr      Idx    E Section Name        Object

    0x20000000   0x00000004   Data   RW         1226    .data.SystemCoreClock  lto-llvm-a8338c.o
    0x20000004   0x00000018   Data   RW         1217    .data.lpuart1_rx_fifo  lto-llvm-a8338c.o
    0x2000001c   0x0000000c   Data   RW         1220    .data.lpuart1_tx_buf  lto-llvm-a8338c.o
    0x20000028   0x00000018   Data   RW         1219    .data.uart4_rx_fifo  lto-llvm-a8338c.o
    0x20000040   0x0000000c   Data   RW         1222    .data.uart4_tx_buf  lto-llvm-a8338c.o
    0x2000004c   0x00000018   Data   RW         1218    .data.usart1_rx_fifo  lto-llvm-a8338c.o
    0x20000064   0x0000000c   Data   RW         1221    .data.usart1_tx_buf  lto-llvm-a8338c.o
    0x20000070   0x00000004   Data   RW         1190    .data.uwTickPrio    lto-llvm-a8338c.o
    0x20000074   0x00000004   Data   RW         1225    .data.uxCriticalNesting  lto-llvm-a8338c.o
    0x20000078   0x00000060   Zero   RW          354    .bss                c_w.l(libspace.o)
    0x200000d8   0x00000004   Zero   RW         1174    .bss.HAL_RCC_FDCAN_CLK_ENABLED  lto-llvm-a8338c.o
    0x200000dc   0x00000054   Zero   RW         1215    .bss.__stderr       lto-llvm-a8338c.o
    0x20000130   0x00000054   Zero   RW         1214    .bss.__stdout       lto-llvm-a8338c.o
    0x20000184   0x00000054   Zero   RW         1199    .bss.arm_motor      lto-llvm-a8338c.o
    0x200001d8   0x00000010   Zero   RW         1207    .bss.can_list_polling_task.call_rx_header  lto-llvm-a8338c.o
    0x200001e8   0x00000040   Zero   RW         1206    .bss.can_list_polling_task.rx_data  lto-llvm-a8338c.o
    0x20000228   0x00000028   Zero   RW         1205    .bss.can_list_polling_task.rx_header  lto-llvm-a8338c.o
    0x20000250   0x00000004   Zero   RW         1203    .bss.can_list_queue_handle  lto-llvm-a8338c.o
    0x20000254   0x00000004   Zero   RW         1204    .bss.can_list_task_handle  lto-llvm-a8338c.o
    0x20000258   0x0000000c   Zero   RW         1202    .bss.can_table      lto-llvm-a8338c.o
    0x20000264   0x00000001   Zero   RW         1213    .bss.data_available  lto-llvm-a8338c.o
    0x20000265   0x00000003   PAD
    0x20000268   0x00000028   Zero   RW         1209    .bss.emm42_motor_list  lto-llvm-a8338c.o
    0x20000290   0x00000060   Zero   RW         1182    .bss.hdma_lpuart1_rx  lto-llvm-a8338c.o
    0x200002f0   0x00000060   Zero   RW         1183    .bss.hdma_lpuart1_tx  lto-llvm-a8338c.o
    0x20000350   0x00000060   Zero   RW         1184    .bss.hdma_uart4_rx  lto-llvm-a8338c.o
    0x200003b0   0x00000060   Zero   RW         1185    .bss.hdma_uart4_tx  lto-llvm-a8338c.o
    0x20000410   0x00000060   Zero   RW         1186    .bss.hdma_usart1_rx  lto-llvm-a8338c.o
    0x20000470   0x00000060   Zero   RW         1187    .bss.hdma_usart1_tx  lto-llvm-a8338c.o
    0x200004d0   0x00000064   Zero   RW         1177    .bss.hfdcan1        lto-llvm-a8338c.o
    0x20000534   0x00000064   Zero   RW         1178    .bss.hfdcan2        lto-llvm-a8338c.o
    0x20000598   0x00000064   Zero   RW         1179    .bss.hfdcan3        lto-llvm-a8338c.o
    0x200005fc   0x00000094   Zero   RW         1180    .bss.hlpuart1       lto-llvm-a8338c.o
    0x20000690   0x00000094   Zero   RW         1200    .bss.huart1         lto-llvm-a8338c.o
    0x20000724   0x00000094   Zero   RW         1181    .bss.huart2         lto-llvm-a8338c.o
    0x200007b8   0x00000094   Zero   RW         1201    .bss.huart4         lto-llvm-a8338c.o
    0x2000084c   0x00000001   Zero   RW         1175    .bss.key_scan.key_up  lto-llvm-a8338c.o
    0x2000084d   0x00000003   PAD
    0x20000850   0x0000001c   Zero   RW         1212    .bss.latest_data    lto-llvm-a8338c.o
    0x2000086c   0x00000004   Zero   RW         1261    .bss.prvSampleTimeNow.xLastTime  lto-llvm-a8338c.o
    0x20000870   0x00000004   Zero   RW         1235    .bss.pxCurrentTCB   lto-llvm-a8338c.o
    0x20000874   0x00000004   Zero   RW         1259    .bss.pxCurrentTimerList  lto-llvm-a8338c.o
    0x20000878   0x00000004   Zero   RW         1245    .bss.pxDelayedTaskList  lto-llvm-a8338c.o
    0x2000087c   0x00000004   Zero   RW         1227    .bss.pxEnd          lto-llvm-a8338c.o
    0x20000880   0x00000004   Zero   RW         1246    .bss.pxOverflowDelayedTaskList  lto-llvm-a8338c.o
    0x20000884   0x00000004   Zero   RW         1260    .bss.pxOverflowTimerList  lto-llvm-a8338c.o
    0x20000888   0x00000280   Zero   RW         1236    .bss.pxReadyTasksLists  lto-llvm-a8338c.o
    0x20000b08   0x00000004   Zero   RW         1211    .bss.raspi_uart     lto-llvm-a8338c.o
    0x20000b0c   0x00000008   Zero   RW         1208    .bss.send_msg_from_isr  lto-llvm-a8338c.o
    0x20000b14   0x00000004   Zero   RW         1194    .bss.start_task_handle  lto-llvm-a8338c.o
    0x20000b18   0x00000004   Zero   RW         1195    .bss.task1_handle   lto-llvm-a8338c.o
    0x20000b1c   0x00000004   Zero   RW         1197    .bss.task2.last_sequence  lto-llvm-a8338c.o
    0x20000b20   0x00000004   Zero   RW         1196    .bss.task2_handle   lto-llvm-a8338c.o
    0x20000b24   0x0000001c   Zero   RW         1198    .bss.task4.demo_motor  lto-llvm-a8338c.o
    0x20000b40   0x00000004   Zero   RW         1210    .bss.task_handle    lto-llvm-a8338c.o
    0x20000b44   0x00005000   Zero   RW         1233    .bss.ucHeap         lto-llvm-a8338c.o
    0x20005b44   0x00000001   Zero   RW         1223    .bss.ucMaxSysCallPriority  lto-llvm-a8338c.o
    0x20005b45   0x00000003   PAD
    0x20005b48   0x00000004   Zero   RW         1224    .bss.ulMaxPRIGROUPValue  lto-llvm-a8338c.o
    0x20005b4c   0x00000004   Zero   RW         1188    .bss.uwTick         lto-llvm-a8338c.o
    0x20005b50   0x00000004   Zero   RW         1242    .bss.uxCurrentNumberOfTasks  lto-llvm-a8338c.o
    0x20005b54   0x00000004   Zero   RW         1241    .bss.uxDeletedTasksWaitingCleanUp  lto-llvm-a8338c.o
    0x20005b58   0x00000004   Zero   RW         1243    .bss.uxSchedulerSuspended  lto-llvm-a8338c.o
    0x20005b5c   0x00000004   Zero   RW         1238    .bss.uxTaskNumber   lto-llvm-a8338c.o
    0x20005b60   0x00000004   Zero   RW         1237    .bss.uxTopReadyPriority  lto-llvm-a8338c.o
    0x20005b64   0x00000014   Zero   RW         1262    .bss.xActiveTimerList1  lto-llvm-a8338c.o
    0x20005b78   0x00000014   Zero   RW         1263    .bss.xActiveTimerList2  lto-llvm-a8338c.o
    0x20005b8c   0x00000014   Zero   RW         1255    .bss.xDelayedTaskList1  lto-llvm-a8338c.o
    0x20005ba0   0x00000014   Zero   RW         1256    .bss.xDelayedTaskList2  lto-llvm-a8338c.o
    0x20005bb4   0x00000004   Zero   RW         1228    .bss.xFreeBytesRemaining  lto-llvm-a8338c.o
    0x20005bb8   0x00000004   Zero   RW         1251    .bss.xIdleTaskHandles  lto-llvm-a8338c.o
    0x20005bbc   0x00000004   Zero   RW         1230    .bss.xMinimumEverFreeBytesRemaining  lto-llvm-a8338c.o
    0x20005bc0   0x00000004   Zero   RW         1250    .bss.xNextTaskUnblockTime  lto-llvm-a8338c.o
    0x20005bc4   0x00000004   Zero   RW         1254    .bss.xNumOfOverflows  lto-llvm-a8338c.o
    0x20005bc8   0x00000004   Zero   RW         1231    .bss.xNumberOfSuccessfulAllocations  lto-llvm-a8338c.o
    0x20005bcc   0x00000004   Zero   RW         1232    .bss.xNumberOfSuccessfulFrees  lto-llvm-a8338c.o
    0x20005bd0   0x00000004   Zero   RW         1253    .bss.xPendedTicks   lto-llvm-a8338c.o
    0x20005bd4   0x00000014   Zero   RW         1247    .bss.xPendingReadyList  lto-llvm-a8338c.o
    0x20005be8   0x00000040   Zero   RW         1234    .bss.xQueueRegistry  lto-llvm-a8338c.o
    0x20005c28   0x00000004   Zero   RW         1239    .bss.xSchedulerRunning  lto-llvm-a8338c.o
    0x20005c2c   0x00000008   Zero   RW         1229    .bss.xStart         lto-llvm-a8338c.o
    0x20005c34   0x00000014   Zero   RW         1248    .bss.xSuspendedTaskList  lto-llvm-a8338c.o
    0x20005c48   0x00000014   Zero   RW         1240    .bss.xTasksWaitingTermination  lto-llvm-a8338c.o
    0x20005c5c   0x00000004   Zero   RW         1244    .bss.xTickCount     lto-llvm-a8338c.o
    0x20005c60   0x00000004   Zero   RW         1257    .bss.xTimerQueue    lto-llvm-a8338c.o
    0x20005c64   0x00000004   Zero   RW         1258    .bss.xTimerTaskHandle  lto-llvm-a8338c.o
    0x20005c68   0x00000004   Zero   RW         1249    .bss.xYieldPendings  lto-llvm-a8338c.o
    0x20005c6c   0x00000004   PAD
    0x20005c70   0x00002000   Zero   RW           10    HEAP                startup_stm32g474xx.o
    0x20007c70   0x00001000   Zero   RW            9    STACK               startup_stm32g474xx.o


==============================================================================

Image component sizes


      Code (inc. data)   RO Data    RW Data    ZI Data      Debug   Object Name

     40384         78        432        120      23435     132778   lto-llvm-a8338c.o
        64         26        472          0      12288        940   startup_stm32g474xx.o

    ----------------------------------------------------------------------
     40682        104        936        120      35736     133718   Object Totals
         0          0         32          0          0          0   (incl. Generated)
       234          0          0          0         13          0   (incl. Padding)

    ----------------------------------------------------------------------

      Code (inc. data)   RO Data    RW Data    ZI Data      Debug   Library Member Name

         8          0          0          0          0         68   __main.o
       392          4         17          0          0         92   __printf_flags_ss_wp.o
        14          0          0          0          0         68   __printf_wp.o
         0          0          0          0          0          0   __rtentry.o
        12          0          0          0          0          0   __rtentry2.o
         6          0          0          0          0          0   __rtentry4.o
        52          8          0          0          0          0   __scatter.o
        26          0          0          0          0          0   __scatter_copy.o
        28          0          0          0          0          0   __scatter_zi.o
        72          0          0          0          0         96   _c16rtomb.o
        28          0          0          0          0         68   _chval.o
         6          0          0          0          0          0   _printf_a.o
         6          0          0          0          0          0   _printf_c.o
        44          0          0          0          0        108   _printf_char.o
        48          6          0          0          0         96   _printf_char_common.o
        36          4          0          0          0         80   _printf_char_file.o
        40          0          0          0          0         68   _printf_charcount.o
         6          0          0          0          0          0   _printf_d.o
       120         16          0          0          0         92   _printf_dec.o
         6          0          0          0          0          0   _printf_e.o
         6          0          0          0          0          0   _printf_f.o
      1052          0          0          0          0        148   _printf_fp_dec.o
       764          8         38          0          0        100   _printf_fp_hex.o
       128         16          0          0          0         84   _printf_fp_infnan.o
         6          0          0          0          0          0   _printf_g.o
       148          4         40          0          0        160   _printf_hex_int_ll_ptr.o
         6          0          0          0          0          0   _printf_i.o
       178          0          0          0          0         88   _printf_intcommon.o
        10          0          0          0          0          0   _printf_l.o
         6          0          0          0          0          0   _printf_lc.o
        10          0          0          0          0          0   _printf_ll.o
         6          0          0          0          0          0   _printf_lld.o
         6          0          0          0          0          0   _printf_lli.o
         6          0          0          0          0          0   _printf_llo.o
         6          0          0          0          0          0   _printf_llu.o
         6          0          0          0          0          0   _printf_llx.o
       124         16          0          0          0         92   _printf_longlong_dec.o
         6          0          0          0          0          0   _printf_ls.o
         6          0          0          0          0          0   _printf_n.o
         6          0          0          0          0          0   _printf_o.o
       112          8          0          0          0        124   _printf_oct_int_ll.o
         6          0          0          0          0          0   _printf_p.o
        78          0          0          0          0        108   _printf_pad.o
         0          0          0          0          0          0   _printf_percent.o
         4          0          0          0          0          0   _printf_percent_end.o
         6          0          0          0          0          0   _printf_s.o
        82          0          0          0          0         80   _printf_str.o
        36          0          0          0          0         84   _printf_truncate.o
         6          0          0          0          0          0   _printf_u.o
        44          0          0          0          0        108   _printf_wchar.o
       188          6          8          0          0         92   _printf_wctomb.o
         6          0          0          0          0          0   _printf_x.o
        22          0          0          0          0        100   _rserrno.o
        64          0          0          0          0         84   _sgetc.o
        16          0          0          0          0         68   aeabi_memset4.o
       228          4        148          0          0         96   bigflt0.o
      2152        136          0          0          0        956   btod.o
        40          0          0          0          0         80   calloc.o
        10          0          0          0          0         68   defsig_exit.o
        50          0          0          0          0         88   defsig_general.o
        80         58          0          0          0         76   defsig_rtmem_inner.o
        14          0          0          0          0         80   defsig_rtmem_outer.o
        18          0          0          0          0         80   exit.o
         8          0          0          0          0         68   ferror.o
        20          0          0          0          0         84   fprintf.o
        94          0          0          0          0         80   h1_alloc.o
        52          0          0          0          0         68   h1_extend.o
        78          0          0          0          0         80   h1_free.o
        12          0          0          0          0         84   h1_init.o
         6          0          0          0          0        152   heapauxi.o
         4          0          0          0          0        136   hguard.o
         0          0          0          0          0          0   indicate_semi.o
       138          0          0          0          0        168   init_alloc.o
        18          0          0          0          0         76   isspace.o
        44         10        272          0          0         76   lc_ctype_c.o
        44         10         28          0          0         76   lc_numeric_c.o
         2          0          0          0          0          0   libinit.o
        42          0          0          0          0          0   libinit2.o
         2          0          0          0          0          0   libshutdown.o
         2          0          0          0          0          0   libshutdown2.o
         8          4          0          0         96         68   libspace.o
        38          0          0          0          0         68   llshl.o
       138          0          0          0          0         80   lludiv10.o
       240          0          0          0          0        100   lludivv7m.o
         0          0          0          0          0          0   maybetermalloc1.o
        16          4          0          0          0         76   rt_ctype_table.o
         8          4          0          0          0         68   rt_errno_addr_intlibspace.o
         8          4          0          0          0         68   rt_heap_descriptor_intlibspace.o
         8          4          0          0          0         68   rt_locale_intlibspace.o
        68          0          0          0          0         68   rt_memclr.o
        78          0          0          0          0         80   rt_memclr_w.o
       138          0          0          0          0         68   rt_memcpy_v6.o
       100          0          0          0          0         80   rt_memcpy_w.o
         2          0          0          0          0          0   rtexit.o
        10          0          0          0          0          0   rtexit2.o
      1272         16          0          0          0        168   scanf_fp.o
       800         14          0          0          0        100   scanf_hexfp.o
       308         16          0          0          0        100   scanf_infnan.o
       124          0          0          0          0         88   strcmpv7em.o
        62          0          0          0          0         76   strlen.o
       176         14          0          0          0        124   strtod.o
         8          0          0          0          0         68   strtof.o
        74          0          0          0          0         80   sys_stackheap_outer.o
        14          0          0          0          0         76   sys_wrch.o
         2          0          0          0          0         68   use_no_semi.o
        98          4          0          0          0        140   d2f.o
        16          4          0          0          0        116   dcheck1.o
        24          0          0          0          0        116   dcmpi.o
       120          4          0          0          0        140   deqf.o
       120          4          0          0          0        140   dleqf.o
       340         12          0          0          0        152   dmul.o
       156          4          0          0          0        140   dnaninf.o
        12          0          0          0          0        116   dretinf.o
       108          0          0          0          0        128   drleqf.o
         0          0         16          0          0          0   fpconst.o
        26          0          0          0          0        116   fpinit.o
        10          0          0          0          0        116   fretinf.o
         6          0          0          0          0        116   istatus.o
         4          0          0          0          0        116   printf1.o
         4          0          0          0          0        116   printf2.o
       100          0          0          0          0        116   retnan.o
        92          0          0          0          0        116   scalbn.o
         4          0          0          0          0        116   scanf1.o
         8          0          0          0          0        132   scanf2.o
        48          0          0          0          0        116   trapv.o
         0          0          0          0          0          0   usenofp.o
        64         16          0          0          0        248   dunder.o
        48          0          0          0          0        124   fpclassify.o
       140         22          0          0          0        132   frexp.o
       228          8          0          0          0        308   ldexp.o
       266         16          0          0          0        308   narrow.o
        32          6          0          0          0        124   strtof.o

    ----------------------------------------------------------------------
     13062        494        568          0         96      10476   Library Totals
        24          0          1          0          0          0   (incl. Padding)

    ----------------------------------------------------------------------

      Code (inc. data)   RO Data    RW Data    ZI Data      Debug   Library Name

     10964        394        551          0         96       6868   c_w.l
      1296         32         16          0          0       2364   fz_wm.l
       778         68          0          0          0       1244   m_wm.l

    ----------------------------------------------------------------------
     13062        494        568          0         96      10476   Library Totals

    ----------------------------------------------------------------------

==============================================================================


      Code (inc. data)   RO Data    RW Data    ZI Data      Debug   

     53744        598       1504        120      35832     137746   Grand Totals
     53744        598       1504        120      35832     137746   ELF Image Totals
     53744        598       1504        120          0          0   ROM Totals

==============================================================================

    Total RO  Size (Code + RO Data)                55248 (  53.95kB)
    Total RW  Size (RW Data + ZI Data)             35952 (  35.11kB)
    Total ROM Size (Code + RO Data + RW Data)      55368 (  54.07kB)

==============================================================================

