Component: Arm Compiler for Embedded 6.20 Tool: armlink [5e9ad600]

==============================================================================

Section Cross References

    startup_stm32g474xx.o(STACK) refers (Special) to heapauxi.o(.text) for __use_two_region_memory
    startup_stm32g474xx.o(HEAP) refers (Special) to heapauxi.o(.text) for __use_two_region_memory
    startup_stm32g474xx.o(RESET) refers (Special) to heapauxi.o(.text) for __use_two_region_memory
    startup_stm32g474xx.o(RESET) refers to startup_stm32g474xx.o(STACK) for __initial_sp
    startup_stm32g474xx.o(RESET) refers to startup_stm32g474xx.o(.text) for Reset_Handler
    startup_stm32g474xx.o(RESET) refers to lto-llvm-71b38c.o(.text.NMI_Handler) for NMI_Handler
    startup_stm32g474xx.o(RESET) refers to lto-llvm-71b38c.o(.text.HardFault_Handler) for HardFault_Handler
    startup_stm32g474xx.o(RESET) refers to lto-llvm-71b38c.o(.text.MemManage_Handler) for MemManage_Handler
    startup_stm32g474xx.o(RESET) refers to lto-llvm-71b38c.o(.text.BusFault_Handler) for BusFault_Handler
    startup_stm32g474xx.o(RESET) refers to lto-llvm-71b38c.o(.text.UsageFault_Handler) for UsageFault_Handler
    startup_stm32g474xx.o(RESET) refers to lto-llvm-71b38c.o(.text.SVC_Handler) for SVC_Handler
    startup_stm32g474xx.o(RESET) refers to lto-llvm-71b38c.o(.text.DebugMon_Handler) for DebugMon_Handler
    startup_stm32g474xx.o(RESET) refers to lto-llvm-71b38c.o(.text.PendSV_Handler) for PendSV_Handler
    startup_stm32g474xx.o(RESET) refers to lto-llvm-71b38c.o(.text.SysTick_Handler) for SysTick_Handler
    startup_stm32g474xx.o(RESET) refers to lto-llvm-71b38c.o(.text.DMA1_Channel1_IRQHandler) for DMA1_Channel1_IRQHandler
    startup_stm32g474xx.o(RESET) refers to lto-llvm-71b38c.o(.text.DMA1_Channel2_IRQHandler) for DMA1_Channel2_IRQHandler
    startup_stm32g474xx.o(RESET) refers to lto-llvm-71b38c.o(.text.DMA1_Channel3_IRQHandler) for DMA1_Channel3_IRQHandler
    startup_stm32g474xx.o(RESET) refers to lto-llvm-71b38c.o(.text.DMA1_Channel4_IRQHandler) for DMA1_Channel4_IRQHandler
    startup_stm32g474xx.o(RESET) refers to lto-llvm-71b38c.o(.text.DMA1_Channel5_IRQHandler) for DMA1_Channel5_IRQHandler
    startup_stm32g474xx.o(RESET) refers to lto-llvm-71b38c.o(.text.DMA1_Channel6_IRQHandler) for DMA1_Channel6_IRQHandler
    startup_stm32g474xx.o(RESET) refers to lto-llvm-71b38c.o(.text.FDCAN1_IT0_IRQHandler) for FDCAN1_IT0_IRQHandler
    startup_stm32g474xx.o(RESET) refers to lto-llvm-71b38c.o(.text.FDCAN1_IT1_IRQHandler) for FDCAN1_IT1_IRQHandler
    startup_stm32g474xx.o(RESET) refers to lto-llvm-71b38c.o(.text.USART1_IRQHandler) for USART1_IRQHandler
    startup_stm32g474xx.o(RESET) refers to lto-llvm-71b38c.o(.text.UART4_IRQHandler) for UART4_IRQHandler
    startup_stm32g474xx.o(RESET) refers to lto-llvm-71b38c.o(.text.FDCAN2_IT0_IRQHandler) for FDCAN2_IT0_IRQHandler
    startup_stm32g474xx.o(RESET) refers to lto-llvm-71b38c.o(.text.FDCAN2_IT1_IRQHandler) for FDCAN2_IT1_IRQHandler
    startup_stm32g474xx.o(RESET) refers to lto-llvm-71b38c.o(.text.FDCAN3_IT0_IRQHandler) for FDCAN3_IT0_IRQHandler
    startup_stm32g474xx.o(RESET) refers to lto-llvm-71b38c.o(.text.FDCAN3_IT1_IRQHandler) for FDCAN3_IT1_IRQHandler
    startup_stm32g474xx.o(RESET) refers to lto-llvm-71b38c.o(.text.LPUART1_IRQHandler) for LPUART1_IRQHandler
    startup_stm32g474xx.o(.text) refers (Special) to heapauxi.o(.text) for __use_two_region_memory
    startup_stm32g474xx.o(.text) refers to lto-llvm-71b38c.o(.text.SystemInit) for SystemInit
    startup_stm32g474xx.o(.text) refers to __main.o(!!!main) for __main
    startup_stm32g474xx.o(.text) refers to startup_stm32g474xx.o(HEAP) for Heap_Mem
    startup_stm32g474xx.o(.text) refers to startup_stm32g474xx.o(STACK) for Stack_Mem
    malloc.o(.text) refers (Special) to hguard.o(.text) for __heap$guard
    malloc.o(.text) refers (Special) to init_alloc.o(.text) for _init_alloc
    malloc.o(.text) refers to rt_heap_descriptor_intlibspace.o(.text) for __rt_heap_descriptor
    malloc.o(.text) refers to heapstubs.o(.text) for __Heap_Alloc
    free.o(.text) refers (Special) to hguard.o(.text) for __heap$guard
    free.o(.text) refers to rt_heap_descriptor_intlibspace.o(.text) for __rt_heap_descriptor
    free.o(.text) refers to heapstubs.o(.text) for __Heap_Free
    realloc.o(.text) refers (Special) to hguard.o(.text) for __heap$guard
    realloc.o(.text) refers to rt_heap_descriptor_intlibspace.o(.text) for __rt_heap_descriptor
    realloc.o(.text) refers to heapstubs.o(.text) for __Heap_Realloc
    realloc.o(.text) refers to h1_free.o(.text) for free
    realloc.o(.text) refers to h1_alloc.o(.text) for malloc
    calloc.o(.text) refers to h1_alloc.o(.text) for malloc
    calloc.o(.text) refers to rt_memclr.o(.text) for __aeabi_memclr
    h1_alloc.o(.text) refers (Special) to h1_init.o(.text) for __Heap_Initialize
    h1_alloc.o(.text) refers to rt_heap_descriptor_intlibspace.o(.text) for __rt_heap_descriptor
[...]
    _printf_l                                0x080002b7   Thumb Code     0  _printf_l.o(.ARM.Collect$$_printf_percent$$00000012)
    _printf_c                                0x080002c1   Thumb Code     0  _printf_c.o(.ARM.Collect$$_printf_percent$$00000013)
    _printf_s                                0x080002c7   Thumb Code     0  _printf_s.o(.ARM.Collect$$_printf_percent$$00000014)
    _printf_lc                               0x080002cd   Thumb Code     0  _printf_lc.o(.ARM.Collect$$_printf_percent$$00000015)
    _printf_ls                               0x080002d3   Thumb Code     0  _printf_ls.o(.ARM.Collect$$_printf_percent$$00000016)
    _printf_percent_end                      0x080002d9   Thumb Code     0  _printf_percent_end.o(.ARM.Collect$$_printf_percent$$00000017)
    __rt_lib_init                            0x080002dd   Thumb Code     0  libinit.o(.ARM.Collect$$libinit$$00000000)
    __rt_lib_init_fp_1                       0x080002df   Thumb Code     0  libinit2.o(.ARM.Collect$$libinit$$00000001)
    __rt_lib_init_heap_2                     0x080002e3   Thumb Code     0  libinit2.o(.ARM.Collect$$libinit$$00000007)
    __rt_lib_init_preinit_1                  0x080002e3   Thumb Code     0  libinit2.o(.ARM.Collect$$libinit$$00000006)
    __rt_lib_init_relocate_pie_1             0x080002e3   Thumb Code     0  libinit2.o(.ARM.Collect$$libinit$$00000004)
    __rt_lib_init_heap_1                     0x080002eb   Thumb Code     0  libinit2.o(.ARM.Collect$$libinit$$0000000C)
    __rt_lib_init_lc_common                  0x080002eb   Thumb Code     0  libinit2.o(.ARM.Collect$$libinit$$00000011)
    __rt_lib_init_rand_1                     0x080002eb   Thumb Code     0  libinit2.o(.ARM.Collect$$libinit$$00000010)
    __rt_lib_init_user_alloc_1               0x080002eb   Thumb Code     0  libinit2.o(.ARM.Collect$$libinit$$0000000E)
    __rt_lib_init_lc_collate_1               0x080002f1   Thumb Code     0  libinit2.o(.ARM.Collect$$libinit$$00000013)
    __rt_lib_init_lc_ctype_2                 0x080002f1   Thumb Code     0  libinit2.o(.ARM.Collect$$libinit$$00000014)
    __rt_lib_init_lc_ctype_1                 0x080002fd   Thumb Code     0  libinit2.o(.ARM.Collect$$libinit$$00000015)
    __rt_lib_init_lc_monetary_1              0x080002fd   Thumb Code     0  libinit2.o(.ARM.Collect$$libinit$$00000017)
    __rt_lib_init_lc_numeric_2               0x080002fd   Thumb Code     0  libinit2.o(.ARM.Collect$$libinit$$00000018)
    __rt_lib_init_alloca_1                   0x08000307   Thumb Code     0  libinit2.o(.ARM.Collect$$libinit$$00000030)
    __rt_lib_init_argv_1                     0x08000307   Thumb Code     0  libinit2.o(.ARM.Collect$$libinit$$0000002E)
    __rt_lib_init_atexit_1                   0x08000307   Thumb Code     0  libinit2.o(.ARM.Collect$$libinit$$0000001D)
    __rt_lib_init_clock_1                    0x08000307   Thumb Code     0  libinit2.o(.ARM.Collect$$libinit$$00000023)
    __rt_lib_init_cpp_1                      0x08000307   Thumb Code     0  libinit2.o(.ARM.Collect$$libinit$$00000034)
    __rt_lib_init_exceptions_1               0x08000307   Thumb Code     0  libinit2.o(.ARM.Collect$$libinit$$00000032)
    __rt_lib_init_fp_trap_1                  0x08000307   Thumb Code     0  libinit2.o(.ARM.Collect$$libinit$$00000021)
    __rt_lib_init_getenv_1                   0x08000307   Thumb Code     0  libinit2.o(.ARM.Collect$$libinit$$00000025)
    __rt_lib_init_lc_numeric_1               0x08000307   Thumb Code     0  libinit2.o(.ARM.Collect$$libinit$$00000019)
    __rt_lib_init_lc_time_1                  0x08000307   Thumb Code     0  libinit2.o(.ARM.Collect$$libinit$$0000001B)
    __rt_lib_init_return                     0x08000307   Thumb Code     0  libinit2.o(.ARM.Collect$$libinit$$00000035)
    __rt_lib_init_signal_1                   0x08000307   Thumb Code     0  libinit2.o(.ARM.Collect$$libinit$$0000001F)
    __rt_lib_init_stdio_1                    0x08000307   Thumb Code     0  libinit2.o(.ARM.Collect$$libinit$$00000027)
    __rt_lib_shutdown                        0x08000309   Thumb Code     0  libshutdown.o(.ARM.Collect$$libshutdown$$00000000)
    __rt_lib_shutdown_cpp_1                  0x0800030b   Thumb Code     0  libshutdown2.o(.ARM.Collect$$libshutdown$$00000002)
    __rt_lib_shutdown_fp_trap_1              0x0800030b   Thumb Code     0  libshutdown2.o(.ARM.Collect$$libshutdown$$00000007)
    __rt_lib_shutdown_heap_1                 0x0800030b   Thumb Code     0  libshutdown2.o(.ARM.Collect$$libshutdown$$0000000F)
    __rt_lib_shutdown_return                 0x0800030b   Thumb Code     0  libshutdown2.o(.ARM.Collect$$libshutdown$$00000010)
    __rt_lib_shutdown_signal_1               0x0800030b   Thumb Code     0  libshutdown2.o(.ARM.Collect$$libshutdown$$0000000A)
    __rt_lib_shutdown_stdio_1                0x0800030b   Thumb Code     0  libshutdown2.o(.ARM.Collect$$libshutdown$$00000004)
    __rt_lib_shutdown_user_alloc_1           0x0800030b   Thumb Code     0  libshutdown2.o(.ARM.Collect$$libshutdown$$0000000C)
    __rt_entry                               0x0800030d   Thumb Code     0  __rtentry.o(.ARM.Collect$$rtentry$$00000000)
    __rt_entry_presh_1                       0x0800030d   Thumb Code     0  __rtentry2.o(.ARM.Collect$$rtentry$$00000002)
    __rt_entry_sh                            0x0800030d   Thumb Code     0  __rtentry4.o(.ARM.Collect$$rtentry$$00000004)
    __rt_entry_li                            0x08000313   Thumb Code     0  __rtentry2.o(.ARM.Collect$$rtentry$$0000000A)
    __rt_entry_postsh_1                      0x08000313   Thumb Code     0  __rtentry2.o(.ARM.Collect$$rtentry$$00000009)
    __rt_entry_main                          0x08000317   Thumb Code     0  __rtentry2.o(.ARM.Collect$$rtentry$$0000000D)
    __rt_entry_postli_1                      0x08000317   Thumb Code     0  __rtentry2.o(.ARM.Collect$$rtentry$$0000000C)
    __rt_exit                                0x0800031f   Thumb Code     0  rtexit.o(.ARM.Collect$$rtexit$$00000000)
    __rt_exit_ls                             0x08000321   Thumb Code     0  rtexit2.o(.ARM.Collect$$rtexit$$00000003)
    __rt_exit_prels_1                        0x08000321   Thumb Code     0  rtexit2.o(.ARM.Collect$$rtexit$$00000002)
    __rt_exit_exit                           0x08000325   Thumb Code     0  rtexit2.o(.ARM.Collect$$rtexit$$00000004)
    Reset_Handler                            0x0800032d   Thumb Code     8  startup_stm32g474xx.o(.text)
    ADC1_2_IRQHandler                        0x08000347   Thumb Code     0  startup_stm32g474xx.o(.text)
    ADC3_IRQHandler                          0x08000347   Thumb Code     0  startup_stm32g474xx.o(.text)
    ADC4_IRQHandler                          0x08000347   Thumb Code     0  startup_stm32g474xx.o(.text)
    ADC5_IRQHandler                          0x08000347   Thumb Code     0  startup_stm32g474xx.o(.text)
    COMP1_2_3_IRQHandler                     0x08000347   Thumb Code     0  startup_stm32g474xx.o(.text)
    COMP4_5_6_IRQHandler                     0x08000347   Thumb Code     0  startup_stm32g474xx.o(.text)
    COMP7_IRQHandler                         0x08000347   Thumb Code     0  startup_stm32g474xx.o(.text)
    CORDIC_IRQHandler                        0x08000347   Thumb Code     0  startup_stm32g474xx.o(.text)
    CRS_IRQHandler                           0x08000347   Thumb Code     0  startup_stm32g474xx.o(.text)
    DMA1_Channel7_IRQHandler                 0x08000347   Thumb Code     0  startup_stm32g474xx.o(.text)
    DMA1_Channel8_IRQHandler                 0x08000347   Thumb Code     0  startup_stm32g474xx.o(.text)
    DMA2_Channel1_IRQHandler                 0x08000347   Thumb Code     0  startup_stm32g474xx.o(.text)
    DMA2_Channel2_IRQHandler                 0x08000347   Thumb Code     0  startup_stm32g474xx.o(.text)
    DMA2_Channel3_IRQHandler                 0x08000347   Thumb Code     0  startup_stm32g474xx.o(.text)
    DMA2_Channel4_IRQHandler                 0x08000347   Thumb Code     0  startup_stm32g474xx.o(.text)
    DMA2_Channel5_IRQHandler                 0x08000347   Thumb Code     0  startup_stm32g474xx.o(.text)
    DMA2_Channel6_IRQHandler                 0x08000347   Thumb Code     0  startup_stm32g474xx.o(.text)
    DMA2_Channel7_IRQHandler                 0x08000347   Thumb Code     0  startup_stm32g474xx.o(.text)
    DMA2_Channel8_IRQHandler                 0x08000347   Thumb Code     0  startup_stm32g474xx.o(.text)
    DMAMUX_OVR_IRQHandler                    0x08000347   Thumb Code     0  startup_stm32g474xx.o(.text)
    EXTI0_IRQHandler                         0x08000347   Thumb Code     0  startup_stm32g474xx.o(.text)
    EXTI15_10_IRQHandler                     0x08000347   Thumb Code     0  startup_stm32g474xx.o(.text)
    EXTI1_IRQHandler                         0x08000347   Thumb Code     0  startup_stm32g474xx.o(.text)
    EXTI2_IRQHandler                         0x08000347   Thumb Code     0  startup_stm32g474xx.o(.text)
    EXTI3_IRQHandler                         0x08000347   Thumb Code     0  startup_stm32g474xx.o(.text)
    EXTI4_IRQHandler                         0x08000347   Thumb Code     0  startup_stm32g474xx.o(.text)
    EXTI9_5_IRQHandler                       0x08000347   Thumb Code     0  startup_stm32g474xx.o(.text)
    FLASH_IRQHandler                         0x08000347   Thumb Code     0  startup_stm32g474xx.o(.text)
    FMAC_IRQHandler                          0x08000347   Thumb Code     0  startup_stm32g474xx.o(.text)
    FMC_IRQHandler                           0x08000347   Thumb Code     0  startup_stm32g474xx.o(.text)
    FPU_IRQHandler                           0x08000347   Thumb Code     0  startup_stm32g474xx.o(.text)
    HRTIM1_FLT_IRQHandler                    0x08000347   Thumb Code     0  startup_stm32g474xx.o(.text)
    HRTIM1_Master_IRQHandler                 0x08000347   Thumb Code     0  startup_stm32g474xx.o(.text)
    HRTIM1_TIMA_IRQHandler                   0x08000347   Thumb Code     0  startup_stm32g474xx.o(.text)
    HRTIM1_TIMB_IRQHandler                   0x08000347   Thumb Code     0  startup_stm32g474xx.o(.text)
    HRTIM1_TIMC_IRQHandler                   0x08000347   Thumb Code     0  startup_stm32g474xx.o(.text)
    HRTIM1_TIMD_IRQHandler                   0x08000347   Thumb Code     0  startup_stm32g474xx.o(.text)
    HRTIM1_TIME_IRQHandler                   0x08000347   Thumb Code     0  startup_stm32g474xx.o(.text)
    HRTIM1_TIMF_IRQHandler                   0x08000347   Thumb Code     0  startup_stm32g474xx.o(.text)
    I2C1_ER_IRQHandler                       0x08000347   Thumb Code     0  startup_stm32g474xx.o(.text)
    I2C1_EV_IRQHandler                       0x08000347   Thumb Code     0  startup_stm32g474xx.o(.text)
    I2C2_ER_IRQHandler                       0x08000347   Thumb Code     0  startup_stm32g474xx.o(.text)
    I2C2_EV_IRQHandler                       0x08000347   Thumb Code     0  startup_stm32g474xx.o(.text)
    I2C3_ER_IRQHandler                       0x08000347   Thumb Code     0  startup_stm32g474xx.o(.text)
    I2C3_EV_IRQHandler                       0x08000347   Thumb Code     0  startup_stm32g474xx.o(.text)
    I2C4_ER_IRQHandler                       0x08000347   Thumb Code     0  startup_stm32g474xx.o(.text)
    I2C4_EV_IRQHandler                       0x08000347   Thumb Code     0  startup_stm32g474xx.o(.text)
    LPTIM1_IRQHandler                        0x08000347   Thumb Code     0  startup_stm32g474xx.o(.text)
    PVD_PVM_IRQHandler                       0x08000347   Thumb Code     0  startup_stm32g474xx.o(.text)
    QUADSPI_IRQHandler                       0x08000347   Thumb Code     0  startup_stm32g474xx.o(.text)
    RCC_IRQHandler                           0x08000347   Thumb Code     0  startup_stm32g474xx.o(.text)
    RNG_IRQHandler                           0x08000347   Thumb Code     0  startup_stm32g474xx.o(.text)
    RTC_Alarm_IRQHandler                     0x08000347   Thumb Code     0  startup_stm32g474xx.o(.text)
    RTC_TAMP_LSECSS_IRQHandler               0x08000347   Thumb Code     0  startup_stm32g474xx.o(.text)
    RTC_WKUP_IRQHandler                      0x08000347   Thumb Code     0  startup_stm32g474xx.o(.text)
    SAI1_IRQHandler                          0x08000347   Thumb Code     0  startup_stm32g474xx.o(.text)
    SPI1_IRQHandler                          0x08000347   Thumb Code     0  startup_stm32g474xx.o(.text)
    SPI2_IRQHandler                          0x08000347   Thumb Code     0  startup_stm32g474xx.o(.text)
    SPI3_IRQHandler                          0x08000347   Thumb Code     0  startup_stm32g474xx.o(.text)
    SPI4_IRQHandler                          0x08000347   Thumb Code     0  startup_stm32g474xx.o(.text)
    TIM1_BRK_TIM15_IRQHandler                0x08000347   Thumb Code     0  startup_stm32g474xx.o(.text)
    TIM1_CC_IRQHandler                       0x08000347   Thumb Code     0  startup_stm32g474xx.o(.text)
    TIM1_TRG_COM_TIM17_IRQHandler            0x08000347   Thumb Code     0  startup_stm32g474xx.o(.text)
    TIM1_UP_TIM16_IRQHandler                 0x08000347   Thumb Code     0  startup_stm32g474xx.o(.text)
    TIM20_BRK_IRQHandler                     0x08000347   Thumb Code     0  startup_stm32g474xx.o(.text)
    TIM20_CC_IRQHandler                      0x08000347   Thumb Code     0  startup_stm32g474xx.o(.text)
    TIM20_TRG_COM_IRQHandler                 0x08000347   Thumb Code     0  startup_stm32g474xx.o(.text)
    TIM20_UP_IRQHandler                      0x08000347   Thumb Code     0  startup_stm32g474xx.o(.text)
    TIM2_IRQHandler                          0x08000347   Thumb Code     0  startup_stm32g474xx.o(.text)
    TIM3_IRQHandler                          0x08000347   Thumb Code     0  startup_stm32g474xx.o(.text)
    TIM4_IRQHandler                          0x08000347   Thumb Code     0  startup_stm32g474xx.o(.text)
    TIM5_IRQHandler                          0x08000347   Thumb Code     0  startup_stm32g474xx.o(.text)
    TIM6_DAC_IRQHandler                      0x08000347   Thumb Code     0  startup_stm32g474xx.o(.text)
    TIM7_DAC_IRQHandler                      0x08000347   Thumb Code     0  startup_stm32g474xx.o(.text)
    TIM8_BRK_IRQHandler                      0x08000347   Thumb Code     0  startup_stm32g474xx.o(.text)
    TIM8_CC_IRQHandler                       0x08000347   Thumb Code     0  startup_stm32g474xx.o(.text)
    TIM8_TRG_COM_IRQHandler                  0x08000347   Thumb Code     0  startup_stm32g474xx.o(.text)
    TIM8_UP_IRQHandler                       0x08000347   Thumb Code     0  startup_stm32g474xx.o(.text)
    UART5_IRQHandler                         0x08000347   Thumb Code     0  startup_stm32g474xx.o(.text)
    UCPD1_IRQHandler                         0x08000347   Thumb Code     0  startup_stm32g474xx.o(.text)
    USART2_IRQHandler                        0x08000347   Thumb Code     0  startup_stm32g474xx.o(.text)
    USART3_IRQHandler                        0x08000347   Thumb Code     0  startup_stm32g474xx.o(.text)
    USBWakeUp_IRQHandler                     0x08000347   Thumb Code     0  startup_stm32g474xx.o(.text)
    USB_HP_IRQHandler                        0x08000347   Thumb Code     0  startup_stm32g474xx.o(.text)
    USB_LP_IRQHandler                        0x08000347   Thumb Code     0  startup_stm32g474xx.o(.text)
    WWDG_IRQHandler                          0x08000347   Thumb Code     0  startup_stm32g474xx.o(.text)
    __user_initial_stackheap                 0x08000349   Thumb Code     0  startup_stm32g474xx.o(.text)
    calloc                                   0x0800036d   Thumb Code    40  calloc.o(.text)
    malloc                                   0x08000395   Thumb Code    94  h1_alloc.o(.text)
    free                                     0x080003f3   Thumb Code    78  h1_free.o(.text)
    printf                                   0x08000441   Thumb Code    20  printf.o(.text)
    fprintf                                  0x08000459   Thumb Code    20  fprintf.o(.text)
    vsnprintf                                0x0800046d   Thumb Code    56  vsnprintf.o(.text)
    strlen                                   0x080004a9   Thumb Code    62  strlen.o(.text)
    __use_two_region_memory                  0x080004e7   Thumb Code     2  heapauxi.o(.text)
    __rt_heap_escrow                         0x080004e9   Thumb Code     2  heapauxi.o(.text)
    __rt_heap_expand                         0x080004eb   Thumb Code     2  heapauxi.o(.text)
    __rt_heap_descriptor                     0x080004ed   Thumb Code     8  rt_heap_descriptor_intlibspace.o(.text)
    __use_no_heap                            0x080004f5   Thumb Code     2  hguard.o(.text)
    __heap$guard                             0x080004f7   Thumb Code     2  hguard.o(.text)
    _terminate_user_alloc                    0x080004f9   Thumb Code     2  init_alloc.o(.text)
    _init_user_alloc                         0x080004fb   Thumb Code     2  init_alloc.o(.text)
    __Heap_Full                              0x080004fd   Thumb Code    34  init_alloc.o(.text)
    __Heap_Broken                            0x0800051f   Thumb Code     6  init_alloc.o(.text)
    _init_alloc                              0x08000525   Thumb Code    94  init_alloc.o(.text)
    __Heap_Initialize                        0x08000583   Thumb Code     8  h1_init.o(.text)
    __Heap_DescSize                          0x0800058b   Thumb Code     4  h1_init.o(.text)
    _printf_pre_padding                      0x0800058f   Thumb Code    44  _printf_pad.o(.text)
    _printf_post_padding                     0x080005bb   Thumb Code    34  _printf_pad.o(.text)
    _printf_truncate_signed                  0x080005dd   Thumb Code    18  _printf_truncate.o(.text)
    _printf_truncate_unsigned                0x080005ef   Thumb Code    18  _printf_truncate.o(.text)
    _printf_str                              0x08000601   Thumb Code    82  _printf_str.o(.text)
    _printf_int_dec                          0x08000655   Thumb Code   104  _printf_dec.o(.text)
    _printf_charcount                        0x080006cd   Thumb Code    40  _printf_charcount.o(.text)
    _printf_char_common                      0x080006ff   Thumb Code    32  _printf_char_common.o(.text)
    _snputc                                  0x08000725   Thumb Code    16  _snputc.o(.text)
    _printf_char_file                        0x08000735   Thumb Code    32  _printf_char_file.o(.text)
    _printf_wctomb                           0x08000759   Thumb Code   182  _printf_wctomb.o(.text)
    _printf_longlong_dec                     0x08000815   Thumb Code   108  _printf_longlong_dec.o(.text)
    _printf_longlong_oct                     0x08000891   Thumb Code    68  _printf_oct_int_ll.o(.text)
    _printf_int_oct                          0x080008d5   Thumb Code    24  _printf_oct_int_ll.o(.text)
    _printf_ll_oct                           0x080008ed   Thumb Code    12  _printf_oct_int_ll.o(.text)
    _printf_longlong_hex                     0x08000901   Thumb Code    86  _printf_hex_int_ll_ptr.o(.text)
    _printf_int_hex                          0x08000957   Thumb Code    28  _printf_hex_int_ll_ptr.o(.text)
    _printf_ll_hex                           0x08000973   Thumb Code    12  _printf_hex_int_ll_ptr.o(.text)
    _printf_hex_ptr                          0x0800097f   Thumb Code    18  _printf_hex_int_ll_ptr.o(.text)
    __printf                                 0x08000995   Thumb Code   388  __printf_flags_ss_wp.o(.text)
    __aeabi_memcpy4                          0x08000b1d   Thumb Code     0  rt_memcpy_w.o(.text)
    __aeabi_memcpy8                          0x08000b1d   Thumb Code     0  rt_memcpy_w.o(.text)
    __rt_memcpy_w                            0x08000b1d   Thumb Code   100  rt_memcpy_w.o(.text)
    _memcpy_lastbytes_aligned                0x08000b65   Thumb Code     0  rt_memcpy_w.o(.text)
    __aeabi_memclr                           0x08000b81   Thumb Code     0  rt_memclr.o(.text)
    __rt_memclr                              0x08000b81   Thumb Code     0  rt_memclr.o(.text)
    _memset                                  0x08000b85   Thumb Code    64  rt_memclr.o(.text)
    __user_libspace                          0x08000bc5   Thumb Code     8  libspace.o(.text)
    __user_perproc_libspace                  0x08000bc5   Thumb Code     0  libspace.o(.text)
    __user_perthread_libspace                0x08000bc5   Thumb Code     0  libspace.o(.text)
    __Heap_ProvideMemory                     0x08000bcd   Thumb Code    52  h1_extend.o(.text)
    _maybe_terminate_alloc                   0x08000bcd   Thumb Code     0  maybetermalloc1.o(.text)
    _ll_udiv10                               0x08000c01   Thumb Code   138  lludiv10.o(.text)
    _printf_int_common                       0x08000c8b   Thumb Code   178  _printf_intcommon.o(.text)
    _printf_fp_dec_real                      0x08000eed   Thumb Code   620  _printf_fp_dec.o(.text)
    _printf_fp_hex_real                      0x08001159   Thumb Code   756  _printf_fp_hex.o(.text)
    _printf_cs_common                        0x08001455   Thumb Code    20  _printf_char.o(.text)
    _printf_char                             0x08001469   Thumb Code    16  _printf_char.o(.text)
    _printf_string                           0x08001479   Thumb Code     8  _printf_char.o(.text)
    _printf_lcs_common                       0x08001481   Thumb Code    20  _printf_wchar.o(.text)
    _printf_wchar                            0x08001495   Thumb Code    16  _printf_wchar.o(.text)
    _printf_wstring                          0x080014a5   Thumb Code     8  _printf_wchar.o(.text)
    ferror                                   0x080014ad   Thumb Code     8  ferror.o(.text)
    _c16rtomb                                0x080014b5   Thumb Code    72  _c16rtomb.o(.text)
    _wcrtomb                                 0x080014b5   Thumb Code     0  _c16rtomb.o(.text)
    __rt_SIGRTMEM                            0x080014fd   Thumb Code    14  defsig_rtmem_outer.o(.text)
    __aeabi_memclr4                          0x0800150b   Thumb Code     0  rt_memclr_w.o(.text)
    __aeabi_memclr8                          0x0800150b   Thumb Code     0  rt_memclr_w.o(.text)
    __rt_memclr_w                            0x0800150b   Thumb Code     0  rt_memclr_w.o(.text)
    _memset_w                                0x0800150f   Thumb Code    74  rt_memclr_w.o(.text)
    __I$use$semihosting                      0x08001559   Thumb Code     0  use_no_semi.o(.text)
    __use_no_semihosting_swi                 0x08001559   Thumb Code     2  use_no_semi.o(.text)
    __semihosting_library_function           0x0800155b   Thumb Code     0  indicate_semi.o(.text)
    __user_setup_stackheap                   0x0800155b   Thumb Code    74  sys_stackheap_outer.o(.text)
    __rt_ctype_table                         0x080015a5   Thumb Code    16  rt_ctype_table.o(.text)
    __rt_locale                              0x080015b5   Thumb Code     8  rt_locale_intlibspace.o(.text)
    _printf_fp_infnan                        0x080015bd   Thumb Code   112  _printf_fp_infnan.o(.text)
    _btod_etento                             0x0800163d   Thumb Code   224  bigflt0.o(.text)
    exit                                     0x08001721   Thumb Code    18  exit.o(.text)
    __sig_exit                               0x08001733   Thumb Code    10  defsig_exit.o(.text)
    __rt_SIGRTMEM_inner                      0x0800173d   Thumb Code    22  defsig_rtmem_inner.o(.text)
    __default_signal_display                 0x0800178d   Thumb Code    50  defsig_general.o(.text)
    strcmp                                   0x080017c1   Thumb Code   124  strcmpv7em.o(.text)
    _ttywrch                                 0x0800183d   Thumb Code    14  sys_wrch.o(.text)
    __aeabi_uldivmod                         0x0800184b   Thumb Code     0  lludivv7m.o(.text)
    _ll_udiv                                 0x0800184b   Thumb Code   240  lludivv7m.o(.text)
    __aeabi_memcpy                           0x0800193b   Thumb Code     0  rt_memcpy_v6.o(.text)
    __rt_memcpy                              0x0800193b   Thumb Code   138  rt_memcpy_v6.o(.text)
    _memcpy_lastbytes                        0x080019a1   Thumb Code     0  rt_memcpy_v6.o(.text)
    __aeabi_memset4                          0x080019c5   Thumb Code    16  aeabi_memset4.o(.text)
    __aeabi_memset8                          0x080019c5   Thumb Code     0  aeabi_memset4.o(.text)
    BusFault_Handler                         0x080019d5   Thumb Code     4  lto-llvm-71b38c.o(.text.BusFault_Handler)
    DMA1_Channel1_IRQHandler                 0x080019d9   Thumb Code    16  lto-llvm-71b38c.o(.text.DMA1_Channel1_IRQHandler)
    DMA1_Channel2_IRQHandler                 0x080019e9   Thumb Code    16  lto-llvm-71b38c.o(.text.DMA1_Channel2_IRQHandler)
    DMA1_Channel3_IRQHandler                 0x080019f9   Thumb Code    16  lto-llvm-71b38c.o(.text.DMA1_Channel3_IRQHandler)
    DMA1_Channel4_IRQHandler                 0x08001a09   Thumb Code    16  lto-llvm-71b38c.o(.text.DMA1_Channel4_IRQHandler)
    DMA1_Channel5_IRQHandler                 0x08001a19   Thumb Code    16  lto-llvm-71b38c.o(.text.DMA1_Channel5_IRQHandler)
    DMA1_Channel6_IRQHandler                 0x08001a29   Thumb Code    16  lto-llvm-71b38c.o(.text.DMA1_Channel6_IRQHandler)
    DebugMon_Handler                         0x08001b7d   Thumb Code     2  lto-llvm-71b38c.o(.text.DebugMon_Handler)
    FDCAN1_IT0_IRQHandler                    0x08001b91   Thumb Code    16  lto-llvm-71b38c.o(.text.FDCAN1_IT0_IRQHandler)
    FDCAN1_IT1_IRQHandler                    0x08001ba1   Thumb Code    16  lto-llvm-71b38c.o(.text.FDCAN1_IT1_IRQHandler)
    FDCAN2_IT0_IRQHandler                    0x08001bb1   Thumb Code    16  lto-llvm-71b38c.o(.text.FDCAN2_IT0_IRQHandler)
    FDCAN2_IT1_IRQHandler                    0x08001bc1   Thumb Code    16  lto-llvm-71b38c.o(.text.FDCAN2_IT1_IRQHandler)
    FDCAN3_IT0_IRQHandler                    0x08001bd1   Thumb Code    16  lto-llvm-71b38c.o(.text.FDCAN3_IT0_IRQHandler)
    FDCAN3_IT1_IRQHandler                    0x08001be1   Thumb Code    16  lto-llvm-71b38c.o(.text.FDCAN3_IT1_IRQHandler)
    HardFault_Handler                        0x08005b29   Thumb Code     4  lto-llvm-71b38c.o(.text.HardFault_Handler)
    LPUART1_IRQHandler                       0x08005b51   Thumb Code    72  lto-llvm-71b38c.o(.text.LPUART1_IRQHandler)
    MemManage_Handler                        0x0800644d   Thumb Code     4  lto-llvm-71b38c.o(.text.MemManage_Handler)
    NMI_Handler                              0x08006451   Thumb Code     4  lto-llvm-71b38c.o(.text.NMI_Handler)
    PendSV_Handler                           0x080064c1   Thumb Code   100  lto-llvm-71b38c.o(.text.PendSV_Handler)
    SVC_Handler                              0x080065c1   Thumb Code    36  lto-llvm-71b38c.o(.text.SVC_Handler)
    SysTick_Handler                          0x08006639   Thumb Code    24  lto-llvm-71b38c.o(.text.SysTick_Handler)
    SystemInit                               0x080066c5   Thumb Code    18  lto-llvm-71b38c.o(.text.SystemInit)
    UART4_IRQHandler                         0x080066d9   Thumb Code    16  lto-llvm-71b38c.o(.text.UART4_IRQHandler)
    USART1_IRQHandler                        0x080075c1   Thumb Code    72  lto-llvm-71b38c.o(.text.USART1_IRQHandler)
    UsageFault_Handler                       0x08007609   Thumb Code     4  lto-llvm-71b38c.o(.text.UsageFault_Handler)
    _sys_exit                                0x08007701   Thumb Code    14  lto-llvm-71b38c.o(.text._sys_exit)
    fputc                                    0x08007b9d   Thumb Code    68  lto-llvm-71b38c.o(.text.fputc)
    main                                     0x08007d9d   Thumb Code    62  lto-llvm-71b38c.o(.text.main)
    vTaskSwitchContext                       0x0800a1c9   Thumb Code   204  lto-llvm-71b38c.o(.text.vTaskSwitchContext)
    _btod_d2e                                0x0800b347   Thumb Code    62  btod.o(CL$$btod_d2e)
    _d2e_denorm_low                          0x0800b385   Thumb Code    70  btod.o(CL$$btod_d2e_denorm_low)
    _d2e_norm_op1                            0x0800b3cb   Thumb Code    96  btod.o(CL$$btod_d2e_norm_op1)
    __btod_div_common                        0x0800b42d   Thumb Code   696  btod.o(CL$$btod_div_common)
    _e2e                                     0x0800b765   Thumb Code   220  btod.o(CL$$btod_e2e)
    _btod_ediv                               0x0800b841   Thumb Code    42  btod.o(CL$$btod_ediv)
    _btod_emul                               0x0800b86b   Thumb Code    42  btod.o(CL$$btod_emul)
    __btod_mult_common                       0x0800b895   Thumb Code   580  btod.o(CL$$btod_mult_common)
    __ARM_fpclassify                         0x0800bad9   Thumb Code    48  fpclassify.o(i.__ARM_fpclassify)
    _is_digit                                0x0800bb09   Thumb Code    14  __printf_wp.o(i._is_digit)
    _get_lc_numeric                          0x0800bb19   Thumb Code    44  lc_numeric_c.o(locale$$code)
    _get_lc_ctype                            0x0800bb45   Thumb Code    44  lc_ctype_c.o(locale$$code)
    _fp_init                                 0x0800bb71   Thumb Code    26  fpinit.o(x$fpl$fpinit)
    __fplib_config_fpu_vfp                   0x0800bb89   Thumb Code     0  fpinit.o(x$fpl$fpinit)
    __fplib_config_pureend_doubles           0x0800bb89   Thumb Code     0  fpinit.o(x$fpl$fpinit)
    _printf_fp_dec                           0x0800bb8b   Thumb Code     4  printf1.o(x$fpl$printf1)
    _printf_fp_hex                           0x0800bb8f   Thumb Code     4  printf2.o(x$fpl$printf2)
    __I$use$fp                               0x0800bb92   Number         0  usenofp.o(x$fpl$usenofp)
    Region$$Table$$Base                      0x0800bebc   Number         0  anon$$obj.o(Region$$Table)
    Region$$Table$$Limit                     0x0800bedc   Number         0  anon$$obj.o(Region$$Table)
    __ctype                                  0x0800bf05   Data           0  lc_ctype_c.o(locale$$data)
    __libspace_start                         0x20000058   Data          96  libspace.o(.bss)
    __temporary_stack_top$libspace           0x200000b8   Data           0  libspace.o(.bss)
    __stdout                                 0x20000110   Data          84  lto-llvm-71b38c.o(.bss.__stdout)
    pxCurrentTCB                             0x200007dc   Data           4  lto-llvm-71b38c.o(.bss.pxCurrentTCB)



==============================================================================

Memory Map of the image

  Image Entry point : 0x080001d9

  Load Region LR_IROM1 (Base: 0x08000000, Size: 0x0000c060, Max: 0x00080000, ABSOLUTE)

    Execution Region ER_IROM1 (Base: 0x08000000, Size: 0x0000c008, Max: 0x00080000, ABSOLUTE)

    Base Addr    Size         Type   Attr      Idx    E Section Name        Object

    0x08000000   0x000001d8   Data   RO           11    RESET               startup_stm32g474xx.o
    0x080001d8   0x00000008   Code   RO          141  * !!!main             c_w.l(__main.o)
    0x080001e0   0x00000034   Code   RO         1262    !!!scatter          c_w.l(__scatter.o)
    0x08000214   0x0000001a   Code   RO         1264    !!handler_copy      c_w.l(__scatter_copy.o)
    0x0800022e   0x00000002   PAD
    0x08000230   0x0000001c   Code   RO         1266    !!handler_zi        c_w.l(__scatter_zi.o)
    0x0800024c   0x00000000   Code   RO          258    .ARM.Collect$$_printf_percent$$00000000  c_w.l(_printf_percent.o)
    0x0800024c   0x00000006   Code   RO          247    .ARM.Collect$$_printf_percent$$00000001  c_w.l(_printf_n.o)
    0x08000252   0x00000006   Code   RO          249    .ARM.Collect$$_printf_percent$$00000002  c_w.l(_printf_p.o)
    0x08000258   0x00000006   Code   RO          254    .ARM.Collect$$_printf_percent$$00000003  c_w.l(_printf_f.o)
    0x0800025e   0x00000006   Code   RO          255    .ARM.Collect$$_printf_percent$$00000004  c_w.l(_printf_e.o)
    0x08000264   0x00000006   Code   RO          256    .ARM.Collect$$_printf_percent$$00000005  c_w.l(_printf_g.o)
    0x0800026a   0x00000006   Code   RO          257    .ARM.Collect$$_printf_percent$$00000006  c_w.l(_printf_a.o)
    0x08000270   0x0000000a   Code   RO          262    .ARM.Collect$$_printf_percent$$00000007  c_w.l(_printf_ll.o)
    0x0800027a   0x00000006   Code   RO          251    .ARM.Collect$$_printf_percent$$00000008  c_w.l(_printf_i.o)
    0x08000280   0x00000006   Code   RO          252    .ARM.Collect$$_printf_percent$$00000009  c_w.l(_printf_d.o)
    0x08000286   0x00000006   Code   RO          253    .ARM.Collect$$_printf_percent$$0000000A  c_w.l(_printf_u.o)
    0x0800028c   0x00000006   Code   RO          250    .ARM.Collect$$_printf_percent$$0000000B  c_w.l(_printf_o.o)
    0x08000292   0x00000006   Code   RO          248    .ARM.Collect$$_printf_percent$$0000000C  c_w.l(_printf_x.o)
    0x08000298   0x00000006   Code   RO          259    .ARM.Collect$$_printf_percent$$0000000D  c_w.l(_printf_lli.o)
    0x0800029e   0x00000006   Code   RO          260    .ARM.Collect$$_printf_percent$$0000000E  c_w.l(_printf_lld.o)
    0x080002a4   0x00000006   Code   RO          261    .ARM.Collect$$_printf_percent$$0000000F  c_w.l(_printf_llu.o)
    0x080002aa   0x00000006   Code   RO          266    .ARM.Collect$$_printf_percent$$00000010  c_w.l(_printf_llo.o)
    0x080002b0   0x00000006   Code   RO          267    .ARM.Collect$$_printf_percent$$00000011  c_w.l(_printf_llx.o)
    0x080002b6   0x0000000a   Code   RO          263    .ARM.Collect$$_printf_percent$$00000012  c_w.l(_printf_l.o)
    0x080002c0   0x00000006   Code   RO          245    .ARM.Collect$$_printf_percent$$00000013  c_w.l(_printf_c.o)
    0x080002c6   0x00000006   Code   RO          246    .ARM.Collect$$_printf_percent$$00000014  c_w.l(_printf_s.o)
    0x080002cc   0x00000006   Code   RO          264    .ARM.Collect$$_printf_percent$$00000015  c_w.l(_printf_lc.o)
    0x080002d2   0x00000006   Code   RO          265    .ARM.Collect$$_printf_percent$$00000016  c_w.l(_printf_ls.o)
    0x080002d8   0x00000004   Code   RO          399    .ARM.Collect$$_printf_percent$$00000017  c_w.l(_printf_percent_end.o)
    0x080002dc   0x00000002   Code   RO          506    .ARM.Collect$$libinit$$00000000  c_w.l(libinit.o)
    0x080002de   0x00000004   Code   RO          292    .ARM.Collect$$libinit$$00000001  c_w.l(libinit2.o)
    0x080002e2   0x00000000   Code   RO          295    .ARM.Collect$$libinit$$00000004  c_w.l(libinit2.o)
    0x080002e2   0x00000000   Code   RO          297    .ARM.Collect$$libinit$$00000006  c_w.l(libinit2.o)
    0x080002e2   0x00000008   Code   RO          298    .ARM.Collect$$libinit$$00000007  c_w.l(libinit2.o)
    0x080002ea   0x00000000   Code   RO          300    .ARM.Collect$$libinit$$0000000C  c_w.l(libinit2.o)
    0x080002ea   0x00000000   Code   RO          302    .ARM.Collect$$libinit$$0000000E  c_w.l(libinit2.o)
    0x080002ea   0x00000000   Code   RO          304    .ARM.Collect$$libinit$$00000010  c_w.l(libinit2.o)
    0x080002ea   0x00000006   Code   RO          305    .ARM.Collect$$libinit$$00000011  c_w.l(libinit2.o)
    0x080002f0   0x00000000   Code   RO          307    .ARM.Collect$$libinit$$00000013  c_w.l(libinit2.o)
    0x080002f0   0x0000000c   Code   RO          308    .ARM.Collect$$libinit$$00000014  c_w.l(libinit2.o)
    0x080002fc   0x00000000   Code   RO          309    .ARM.Collect$$libinit$$00000015  c_w.l(libinit2.o)
    0x080002fc   0x00000000   Code   RO          311    .ARM.Collect$$libinit$$00000017  c_w.l(libinit2.o)
    0x080002fc   0x0000000a   Code   RO          312    .ARM.Collect$$libinit$$00000018  c_w.l(libinit2.o)
    0x08000306   0x00000000   Code   RO          313    .ARM.Collect$$libinit$$00000019  c_w.l(libinit2.o)
    0x08000306   0x00000000   Code   RO          315    .ARM.Collect$$libinit$$0000001B  c_w.l(libinit2.o)
    0x08000306   0x00000000   Code   RO          317    .ARM.Collect$$libinit$$0000001D  c_w.l(libinit2.o)
    0x08000306   0x00000000   Code   RO          319    .ARM.Collect$$libinit$$0000001F  c_w.l(libinit2.o)
    0x08000306   0x00000000   Code   RO          321    .ARM.Collect$$libinit$$00000021  c_w.l(libinit2.o)
    0x08000306   0x00000000   Code   RO          323    .ARM.Collect$$libinit$$00000023  c_w.l(libinit2.o)
    0x08000306   0x00000000   Code   RO          325    .ARM.Collect$$libinit$$00000025  c_w.l(libinit2.o)
    0x08000306   0x00000000   Code   RO          327    .ARM.Collect$$libinit$$00000027  c_w.l(libinit2.o)
    0x08000306   0x00000000   Code   RO          331    .ARM.Collect$$libinit$$0000002E  c_w.l(libinit2.o)
    0x08000306   0x00000000   Code   RO          333    .ARM.Collect$$libinit$$00000030  c_w.l(libinit2.o)
    0x08000306   0x00000000   Code   RO          335    .ARM.Collect$$libinit$$00000032  c_w.l(libinit2.o)
    0x08000306   0x00000000   Code   RO          337    .ARM.Collect$$libinit$$00000034  c_w.l(libinit2.o)
    0x08000306   0x00000002   Code   RO          338    .ARM.Collect$$libinit$$00000035  c_w.l(libinit2.o)
    0x08000308   0x00000002   Code   RO          631    .ARM.Collect$$libshutdown$$00000000  c_w.l(libshutdown.o)
    0x0800030a   0x00000000   Code   RO          553    .ARM.Collect$$libshutdown$$00000002  c_w.l(libshutdown2.o)
    0x0800030a   0x00000000   Code   RO          555    .ARM.Collect$$libshutdown$$00000004  c_w.l(libshutdown2.o)
    0x0800030a   0x00000000   Code   RO          558    .ARM.Collect$$libshutdown$$00000007  c_w.l(libshutdown2.o)
    0x0800030a   0x00000000   Code   RO          561    .ARM.Collect$$libshutdown$$0000000A  c_w.l(libshutdown2.o)
    0x0800030a   0x00000000   Code   RO          563    .ARM.Collect$$libshutdown$$0000000C  c_w.l(libshutdown2.o)
    0x0800030a   0x00000000   Code   RO          566    .ARM.Collect$$libshutdown$$0000000F  c_w.l(libshutdown2.o)
    0x0800030a   0x00000002   Code   RO          567    .ARM.Collect$$libshutdown$$00000010  c_w.l(libshutdown2.o)
    0x0800030c   0x00000000   Code   RO          151    .ARM.Collect$$rtentry$$00000000  c_w.l(__rtentry.o)
    0x0800030c   0x00000000   Code   RO          358    .ARM.Collect$$rtentry$$00000002  c_w.l(__rtentry2.o)
    0x0800030c   0x00000006   Code   RO          370    .ARM.Collect$$rtentry$$00000004  c_w.l(__rtentry4.o)
    0x08000312   0x00000000   Code   RO          360    .ARM.Collect$$rtentry$$00000009  c_w.l(__rtentry2.o)
    0x08000312   0x00000004   Code   RO          361    .ARM.Collect$$rtentry$$0000000A  c_w.l(__rtentry2.o)
    0x08000316   0x00000000   Code   RO          363    .ARM.Collect$$rtentry$$0000000C  c_w.l(__rtentry2.o)
    0x08000316   0x00000008   Code   RO          364    .ARM.Collect$$rtentry$$0000000D  c_w.l(__rtentry2.o)
    0x0800031e   0x00000002   Code   RO          529    .ARM.Collect$$rtexit$$00000000  c_w.l(rtexit.o)
    0x08000320   0x00000000   Code   RO          585    .ARM.Collect$$rtexit$$00000002  c_w.l(rtexit2.o)
    0x08000320   0x00000004   Code   RO          586    .ARM.Collect$$rtexit$$00000003  c_w.l(rtexit2.o)
    0x08000324   0x00000006   Code   RO          587    .ARM.Collect$$rtexit$$00000004  c_w.l(rtexit2.o)
    0x0800032a   0x00000002   PAD
    0x0800032c   0x00000040   Code   RO           12    .text               startup_stm32g474xx.o
    0x0800036c   0x00000028   Code   RO           61    .text               c_w.l(calloc.o)
    0x08000394   0x0000005e   Code   RO           63    .text               c_w.l(h1_alloc.o)
    0x080003f2   0x0000004e   Code   RO           65    .text               c_w.l(h1_free.o)
    0x08000440   0x00000018   Code   RO          125    .text               c_w.l(printf.o)
    0x08000458   0x00000014   Code   RO          127    .text               c_w.l(fprintf.o)
    0x0800046c   0x0000003c   Code   RO          131    .text               c_w.l(vsnprintf.o)
    0x080004a8   0x0000003e   Code   RO          137    .text               c_w.l(strlen.o)
    0x080004e6   0x00000006   Code   RO          139    .text               c_w.l(heapauxi.o)
    0x080004ec   0x00000008   Code   RO          155    .text               c_w.l(rt_heap_descriptor_intlibspace.o)
    0x080004f4   0x00000004   Code   RO          157    .text               c_w.l(hguard.o)
    0x080004f8   0x0000008a   Code   RO          159    .text               c_w.l(init_alloc.o)
    0x08000582   0x0000000c   Code   RO          163    .text               c_w.l(h1_init.o)
    0x0800058e   0x0000004e   Code   RO          177    .text               c_w.l(_printf_pad.o)
    0x080005dc   0x00000024   Code   RO          179    .text               c_w.l(_printf_truncate.o)
    0x08000600   0x00000052   Code   RO          181    .text               c_w.l(_printf_str.o)
    0x08000652   0x00000002   PAD
    0x08000654   0x00000078   Code   RO          183    .text               c_w.l(_printf_dec.o)
    0x080006cc   0x00000028   Code   RO          185    .text               c_w.l(_printf_charcount.o)
    0x080006f4   0x00000030   Code   RO          187    .text               c_w.l(_printf_char_common.o)
    0x08000724   0x00000010   Code   RO          189    .text               c_w.l(_snputc.o)
    0x08000734   0x00000024   Code   RO          191    .text               c_w.l(_printf_char_file.o)
    0x08000758   0x000000bc   Code   RO          193    .text               c_w.l(_printf_wctomb.o)
    0x08000814   0x0000007c   Code   RO          196    .text               c_w.l(_printf_longlong_dec.o)
    0x08000890   0x00000070   Code   RO          202    .text               c_w.l(_printf_oct_int_ll.o)
    0x08000900   0x00000094   Code   RO          222    .text               c_w.l(_printf_hex_int_ll_ptr.o)
    0x08000994   0x00000188   Code   RO          242    .text               c_w.l(__printf_flags_ss_wp.o)
    0x08000b1c   0x00000064   Code   RO          286    .text               c_w.l(rt_memcpy_w.o)
    0x08000b80   0x00000044   Code   RO          288    .text               c_w.l(rt_memclr.o)
    0x08000bc4   0x00000008   Code   RO          354    .text               c_w.l(libspace.o)
    0x08000bcc   0x00000000   Code   RO          374    .text               c_w.l(maybetermalloc1.o)
    0x08000bcc   0x00000034   Code   RO          376    .text               c_w.l(h1_extend.o)
    0x08000c00   0x0000008a   Code   RO          380    .text               c_w.l(lludiv10.o)
    0x08000c8a   0x000000b2   Code   RO          384    .text               c_w.l(_printf_intcommon.o)
    0x08000d3c   0x0000041c   Code   RO          386    .text               c_w.l(_printf_fp_dec.o)
    0x08001158   0x000002fc   Code   RO          390    .text               c_w.l(_printf_fp_hex.o)
    0x08001454   0x0000002c   Code   RO          395    .text               c_w.l(_printf_char.o)
    0x08001480   0x0000002c   Code   RO          397    .text               c_w.l(_printf_wchar.o)
    0x080014ac   0x00000008   Code   RO          412    .text               c_w.l(ferror.o)
    0x080014b4   0x00000048   Code   RO          418    .text               c_w.l(_c16rtomb.o)
    0x080014fc   0x0000000e   Code   RO          420    .text               c_w.l(defsig_rtmem_outer.o)
    0x0800150a   0x0000004e   Code   RO          424    .text               c_w.l(rt_memclr_w.o)
    0x08001558   0x00000002   Code   RO          433    .text               c_w.l(use_no_semi.o)
    0x0800155a   0x00000000   Code   RO          435    .text               c_w.l(indicate_semi.o)
    0x0800155a   0x0000004a   Code   RO          436    .text               c_w.l(sys_stackheap_outer.o)
    0x080015a4   0x00000010   Code   RO          438    .text               c_w.l(rt_ctype_table.o)
    0x080015b4   0x00000008   Code   RO          445    .text               c_w.l(rt_locale_intlibspace.o)
    0x080015bc   0x00000080   Code   RO          456    .text               c_w.l(_printf_fp_infnan.o)
    0x0800163c   0x000000e4   Code   RO          458    .text               c_w.l(bigflt0.o)
    0x08001720   0x00000012   Code   RO          491    .text               c_w.l(exit.o)
    0x08001732   0x0000000a   Code   RO          493    .text               c_w.l(defsig_exit.o)
    0x0800173c   0x00000050   Code   RO          495    .text               c_w.l(defsig_rtmem_inner.o)
    0x0800178c   0x00000032   Code   RO          548    .text               c_w.l(defsig_general.o)
    0x080017be   0x00000002   PAD
    0x080017c0   0x0000007c   Code   RO          550    .text               c_w.l(strcmpv7em.o)
    0x0800183c   0x0000000e   Code   RO          580    .text               c_w.l(sys_wrch.o)
    0x0800184a   0x000000f0   Code   RO         1244    .text               c_w.l(lludivv7m.o)
    0x0800193a   0x0000008a   Code   RO         1246    .text               c_w.l(rt_memcpy_v6.o)
    0x080019c4   0x00000010   Code   RO         1248    .text               c_w.l(aeabi_memset4.o)
    0x080019d4   0x00000004   Code   RO          695    .text.BusFault_Handler  lto-llvm-71b38c.o
    0x080019d8   0x00000010   Code   RO          703    .text.DMA1_Channel1_IRQHandler  lto-llvm-71b38c.o
    0x080019e8   0x00000010   Code   RO          705    .text.DMA1_Channel2_IRQHandler  lto-llvm-71b38c.o
    0x080019f8   0x00000010   Code   RO          707    .text.DMA1_Channel3_IRQHandler  lto-llvm-71b38c.o
    0x08001a08   0x00000010   Code   RO          709    .text.DMA1_Channel4_IRQHandler  lto-llvm-71b38c.o
    0x08001a18   0x00000010   Code   RO          711    .text.DMA1_Channel5_IRQHandler  lto-llvm-71b38c.o
    0x08001a28   0x00000010   Code   RO          713    .text.DMA1_Channel6_IRQHandler  lto-llvm-71b38c.o
    0x08001a38   0x00000090   Code   RO          783    .text.DMA_CalcDMAMUXChannelBaseAndMask  lto-llvm-71b38c.o
    0x08001ac8   0x00000042   Code   RO          785    .text.DMA_CalcDMAMUXRequestGenBaseAndMask  lto-llvm-71b38c.o
    0x08001b0a   0x00000002   PAD
    0x08001b0c   0x00000070   Code   RO          787    .text.DMA_SetConfig  lto-llvm-71b38c.o
    0x08001b7c   0x00000002   Code   RO          699    .text.DebugMon_Handler  lto-llvm-71b38c.o
    0x08001b7e   0x00000002   PAD
    0x08001b80   0x0000000e   Code   RO          685    .text.Error_Handler  lto-llvm-71b38c.o
    0x08001b8e   0x00000002   PAD
    0x08001b90   0x00000010   Code   RO          715    .text.FDCAN1_IT0_IRQHandler  lto-llvm-71b38c.o
    0x08001ba0   0x00000010   Code   RO          717    .text.FDCAN1_IT1_IRQHandler  lto-llvm-71b38c.o
    0x08001bb0   0x00000010   Code   RO          723    .text.FDCAN2_IT0_IRQHandler  lto-llvm-71b38c.o
    0x08001bc0   0x00000010   Code   RO          725    .text.FDCAN2_IT1_IRQHandler  lto-llvm-71b38c.o
    0x08001bd0   0x00000010   Code   RO          727    .text.FDCAN3_IT0_IRQHandler  lto-llvm-71b38c.o
    0x08001be0   0x00000010   Code   RO          729    .text.FDCAN3_IT1_IRQHandler  lto-llvm-71b38c.o
    0x08001bf0   0x000000d6   Code   RO          801    .text.FDCAN_CalcultateRamBlockAddresses  lto-llvm-71b38c.o
    0x08001cc6   0x00000002   PAD
    0x08001cc8   0x000000b6   Code   RO          791    .text.HAL_DMA_Abort  lto-llvm-71b38c.o
    0x08001d7e   0x00000002   PAD
    0x08001d80   0x000000c4   Code   RO          793    .text.HAL_DMA_Abort_IT  lto-llvm-71b38c.o
    0x08001e44   0x0000000c   Code   RO          797    .text.HAL_DMA_GetError  lto-llvm-71b38c.o
    0x08001e50   0x0000015a   Code   RO          795    .text.HAL_DMA_IRQHandler  lto-llvm-71b38c.o
    0x08001faa   0x00000002   PAD
    0x08001fac   0x0000015a   Code   RO          781    .text.HAL_DMA_Init  lto-llvm-71b38c.o
    0x08002106   0x00000002   PAD
    0x08002108   0x000000fc   Code   RO          789    .text.HAL_DMA_Start_IT  lto-llvm-71b38c.o
    0x08002204   0x0000004a   Code   RO          749    .text.HAL_DeInit    lto-llvm-71b38c.o
    0x0800224e   0x00000002   PAD
    0x08002250   0x0000003a   Code   RO          757    .text.HAL_Delay     lto-llvm-71b38c.o
    0x0800228a   0x00000002   PAD
    0x0800228c   0x0000020a   Code   RO          809    .text.HAL_FDCAN_ActivateNotification  lto-llvm-71b38c.o
    0x08002496   0x00000002   PAD
    0x08002498   0x000000b6   Code   RO          803    .text.HAL_FDCAN_ConfigFilter  lto-llvm-71b38c.o
    0x0800254e   0x00000002   PAD
    0x08002550   0x00000008   Code   RO          829    .text.HAL_FDCAN_ErrorCallback  lto-llvm-71b38c.o
    0x08002558   0x0000000a   Code   RO          827    .text.HAL_FDCAN_ErrorStatusCallback  lto-llvm-71b38c.o
    0x08002562   0x00000002   PAD
    0x08002564   0x0000023c   Code   RO          807    .text.HAL_FDCAN_GetRxMessage  lto-llvm-71b38c.o
    0x080027a0   0x00000008   Code   RO          813    .text.HAL_FDCAN_HighPriorityMessageCallback  lto-llvm-71b38c.o
    0x080027a8   0x000002b8   Code   RO          811    .text.HAL_FDCAN_IRQHandler  lto-llvm-71b38c.o
    0x08002a60   0x000002ce   Code   RO          799    .text.HAL_FDCAN_Init  lto-llvm-71b38c.o
    0x08002d2e   0x00000002   PAD
    0x08002d30   0x00000260   Code   RO          675    .text.HAL_FDCAN_MspInit  lto-llvm-71b38c.o
    0x08002f90   0x00000048   Code   RO          941    .text.HAL_FDCAN_RxFifo0Callback  lto-llvm-71b38c.o
    0x08002fd8   0x0000004a   Code   RO          943    .text.HAL_FDCAN_RxFifo1Callback  lto-llvm-71b38c.o
    0x08003022   0x00000002   PAD
    0x08003024   0x0000004a   Code   RO          805    .text.HAL_FDCAN_Start  lto-llvm-71b38c.o
    0x0800306e   0x00000002   PAD
    0x08003070   0x00000008   Code   RO          825    .text.HAL_FDCAN_TimeoutOccurredCallback  lto-llvm-71b38c.o
    0x08003078   0x00000008   Code   RO          823    .text.HAL_FDCAN_TimestampWraparoundCallback  lto-llvm-71b38c.o
    0x08003080   0x0000000a   Code   RO          815    .text.HAL_FDCAN_TxBufferAbortCallback  lto-llvm-71b38c.o
    0x0800308a   0x00000002   PAD
    0x0800308c   0x0000000a   Code   RO          821    .text.HAL_FDCAN_TxBufferCompleteCallback  lto-llvm-71b38c.o
    0x08003096   0x00000002   PAD
    0x08003098   0x0000000a   Code   RO          817    .text.HAL_FDCAN_TxEventFifoCallback  lto-llvm-71b38c.o
    0x080030a2   0x00000002   PAD
    0x080030a4   0x00000008   Code   RO          819    .text.HAL_FDCAN_TxFifoEmptyCallback  lto-llvm-71b38c.o
    0x080030ac   0x0000036c   Code   RO          831    .text.HAL_GPIO_Init  lto-llvm-71b38c.o
    0x08003418   0x0000002e   Code   RO          833    .text.HAL_GPIO_ReadPin  lto-llvm-71b38c.o
    0x08003446   0x00000002   PAD
    0x08003448   0x00000030   Code   RO          837    .text.HAL_GPIO_TogglePin  lto-llvm-71b38c.o
    0x08003478   0x0000002c   Code   RO          835    .text.HAL_GPIO_WritePin  lto-llvm-71b38c.o
    0x080034a4   0x0000000c   Code   RO          755    .text.HAL_GetTick   lto-llvm-71b38c.o
    0x080034b0   0x00000010   Code   RO          753    .text.HAL_IncTick   lto-llvm-71b38c.o
    0x080034c0   0x0000002a   Code   RO          745    .text.HAL_Init      lto-llvm-71b38c.o
    0x080034ea   0x00000002   PAD
    0x080034ec   0x0000006a   Code   RO          747    .text.HAL_InitTick  lto-llvm-71b38c.o
    0x08003556   0x00000002   PAD
    0x08003558   0x00000048   Code   RO          687    .text.HAL_MspInit   lto-llvm-71b38c.o
    0x080035a0   0x00000014   Code   RO          771    .text.HAL_NVIC_EnableIRQ  lto-llvm-71b38c.o
    0x080035b4   0x0000002e   Code   RO          763    .text.HAL_NVIC_SetPriority  lto-llvm-71b38c.o
    0x080035e2   0x00000002   PAD
    0x080035e4   0x00000012   Code   RO          759    .text.HAL_NVIC_SetPriorityGrouping  lto-llvm-71b38c.o
    0x080035f6   0x00000002   PAD
    0x080035f8   0x000001a6   Code   RO          839    .text.HAL_PWREx_ControlVoltageScaling  lto-llvm-71b38c.o
    0x0800379e   0x00000002   PAD
    0x080037a0   0x00000012   Code   RO          841    .text.HAL_PWREx_DisableUCPDDeadBattery  lto-llvm-71b38c.o
    0x080037b2   0x00000002   PAD
    0x080037b4   0x00000528   Code   RO          857    .text.HAL_RCCEx_PeriphCLKConfig  lto-llvm-71b38c.o
    0x08003cdc   0x00000328   Code   RO          845    .text.HAL_RCC_ClockConfig  lto-llvm-71b38c.o
    0x08004004   0x0000000c   Code   RO          851    .text.HAL_RCC_GetHCLKFreq  lto-llvm-71b38c.o
    0x08004010   0x00000026   Code   RO          853    .text.HAL_RCC_GetPCLK1Freq  lto-llvm-71b38c.o
    0x08004036   0x00000002   PAD
    0x08004038   0x00000026   Code   RO          855    .text.HAL_RCC_GetPCLK2Freq  lto-llvm-71b38c.o
    0x0800405e   0x00000002   PAD
    0x08004060   0x000000f8   Code   RO          849    .text.HAL_RCC_GetSysClockFreq  lto-llvm-71b38c.o
    0x08004158   0x000007ae   Code   RO          843    .text.HAL_RCC_OscConfig  lto-llvm-71b38c.o
    0x08004906   0x00000002   PAD
    0x08004908   0x00000036   Code   RO          779    .text.HAL_SYSTICK_CLKSourceConfig  lto-llvm-71b38c.o
    0x0800493e   0x00000002   PAD
    0x08004940   0x00000010   Code   RO          775    .text.HAL_SYSTICK_Config  lto-llvm-71b38c.o
    0x08004950   0x0000007c   Code   RO          915    .text.HAL_UARTEx_DisableFifoMode  lto-llvm-71b38c.o
    0x080049cc   0x0000000c   Code   RO          873    .text.HAL_UARTEx_RxEventCallback  lto-llvm-71b38c.o
    0x080049d8   0x00000008   Code   RO          909    .text.HAL_UARTEx_RxFifoFullCallback  lto-llvm-71b38c.o
    0x080049e0   0x0000008e   Code   RO          919    .text.HAL_UARTEx_SetRxFifoThreshold  lto-llvm-71b38c.o
    0x08004a6e   0x00000002   PAD
    0x08004a70   0x0000008e   Code   RO          917    .text.HAL_UARTEx_SetTxFifoThreshold  lto-llvm-71b38c.o
    0x08004afe   0x00000002   PAD
    0x08004b00   0x00000008   Code   RO          911    .text.HAL_UARTEx_TxFifoEmptyCallback  lto-llvm-71b38c.o
    0x08004b08   0x00000008   Code   RO          907    .text.HAL_UARTEx_WakeupCallback  lto-llvm-71b38c.o
    0x08004b10   0x00000132   Code   RO          897    .text.HAL_UART_AbortReceive  lto-llvm-71b38c.o
    0x08004c42   0x00000002   PAD
    0x08004c44   0x00000122   Code   RO          989    .text.HAL_UART_ErrorCallback  lto-llvm-71b38c.o
    0x08004d66   0x00000002   PAD
    0x08004d68   0x0000000e   Code   RO          905    .text.HAL_UART_GetError  lto-llvm-71b38c.o
    0x08004d76   0x00000002   PAD
    0x08004d78   0x00000596   Code   RO          899    .text.HAL_UART_IRQHandler  lto-llvm-71b38c.o
    0x0800530e   0x00000002   PAD
    0x08005310   0x000000aa   Code   RO          859    .text.HAL_UART_Init  lto-llvm-71b38c.o
    0x080053ba   0x00000002   PAD
    0x080053bc   0x00000432   Code   RO          743    .text.HAL_UART_MspInit  lto-llvm-71b38c.o
    0x080057ee   0x00000002   PAD
    0x080057f0   0x000000a0   Code   RO          889    .text.HAL_UART_Receive_DMA  lto-llvm-71b38c.o
    0x08005890   0x0000001c   Code   RO          991    .text.HAL_UART_RxCpltCallback  lto-llvm-71b38c.o
    0x080058ac   0x0000001c   Code   RO          995    .text.HAL_UART_RxHalfCpltCallback  lto-llvm-71b38c.o
    0x080058c8   0x00000142   Code   RO          871    .text.HAL_UART_Transmit  lto-llvm-71b38c.o
    0x08005a0a   0x00000002   PAD
    0x08005a0c   0x0000010c   Code   RO          875    .text.HAL_UART_Transmit_DMA  lto-llvm-71b38c.o
    0x08005b18   0x00000008   Code   RO          887    .text.HAL_UART_TxCpltCallback  lto-llvm-71b38c.o
    0x08005b20   0x00000008   Code   RO          885    .text.HAL_UART_TxHalfCpltCallback  lto-llvm-71b38c.o
    0x08005b28   0x00000004   Code   RO          691    .text.HardFault_Handler  lto-llvm-71b38c.o
    0x08005b2c   0x00000010   Code   RO          963    .text.LL_LPUART_IsActiveFlag_TXE_TXFNF  lto-llvm-71b38c.o
    0x08005b3c   0x00000014   Code   RO          965    .text.LL_LPUART_TransmitData8  lto-llvm-71b38c.o
    0x08005b50   0x00000048   Code   RO          731    .text.LPUART1_IRQHandler  lto-llvm-71b38c.o
    0x08005b98   0x00000098   Code   RO          667    .text.MX_DMA_Init   lto-llvm-71b38c.o
    0x08005c30   0x00000156   Code   RO          669    .text.MX_FDCAN1_Init  lto-llvm-71b38c.o
    0x08005d86   0x00000002   PAD
    0x08005d88   0x00000156   Code   RO          671    .text.MX_FDCAN2_Init  lto-llvm-71b38c.o
    0x08005ede   0x00000002   PAD
    0x08005ee0   0x00000156   Code   RO          673    .text.MX_FDCAN3_Init  lto-llvm-71b38c.o
    0x08006036   0x00000002   PAD
    0x08006038   0x00000208   Code   RO          677    .text.MX_GPIO_Init  lto-llvm-71b38c.o
    0x08006240   0x00000080   Code   RO          735    .text.MX_LPUART1_UART_Init  lto-llvm-71b38c.o
    0x080062c0   0x00000082   Code   RO          737    .text.MX_UART4_Init  lto-llvm-71b38c.o
    0x08006342   0x00000002   PAD
    0x08006344   0x00000082   Code   RO          739    .text.MX_USART1_UART_Init  lto-llvm-71b38c.o
    0x080063c6   0x00000002   PAD
    0x080063c8   0x00000082   Code   RO          741    .text.MX_USART2_UART_Init  lto-llvm-71b38c.o
    0x0800644a   0x00000002   PAD
    0x0800644c   0x00000004   Code   RO          693    .text.MemManage_Handler  lto-llvm-71b38c.o
    0x08006450   0x00000004   Code   RO          689    .text.NMI_Handler   lto-llvm-71b38c.o
    0x08006454   0x00000062   Code   RO          767    .text.NVIC_EncodePriority  lto-llvm-71b38c.o
    0x080064b6   0x0000000a   PAD
    0x080064c0   0x00000064   Code   RO         1017    .text.PendSV_Handler  lto-llvm-71b38c.o
    0x08006524   0x00000098   Code   RO          847    .text.RCC_GetSysClockFreqFromPLLSource  lto-llvm-71b38c.o
    0x080065bc   0x00000004   PAD
    0x080065c0   0x00000024   Code   RO         1013    .text.SVC_Handler   lto-llvm-71b38c.o
    0x080065e4   0x00000052   Code   RO          777    .text.SysTick_Config  lto-llvm-71b38c.o
    0x08006636   0x00000002   PAD
    0x08006638   0x00000018   Code   RO          701    .text.SysTick_Handler  lto-llvm-71b38c.o
    0x08006650   0x00000072   Code   RO          683    .text.SystemClock_Config  lto-llvm-71b38c.o
    0x080066c2   0x00000002   PAD
    0x080066c4   0x00000012   Code   RO          733    .text.SystemInit    lto-llvm-71b38c.o
    0x080066d6   0x00000002   PAD
    0x080066d8   0x00000010   Code   RO          721    .text.UART4_IRQHandler  lto-llvm-71b38c.o
    0x080066e8   0x00000086   Code   RO          913    .text.UARTEx_SetNbDataToProcess  lto-llvm-71b38c.o
    0x0800676e   0x00000002   PAD
    0x08006770   0x00000148   Code   RO          861    .text.UART_AdvFeatureConfig  lto-llvm-71b38c.o
    0x080068b8   0x0000013a   Code   RO          865    .text.UART_CheckIdleState  lto-llvm-71b38c.o
    0x080069f2   0x00000002   PAD
    0x080069f4   0x00000016   Code   RO          901    .text.UART_DMAAbortOnError  lto-llvm-71b38c.o
    0x08006a0a   0x00000002   PAD
    0x08006a0c   0x00000070   Code   RO          881    .text.UART_DMAError  lto-llvm-71b38c.o
    0x08006a7c   0x0000012e   Code   RO          893    .text.UART_DMAReceiveCplt  lto-llvm-71b38c.o
    0x08006baa   0x00000002   PAD
    0x08006bac   0x0000006e   Code   RO          895    .text.UART_DMARxHalfCplt  lto-llvm-71b38c.o
    0x08006c1a   0x00000002   PAD
    0x08006c1c   0x0000007c   Code   RO          877    .text.UART_DMATransmitCplt  lto-llvm-71b38c.o
    0x08006c98   0x00000016   Code   RO          879    .text.UART_DMATxHalfCplt  lto-llvm-71b38c.o
    0x08006cae   0x00000002   PAD
    0x08006cb0   0x0000009e   Code   RO          869    .text.UART_EndRxTransfer  lto-llvm-71b38c.o
    0x08006d4e   0x00000002   PAD
    0x08006d50   0x00000044   Code   RO          903    .text.UART_EndTransmit_IT  lto-llvm-71b38c.o
    0x08006d94   0x0000005c   Code   RO          883    .text.UART_EndTxTransfer  lto-llvm-71b38c.o
    0x08006df0   0x00000598   Code   RO          863    .text.UART_SetConfig  lto-llvm-71b38c.o
    0x08007388   0x0000012e   Code   RO          891    .text.UART_Start_Receive_DMA  lto-llvm-71b38c.o
    0x080074b6   0x00000002   PAD
    0x080074b8   0x00000108   Code   RO          867    .text.UART_WaitOnFlagUntilTimeout  lto-llvm-71b38c.o
    0x080075c0   0x00000048   Code   RO          719    .text.USART1_IRQHandler  lto-llvm-71b38c.o
    0x08007608   0x00000004   Code   RO          697    .text.UsageFault_Handler  lto-llvm-71b38c.o
    0x0800760c   0x00000032   Code   RO          773    .text.__NVIC_EnableIRQ  lto-llvm-71b38c.o
    0x0800763e   0x00000002   PAD
    0x08007640   0x00000010   Code   RO          765    .text.__NVIC_GetPriorityGrouping  lto-llvm-71b38c.o
    0x08007650   0x00000042   Code   RO          769    .text.__NVIC_SetPriority  lto-llvm-71b38c.o
    0x08007692   0x00000002   PAD
    0x08007694   0x0000003c   Code   RO          761    .text.__NVIC_SetPriorityGrouping  lto-llvm-71b38c.o
    0x080076d0   0x0000002e   Code   RO          961    .text.__io_putchar_uart  lto-llvm-71b38c.o
    0x080076fe   0x00000002   PAD
    0x08007700   0x0000000e   Code   RO          975    .text._sys_exit     lto-llvm-71b38c.o
    0x0800770e   0x00000002   PAD
    0x08007710   0x0000000c   Code   RO          935    .text.bsp_init      lto-llvm-71b38c.o
    0x0800771c   0x00000182   Code   RO          937    .text.can_list_add_can  lto-llvm-71b38c.o
    0x0800789e   0x00000002   PAD
    0x080078a0   0x00000142   Code   RO          939    .text.can_list_polling_task  lto-llvm-71b38c.o
    0x080079e2   0x00000002   PAD
    0x080079e4   0x00000046   Code   RO          945    .text.delay_init    lto-llvm-71b38c.o
    0x08007a2a   0x00000002   PAD
    0x08007a2c   0x0000005a   Code   RO          955    .text.emm42_en_control  lto-llvm-71b38c.o
    0x08007a86   0x00000002   PAD
    0x08007a88   0x000000a0   Code   RO          947    .text.emm42_motor_init  lto-llvm-71b38c.o
    0x08007b28   0x00000074   Code   RO          957    .text.emm42_vel_control  lto-llvm-71b38c.o
    0x08007b9c   0x00000044   Code   RO          959    .text.fputc         lto-llvm-71b38c.o
    0x08007be0   0x0000002e   Code   RO          921    .text.freertos_start  lto-llvm-71b38c.o
    0x08007c0e   0x00000002   PAD
    0x08007c10   0x00000022   Code   RO         1145    .text.is_pow_of_2   lto-llvm-71b38c.o
    0x08007c32   0x00000002   PAD
    0x08007c34   0x00000166   Code   RO          679    .text.key_scan      lto-llvm-71b38c.o
    0x08007d9a   0x00000002   PAD
    0x08007d9c   0x0000003e   Code   RO          681    .text.main          lto-llvm-71b38c.o
    0x08007dda   0x00000002   PAD
    0x08007ddc   0x0000003a   Code   RO         1147    .text.pow2gt        lto-llvm-71b38c.o
    0x08007e16   0x00000002   PAD
    0x08007e18   0x00000130   Code   RO         1085    .text.prvAddCurrentTaskToDelayedList  lto-llvm-71b38c.o
    0x08007f48   0x00000160   Code   RO         1071    .text.prvAddNewTaskToReadyList  lto-llvm-71b38c.o
    0x080080a8   0x00000076   Code   RO         1123    .text.prvCheckForValidListAndQueue  lto-llvm-71b38c.o
    0x0800811e   0x00000002   PAD
    0x08008120   0x0000005a   Code   RO         1099    .text.prvCheckTasksWaitingTermination  lto-llvm-71b38c.o
    0x0800817a   0x00000002   PAD
    0x0800817c   0x00000042   Code   RO         1059    .text.prvCopyDataFromQueue  lto-llvm-71b38c.o
    0x080081be   0x00000002   PAD
    0x080081c0   0x000000cc   Code   RO         1047    .text.prvCopyDataToQueue  lto-llvm-71b38c.o
    0x0800828c   0x00000092   Code   RO         1095    .text.prvCreateIdleTasks  lto-llvm-71b38c.o
    0x0800831e   0x00000002   PAD
    0x08008320   0x00000086   Code   RO         1069    .text.prvCreateTask  lto-llvm-71b38c.o
    0x080083a6   0x00000002   PAD
    0x080083a8   0x00000018   Code   RO         1081    .text.prvDeleteTCB  lto-llvm-71b38c.o
    0x080083c0   0x00000040   Code   RO         1127    .text.prvGetNextExpireTime  lto-llvm-71b38c.o
    0x08008400   0x000000ae   Code   RO         1035    .text.prvHeapInit   lto-llvm-71b38c.o
    0x080084ae   0x00000002   PAD
    0x080084b0   0x00000038   Code   RO         1097    .text.prvIdleTask   lto-llvm-71b38c.o
    0x080084e8   0x0000004c   Code   RO         1045    .text.prvInitialiseNewQueue  lto-llvm-71b38c.o
    0x08008534   0x00000124   Code   RO         1075    .text.prvInitialiseNewTask  lto-llvm-71b38c.o
    0x08008658   0x0000008a   Code   RO         1073    .text.prvInitialiseTaskLists  lto-llvm-71b38c.o
    0x080086e2   0x00000002   PAD
    0x080086e4   0x000000c6   Code   RO         1037    .text.prvInsertBlockIntoFreeList  lto-llvm-71b38c.o
    0x080087aa   0x00000002   PAD
    0x080087ac   0x00000086   Code   RO         1135    .text.prvInsertTimerInActiveList  lto-llvm-71b38c.o
    0x08008832   0x00000002   PAD
    0x08008834   0x00000028   Code   RO         1053    .text.prvIsQueueEmpty  lto-llvm-71b38c.o
    0x0800885c   0x000000e4   Code   RO         1049    .text.prvNotifyQueueSetContainer  lto-llvm-71b38c.o
    0x08008940   0x00000028   Code   RO         1023    .text.prvPortStartFirstTask  lto-llvm-71b38c.o
    0x08008968   0x00000054   Code   RO         1141    .text.prvProcessExpiredTimer  lto-llvm-71b38c.o
    0x080089bc   0x0000017c   Code   RO         1131    .text.prvProcessReceivedCommands  lto-llvm-71b38c.o
    0x08008b38   0x0000009a   Code   RO         1129    .text.prvProcessTimerOrBlockTask  lto-llvm-71b38c.o
    0x08008bd2   0x00000002   PAD
    0x08008bd4   0x00000034   Code   RO         1137    .text.prvReloadTimer  lto-llvm-71b38c.o
    0x08008c08   0x0000003c   Code   RO         1079    .text.prvResetNextTaskUnblockTime  lto-llvm-71b38c.o
    0x08008c44   0x00000044   Code   RO         1133    .text.prvSampleTimeNow  lto-llvm-71b38c.o
    0x08008c88   0x00000052   Code   RO         1139    .text.prvSwitchTimerLists  lto-llvm-71b38c.o
    0x08008cda   0x00000002   PAD
    0x08008cdc   0x00000048   Code   RO         1011    .text.prvTaskExitError  lto-llvm-71b38c.o
    0x08008d24   0x0000001e   Code   RO         1125    .text.prvTimerTask  lto-llvm-71b38c.o
    0x08008d42   0x00000002   PAD
    0x08008d44   0x000000d0   Code   RO         1051    .text.prvUnlockQueue  lto-llvm-71b38c.o
    0x08008e14   0x000001b8   Code   RO         1033    .text.pvPortMalloc  lto-llvm-71b38c.o
    0x08008fcc   0x0000005e   Code   RO         1009    .text.pxPortInitialiseStack  lto-llvm-71b38c.o
    0x0800902a   0x00000002   PAD
    0x0800902c   0x000000b8   Code   RO         1143    .text.ring_fifo_init  lto-llvm-71b38c.o
    0x080090e4   0x0000011a   Code   RO         1151    .text.ring_fifo_read  lto-llvm-71b38c.o
    0x080091fe   0x00000002   PAD
    0x08009200   0x00000124   Code   RO         1149    .text.ring_fifo_write  lto-llvm-71b38c.o
    0x08009324   0x00000016   Code   RO          953    .text.rs485_rx      lto-llvm-71b38c.o
    0x0800933a   0x00000002   PAD
    0x0800933c   0x00000016   Code   RO          951    .text.rs485_tx      lto-llvm-71b38c.o
    0x08009352   0x00000002   PAD
    0x08009354   0x0000002c   Code   RO          949    .text.send_frame    lto-llvm-71b38c.o
    0x08009380   0x000000a8   Code   RO          923    .text.start_task    lto-llvm-71b38c.o
    0x08009428   0x0000003a   Code   RO          925    .text.task1         lto-llvm-71b38c.o
    0x08009462   0x00000002   PAD
    0x08009464   0x0000004e   Code   RO          927    .text.task2         lto-llvm-71b38c.o
    0x080094b2   0x00000002   PAD
    0x080094b4   0x0000006a   Code   RO          929    .text.task3         lto-llvm-71b38c.o
    0x0800951e   0x00000002   PAD
    0x08009520   0x00000034   Code   RO          931    .text.task4         lto-llvm-71b38c.o
    0x08009554   0x0000008a   Code   RO          993    .text.uart_dmarx_done_callback  lto-llvm-71b38c.o
    0x080095de   0x00000002   PAD
    0x080095e0   0x00000064   Code   RO          997    .text.uart_dmarx_halfdone_callback  lto-llvm-71b38c.o
    0x08009644   0x00000066   Code   RO          987    .text.uart_dmarx_idle_callback  lto-llvm-71b38c.o
    0x080096aa   0x00000002   PAD
    0x080096ac   0x00000050   Code   RO          985    .text.uart_dmarx_read  lto-llvm-71b38c.o
    0x080096fc   0x0000017a   Code   RO          977    .text.uart_ex_init  lto-llvm-71b38c.o
    0x08009876   0x00000002   PAD
    0x08009878   0x000000ac   Code   RO          983    .text.uart_printf   lto-llvm-71b38c.o
    0x08009924   0x0000004a   Code   RO          979    .text.uart_rx_identify  lto-llvm-71b38c.o
    0x0800996e   0x00000002   PAD
    0x08009970   0x0000004a   Code   RO          981    .text.uart_tx_identify  lto-llvm-71b38c.o
    0x080099ba   0x00000002   PAD
    0x080099bc   0x00000048   Code   RO         1007    .text.uxListRemove  lto-llvm-71b38c.o
    0x08009a04   0x0000000c   Code   RO         1103    .text.uxTaskGetNumberOfTasks  lto-llvm-71b38c.o
    0x08009a10   0x00000024   Code   RO          933    .text.vAssertCalled  lto-llvm-71b38c.o
    0x08009a34   0x0000002e   Code   RO          999    .text.vListInitialise  lto-llvm-71b38c.o
    0x08009a62   0x00000002   PAD
    0x08009a64   0x0000000e   Code   RO         1001    .text.vListInitialiseItem  lto-llvm-71b38c.o
    0x08009a72   0x00000002   PAD
    0x08009a74   0x0000006a   Code   RO         1005    .text.vListInsert   lto-llvm-71b38c.o
    0x08009ade   0x00000002   PAD
    0x08009ae0   0x00000042   Code   RO         1003    .text.vListInsertEnd  lto-llvm-71b38c.o
    0x08009b22   0x00000002   PAD
    0x08009b24   0x00000014   Code   RO         1021    .text.vPortEnableVFP  lto-llvm-71b38c.o
    0x08009b38   0x00000054   Code   RO         1025    .text.vPortEnterCritical  lto-llvm-71b38c.o
    0x08009b8c   0x00000048   Code   RO         1027    .text.vPortExitCritical  lto-llvm-71b38c.o
    0x08009bd4   0x000000b2   Code   RO         1039    .text.vPortFree     lto-llvm-71b38c.o
    0x08009c86   0x00000002   PAD
    0x08009c88   0x00000044   Code   RO         1019    .text.vPortSetupTimerInterrupt  lto-llvm-71b38c.o
    0x08009ccc   0x0000007e   Code   RO         1031    .text.vPortValidateInterruptPriority  lto-llvm-71b38c.o
    0x08009d4a   0x00000002   PAD
    0x08009d4c   0x000000be   Code   RO         1061    .text.vQueueAddToRegistry  lto-llvm-71b38c.o
    0x08009e0a   0x00000002   PAD
    0x08009e0c   0x00000064   Code   RO         1063    .text.vQueueWaitForMessageRestricted  lto-llvm-71b38c.o
    0x08009e70   0x0000006c   Code   RO         1091    .text.vTaskDelay    lto-llvm-71b38c.o
    0x08009edc   0x0000015e   Code   RO         1077    .text.vTaskDelete   lto-llvm-71b38c.o
    0x0800a03a   0x00000002   PAD
    0x0800a03c   0x00000024   Code   RO         1111    .text.vTaskInternalSetTimeOutState  lto-llvm-71b38c.o
    0x0800a060   0x0000000e   Code   RO         1115    .text.vTaskMissedYield  lto-llvm-71b38c.o
    0x0800a06e   0x00000002   PAD
    0x0800a070   0x0000003e   Code   RO         1105    .text.vTaskPlaceOnEventList  lto-llvm-71b38c.o
    0x0800a0ae   0x00000002   PAD
    0x0800a0b0   0x0000007c   Code   RO         1107    .text.vTaskPlaceOnEventListRestricted  lto-llvm-71b38c.o
    0x0800a12c   0x0000008c   Code   RO         1093    .text.vTaskStartScheduler  lto-llvm-71b38c.o
    0x0800a1b8   0x00000010   Code   RO         1083    .text.vTaskSuspendAll  lto-llvm-71b38c.o
    0x0800a1c8   0x000000cc   Code   RO         1065    .text.vTaskSwitchContext  lto-llvm-71b38c.o
    0x0800a294   0x000001d6   Code   RO         1015    .text.xPortStartScheduler  lto-llvm-71b38c.o
    0x0800a46a   0x00000002   PAD
    0x0800a46c   0x0000003e   Code   RO         1029    .text.xPortSysTickHandler  lto-llvm-71b38c.o
    0x0800a4aa   0x00000002   PAD
    0x0800a4ac   0x00000096   Code   RO         1043    .text.xQueueGenericCreate  lto-llvm-71b38c.o
    0x0800a542   0x00000002   PAD
    0x0800a544   0x000000fe   Code   RO         1041    .text.xQueueGenericReset  lto-llvm-71b38c.o
    0x0800a642   0x00000002   PAD
    0x0800a644   0x000001ac   Code   RO         1055    .text.xQueueGenericSendFromISR  lto-llvm-71b38c.o
    0x0800a7f0   0x000001c2   Code   RO         1057    .text.xQueueReceive  lto-llvm-71b38c.o
    0x0800a9b2   0x00000002   PAD
    0x0800a9b4   0x000000f4   Code   RO         1113    .text.xTaskCheckForTimeOut  lto-llvm-71b38c.o
    0x0800aaa8   0x00000056   Code   RO         1067    .text.xTaskCreate   lto-llvm-71b38c.o
    0x0800aafe   0x00000002   PAD
    0x0800ab00   0x00000038   Code   RO         1117    .text.xTaskGetSchedulerState  lto-llvm-71b38c.o
    0x0800ab38   0x00000014   Code   RO         1101    .text.xTaskGetTickCount  lto-llvm-71b38c.o
    0x0800ab4c   0x00000270   Code   RO         1089    .text.xTaskIncrementTick  lto-llvm-71b38c.o
    0x0800adbc   0x0000013c   Code   RO         1119    .text.xTaskPriorityDisinherit  lto-llvm-71b38c.o
    0x0800aef8   0x0000019e   Code   RO         1109    .text.xTaskRemoveFromEventList  lto-llvm-71b38c.o
    0x0800b096   0x00000002   PAD
    0x0800b098   0x0000024a   Code   RO         1087    .text.xTaskResumeAll  lto-llvm-71b38c.o
    0x0800b2e2   0x00000002   PAD
    0x0800b2e4   0x00000062   Code   RO         1121    .text.xTimerCreateTimerTask  lto-llvm-71b38c.o
    0x0800b346   0x0000003e   Code   RO          461    CL$$btod_d2e        c_w.l(btod.o)
    0x0800b384   0x00000046   Code   RO          463    CL$$btod_d2e_denorm_low  c_w.l(btod.o)
    0x0800b3ca   0x00000060   Code   RO          462    CL$$btod_d2e_norm_op1  c_w.l(btod.o)
    0x0800b42a   0x00000002   PAD
    0x0800b42c   0x00000338   Code   RO          471    CL$$btod_div_common  c_w.l(btod.o)
    0x0800b764   0x000000dc   Code   RO          468    CL$$btod_e2e        c_w.l(btod.o)
    0x0800b840   0x0000002a   Code   RO          465    CL$$btod_ediv       c_w.l(btod.o)
    0x0800b86a   0x0000002a   Code   RO          464    CL$$btod_emul       c_w.l(btod.o)
    0x0800b894   0x00000244   Code   RO          470    CL$$btod_mult_common  c_w.l(btod.o)
    0x0800bad8   0x00000030   Code   RO          519    i.__ARM_fpclassify  m_wm.l(fpclassify.o)
    0x0800bb08   0x0000000e   Code   RO          235    i._is_digit         c_w.l(__printf_wp.o)
    0x0800bb16   0x00000002   PAD
    0x0800bb18   0x0000002c   Code   RO          489    locale$$code        c_w.l(lc_numeric_c.o)
    0x0800bb44   0x0000002c   Code   RO          544    locale$$code        c_w.l(lc_ctype_c.o)
    0x0800bb70   0x0000001a   Code   RO          431    x$fpl$fpinit        fz_wm.l(fpinit.o)
    0x0800bb8a   0x00000004   Code   RO          339    x$fpl$printf1       fz_wm.l(printf1.o)
    0x0800bb8e   0x00000004   Code   RO          341    x$fpl$printf2       fz_wm.l(printf2.o)
    0x0800bb92   0x00000000   Code   RO          349    x$fpl$usenofp       fz_wm.l(usenofp.o)
    0x0800bb92   0x00000002   PAD
    0x0800bb94   0x00000008   Data   RO          194    .constdata          c_w.l(_printf_wctomb.o)
    0x0800bb9c   0x00000028   Data   RO          223    .constdata          c_w.l(_printf_hex_int_ll_ptr.o)
    0x0800bbc4   0x00000011   Data   RO          243    .constdata          c_w.l(__printf_flags_ss_wp.o)
    0x0800bbd5   0x00000026   Data   RO          391    .constdata          c_w.l(_printf_fp_hex.o)
    0x0800bbfb   0x00000001   PAD
    0x0800bbfc   0x00000094   Data   RO          459    .constdata          c_w.l(bigflt0.o)
    0x0800bc90   0x00000018   Data   RO         1171    .rodata.UARTPrescTable  lto-llvm-71b38c.o
    0x0800bca8   0x00000020   Data   RO         1168    .rodata.cst16       lto-llvm-71b38c.o
    0x0800bcc8   0x00000018   Data   RO         1170    .rodata.cst8        lto-llvm-71b38c.o
    0x0800bce0   0x000001d5   Data   RO         1172    .rodata.str1.1      lto-llvm-71b38c.o
    0x0800beb5   0x00000003   PAD
    0x0800beb8   0x00000004   Data   RO         1226    .rodata.uxTopUsedPriority  lto-llvm-71b38c.o
    0x0800bebc   0x00000020   Data   RO         1261    Region$$Table       anon$$obj.o
    0x0800bedc   0x0000001c   Data   RO          488    locale$$data        c_w.l(lc_numeric_c.o)
    0x0800bef8   0x00000110   Data   RO          543    locale$$data        c_w.l(lc_ctype_c.o)


    Execution Region RW_IRAM1 (Base: 0x20000000, Size: 0x00005cd8, Max: 0x00020000, ABSOLUTE)

    Base Addr    Size         Type   Attr      Idx    E Section Name        Object

    0x20000000   0x00000004   Data   RW         1200    .data.SystemCoreClock  lto-llvm-71b38c.o
    0x20000004   0x00000018   Data   RW         1193    .data.lpuart1_rx_fifo  lto-llvm-71b38c.o
    0x2000001c   0x0000000c   Data   RW         1195    .data.lpuart1_tx_buf  lto-llvm-71b38c.o
    0x20000028   0x00000018   Data   RW         1194    .data.usart1_rx_fifo  lto-llvm-71b38c.o
    0x20000040   0x0000000c   Data   RW         1196    .data.usart1_tx_buf  lto-llvm-71b38c.o
    0x2000004c   0x00000004   Data   RW         1169    .data.uwTickPrio    lto-llvm-71b38c.o
    0x20000050   0x00000004   Data   RW         1199    .data.uxCriticalNesting  lto-llvm-71b38c.o
    0x20000054   0x00000004   PAD
    0x20000058   0x00000060   Zero   RW          355    .bss                c_w.l(libspace.o)
    0x200000b8   0x00000004   Zero   RW         1153    .bss.HAL_RCC_FDCAN_CLK_ENABLED  lto-llvm-71b38c.o
    0x200000bc   0x00000054   Zero   RW         1190    .bss.__stderr       lto-llvm-71b38c.o
    0x20000110   0x00000054   Zero   RW         1189    .bss.__stdout       lto-llvm-71b38c.o
    0x20000164   0x00000010   Zero   RW         1186    .bss.can_list_polling_task.call_rx_header  lto-llvm-71b38c.o
    0x20000174   0x00000040   Zero   RW         1185    .bss.can_list_polling_task.rx_data  lto-llvm-71b38c.o
    0x200001b4   0x00000028   Zero   RW         1184    .bss.can_list_polling_task.rx_header  lto-llvm-71b38c.o
    0x200001dc   0x00000004   Zero   RW         1182    .bss.can_list_queue_handle  lto-llvm-71b38c.o
    0x200001e0   0x00000004   Zero   RW         1183    .bss.can_list_task_handle  lto-llvm-71b38c.o
    0x200001e4   0x0000000c   Zero   RW         1181    .bss.can_table      lto-llvm-71b38c.o
    0x200001f0   0x00000028   Zero   RW         1188    .bss.emm42_motor_list  lto-llvm-71b38c.o
    0x20000218   0x00000060   Zero   RW         1161    .bss.hdma_lpuart1_rx  lto-llvm-71b38c.o
    0x20000278   0x00000060   Zero   RW         1162    .bss.hdma_lpuart1_tx  lto-llvm-71b38c.o
    0x200002d8   0x00000060   Zero   RW         1163    .bss.hdma_uart4_rx  lto-llvm-71b38c.o
    0x20000338   0x00000060   Zero   RW         1164    .bss.hdma_uart4_tx  lto-llvm-71b38c.o
    0x20000398   0x00000060   Zero   RW         1165    .bss.hdma_usart1_rx  lto-llvm-71b38c.o
    0x200003f8   0x00000060   Zero   RW         1166    .bss.hdma_usart1_tx  lto-llvm-71b38c.o
    0x20000458   0x00000064   Zero   RW         1156    .bss.hfdcan1        lto-llvm-71b38c.o
    0x200004bc   0x00000064   Zero   RW         1157    .bss.hfdcan2        lto-llvm-71b38c.o
    0x20000520   0x00000064   Zero   RW         1158    .bss.hfdcan3        lto-llvm-71b38c.o
    0x20000584   0x00000094   Zero   RW         1159    .bss.hlpuart1       lto-llvm-71b38c.o
    0x20000618   0x00000094   Zero   RW         1180    .bss.huart1         lto-llvm-71b38c.o
    0x200006ac   0x00000094   Zero   RW         1160    .bss.huart2         lto-llvm-71b38c.o
    0x20000740   0x00000094   Zero   RW         1179    .bss.huart4         lto-llvm-71b38c.o
    0x200007d4   0x00000001   Zero   RW         1154    .bss.key_scan.key_up  lto-llvm-71b38c.o
    0x200007d5   0x00000003   PAD
    0x200007d8   0x00000004   Zero   RW         1235    .bss.prvSampleTimeNow.xLastTime  lto-llvm-71b38c.o
    0x200007dc   0x00000004   Zero   RW         1209    .bss.pxCurrentTCB   lto-llvm-71b38c.o
    0x200007e0   0x00000004   Zero   RW         1233    .bss.pxCurrentTimerList  lto-llvm-71b38c.o
    0x200007e4   0x00000004   Zero   RW         1219    .bss.pxDelayedTaskList  lto-llvm-71b38c.o
    0x200007e8   0x00000004   Zero   RW         1201    .bss.pxEnd          lto-llvm-71b38c.o
    0x200007ec   0x00000004   Zero   RW         1220    .bss.pxOverflowDelayedTaskList  lto-llvm-71b38c.o
    0x200007f0   0x00000004   Zero   RW         1234    .bss.pxOverflowTimerList  lto-llvm-71b38c.o
    0x200007f4   0x00000280   Zero   RW         1210    .bss.pxReadyTasksLists  lto-llvm-71b38c.o
    0x20000a74   0x00000008   Zero   RW         1187    .bss.send_msg_from_isr  lto-llvm-71b38c.o
    0x20000a7c   0x00000004   Zero   RW         1173    .bss.start_task_handle  lto-llvm-71b38c.o
    0x20000a80   0x00000004   Zero   RW         1174    .bss.task1_handle   lto-llvm-71b38c.o
    0x20000a84   0x00000004   Zero   RW         1175    .bss.task2_handle   lto-llvm-71b38c.o
    0x20000a88   0x00000004   Zero   RW         1176    .bss.task3_handle   lto-llvm-71b38c.o
    0x20000a8c   0x0000001c   Zero   RW         1178    .bss.task4.demo_motor  lto-llvm-71b38c.o
    0x20000aa8   0x00000004   Zero   RW         1177    .bss.task4_handle   lto-llvm-71b38c.o
    0x20000aac   0x00000100   Zero   RW         1192    .bss.uart_buffer    lto-llvm-71b38c.o
    0x20000bac   0x00002000   Zero   RW         1207    .bss.ucHeap         lto-llvm-71b38c.o
    0x20002bac   0x00000001   Zero   RW         1197    .bss.ucMaxSysCallPriority  lto-llvm-71b38c.o
    0x20002bad   0x00000003   PAD
    0x20002bb0   0x00000004   Zero   RW         1198    .bss.ulMaxPRIGROUPValue  lto-llvm-71b38c.o
    0x20002bb4   0x00000004   Zero   RW         1167    .bss.uwTick         lto-llvm-71b38c.o
    0x20002bb8   0x00000004   Zero   RW         1216    .bss.uxCurrentNumberOfTasks  lto-llvm-71b38c.o
    0x20002bbc   0x00000004   Zero   RW         1215    .bss.uxDeletedTasksWaitingCleanUp  lto-llvm-71b38c.o
    0x20002bc0   0x00000004   Zero   RW         1217    .bss.uxSchedulerSuspended  lto-llvm-71b38c.o
    0x20002bc4   0x00000004   Zero   RW         1212    .bss.uxTaskNumber   lto-llvm-71b38c.o
    0x20002bc8   0x00000004   Zero   RW         1211    .bss.uxTopReadyPriority  lto-llvm-71b38c.o
    0x20002bcc   0x00000014   Zero   RW         1236    .bss.xActiveTimerList1  lto-llvm-71b38c.o
    0x20002be0   0x00000014   Zero   RW         1237    .bss.xActiveTimerList2  lto-llvm-71b38c.o
    0x20002bf4   0x00000014   Zero   RW         1229    .bss.xDelayedTaskList1  lto-llvm-71b38c.o
    0x20002c08   0x00000014   Zero   RW         1230    .bss.xDelayedTaskList2  lto-llvm-71b38c.o
    0x20002c1c   0x00000004   Zero   RW         1202    .bss.xFreeBytesRemaining  lto-llvm-71b38c.o
    0x20002c20   0x00000004   Zero   RW         1225    .bss.xIdleTaskHandles  lto-llvm-71b38c.o
    0x20002c24   0x00000004   Zero   RW         1204    .bss.xMinimumEverFreeBytesRemaining  lto-llvm-71b38c.o
    0x20002c28   0x00000004   Zero   RW         1224    .bss.xNextTaskUnblockTime  lto-llvm-71b38c.o
    0x20002c2c   0x00000004   Zero   RW         1228    .bss.xNumOfOverflows  lto-llvm-71b38c.o
    0x20002c30   0x00000004   Zero   RW         1205    .bss.xNumberOfSuccessfulAllocations  lto-llvm-71b38c.o
    0x20002c34   0x00000004   Zero   RW         1206    .bss.xNumberOfSuccessfulFrees  lto-llvm-71b38c.o
    0x20002c38   0x00000004   Zero   RW         1227    .bss.xPendedTicks   lto-llvm-71b38c.o
    0x20002c3c   0x00000014   Zero   RW         1221    .bss.xPendingReadyList  lto-llvm-71b38c.o
    0x20002c50   0x00000040   Zero   RW         1208    .bss.xQueueRegistry  lto-llvm-71b38c.o
    0x20002c90   0x00000004   Zero   RW         1213    .bss.xSchedulerRunning  lto-llvm-71b38c.o
    0x20002c94   0x00000008   Zero   RW         1203    .bss.xStart         lto-llvm-71b38c.o
    0x20002c9c   0x00000014   Zero   RW         1222    .bss.xSuspendedTaskList  lto-llvm-71b38c.o
    0x20002cb0   0x00000014   Zero   RW         1214    .bss.xTasksWaitingTermination  lto-llvm-71b38c.o
    0x20002cc4   0x00000004   Zero   RW         1218    .bss.xTickCount     lto-llvm-71b38c.o
    0x20002cc8   0x00000004   Zero   RW         1231    .bss.xTimerQueue    lto-llvm-71b38c.o
    0x20002ccc   0x00000004   Zero   RW         1232    .bss.xTimerTaskHandle  lto-llvm-71b38c.o
    0x20002cd0   0x00000004   Zero   RW         1223    .bss.xYieldPendings  lto-llvm-71b38c.o
    0x20002cd4   0x00000004   PAD
    0x20002cd8   0x00002000   Zero   RW           10    HEAP                startup_stm32g474xx.o
    0x20004cd8   0x00001000   Zero   RW            9    STACK               startup_stm32g474xx.o


==============================================================================

Image component sizes


      Code (inc. data)   RO Data    RW Data    ZI Data      Debug   Object Name

     39048         78        553         84      11286     127804   lto-llvm-71b38c.o
        64         26        472          0      12288        940   startup_stm32g474xx.o

    ----------------------------------------------------------------------
     39346        104       1060         84      23588     128744   Object Totals
         0          0         32          0          0          0   (incl. Generated)
       234          0          3          0         14          0   (incl. Padding)

    ----------------------------------------------------------------------

      Code (inc. data)   RO Data    RW Data    ZI Data      Debug   Library Member Name

         8          0          0          0          0         68   __main.o
       392          4         17          0          0         92   __printf_flags_ss_wp.o
        14          0          0          0          0         68   __printf_wp.o
         0          0          0          0          0          0   __rtentry.o
        12          0          0          0          0          0   __rtentry2.o
         6          0          0          0          0          0   __rtentry4.o
        52          8          0          0          0          0   __scatter.o
        26          0          0          0          0          0   __scatter_copy.o
        28          0          0          0          0          0   __scatter_zi.o
        72          0          0          0          0         96   _c16rtomb.o
         6          0          0          0          0          0   _printf_a.o
         6          0          0          0          0          0   _printf_c.o
        44          0          0          0          0        108   _printf_char.o
        48          6          0          0          0         96   _printf_char_common.o
        36          4          0          0          0         80   _printf_char_file.o
        40          0          0          0          0         68   _printf_charcount.o
         6          0          0          0          0          0   _printf_d.o
       120         16          0          0          0         92   _printf_dec.o
         6          0          0          0          0          0   _printf_e.o
         6          0          0          0          0          0   _printf_f.o
      1052          0          0          0          0        148   _printf_fp_dec.o
       764          8         38          0          0        100   _printf_fp_hex.o
       128         16          0          0          0         84   _printf_fp_infnan.o
         6          0          0          0          0          0   _printf_g.o
       148          4         40          0          0        160   _printf_hex_int_ll_ptr.o
         6          0          0          0          0          0   _printf_i.o
       178          0          0          0          0         88   _printf_intcommon.o
        10          0          0          0          0          0   _printf_l.o
         6          0          0          0          0          0   _printf_lc.o
        10          0          0          0          0          0   _printf_ll.o
         6          0          0          0          0          0   _printf_lld.o
         6          0          0          0          0          0   _printf_lli.o
         6          0          0          0          0          0   _printf_llo.o
         6          0          0          0          0          0   _printf_llu.o
         6          0          0          0          0          0   _printf_llx.o
       124         16          0          0          0         92   _printf_longlong_dec.o
         6          0          0          0          0          0   _printf_ls.o
         6          0          0          0          0          0   _printf_n.o
         6          0          0          0          0          0   _printf_o.o
       112          8          0          0          0        124   _printf_oct_int_ll.o
         6          0          0          0          0          0   _printf_p.o
        78          0          0          0          0        108   _printf_pad.o
         0          0          0          0          0          0   _printf_percent.o
         4          0          0          0          0          0   _printf_percent_end.o
         6          0          0          0          0          0   _printf_s.o
        82          0          0          0          0         80   _printf_str.o
        36          0          0          0          0         84   _printf_truncate.o
         6          0          0          0          0          0   _printf_u.o
        44          0          0          0          0        108   _printf_wchar.o
       188          6          8          0          0         92   _printf_wctomb.o
         6          0          0          0          0          0   _printf_x.o
        16          0          0          0          0         68   _snputc.o
        16          0          0          0          0         68   aeabi_memset4.o
       228          4        148          0          0         96   bigflt0.o
      1936        128          0          0          0        668   btod.o
        40          0          0          0          0         80   calloc.o
        10          0          0          0          0         68   defsig_exit.o
        50          0          0          0          0         88   defsig_general.o
        80         58          0          0          0         76   defsig_rtmem_inner.o
        14          0          0          0          0         80   defsig_rtmem_outer.o
        18          0          0          0          0         80   exit.o
         8          0          0          0          0         68   ferror.o
        20          0          0          0          0         84   fprintf.o
        94          0          0          0          0         80   h1_alloc.o
        52          0          0          0          0         68   h1_extend.o
        78          0          0          0          0         80   h1_free.o
        12          0          0          0          0         84   h1_init.o
         6          0          0          0          0        152   heapauxi.o
         4          0          0          0          0        136   hguard.o
         0          0          0          0          0          0   indicate_semi.o
       138          0          0          0          0        168   init_alloc.o
        44         10        272          0          0         76   lc_ctype_c.o
        44         10         28          0          0         76   lc_numeric_c.o
         2          0          0          0          0          0   libinit.o
        42          0          0          0          0          0   libinit2.o
         2          0          0          0          0          0   libshutdown.o
         2          0          0          0          0          0   libshutdown2.o
         8          4          0          0         96         68   libspace.o
       138          0          0          0          0         80   lludiv10.o
       240          0          0          0          0        100   lludivv7m.o
         0          0          0          0          0          0   maybetermalloc1.o
        24          4          0          0          0         84   printf.o
        16          4          0          0          0         76   rt_ctype_table.o
         8          4          0          0          0         68   rt_heap_descriptor_intlibspace.o
         8          4          0          0          0         68   rt_locale_intlibspace.o
        68          0          0          0          0         68   rt_memclr.o
        78          0          0          0          0         80   rt_memclr_w.o
       138          0          0          0          0         68   rt_memcpy_v6.o
       100          0          0          0          0         80   rt_memcpy_w.o
         2          0          0          0          0          0   rtexit.o
        10          0          0          0          0          0   rtexit2.o
       124          0          0          0          0         88   strcmpv7em.o
        62          0          0          0          0         76   strlen.o
        74          0          0          0          0         80   sys_stackheap_outer.o
        14          0          0          0          0         76   sys_wrch.o
         2          0          0          0          0         68   use_no_semi.o
        60          4          0          0          0         80   vsnprintf.o
        26          0          0          0          0        116   fpinit.o
         4          0          0          0          0        116   printf1.o
         4          0          0          0          0        116   printf2.o
         0          0          0          0          0          0   usenofp.o
        48          0          0          0          0        124   fpclassify.o

    ----------------------------------------------------------------------
      8202        330        552          0         96       6260   Library Totals
        14          0          1          0          0          0   (incl. Padding)

    ----------------------------------------------------------------------

      Code (inc. data)   RO Data    RW Data    ZI Data      Debug   Library Name

      8106        330        551          0         96       5788   c_w.l
        34          0          0          0          0        348   fz_wm.l
        48          0          0          0          0        124   m_wm.l

    ----------------------------------------------------------------------
      8202        330        552          0         96       6260   Library Totals

    ----------------------------------------------------------------------

==============================================================================


      Code (inc. data)   RO Data    RW Data    ZI Data      Debug   

     47548        434       1612         84      23684     131528   Grand Totals
     47548        434       1612         84      23684     131528   ELF Image Totals
     47548        434       1612         84          0          0   ROM Totals

==============================================================================

    Total RO  Size (Code + RO Data)                49160 (  48.01kB)
    Total RW  Size (RW Data + ZI Data)             23768 (  23.21kB)
    Total ROM Size (Code + RO Data + RW Data)      49244 (  48.09kB)

==============================================================================

